Archive member included to satisfy reference by file (symbol)

.\CortexM3\ARM_GCC_541\Debug\Design01.a(Motor_1_PWM.o)
                              .\CortexM3\ARM_GCC_541\Debug\main.o (Motor_1_PWM_WriteCompare)
.\CortexM3\ARM_GCC_541\Debug\Design01.a(Motor_2_PWM.o)
                              .\CortexM3\ARM_GCC_541\Debug\main.o (Motor_2_PWM_WriteCompare)
.\CortexM3\ARM_GCC_541\Debug\Design01.a(QuadDec_1.o)
                              .\CortexM3\ARM_GCC_541\Debug\main.o (QuadDec_1_GetCounter)
.\CortexM3\ARM_GCC_541\Debug\Design01.a(QuadDec_1_INT.o)
                              .\CortexM3\ARM_GCC_541\Debug\Design01.a(QuadDec_1.o) (QuadDec_1_ISR)
.\CortexM3\ARM_GCC_541\Debug\Design01.a(QuadDec_2.o)
                              .\CortexM3\ARM_GCC_541\Debug\main.o (QuadDec_2_GetCounter)
.\CortexM3\ARM_GCC_541\Debug\Design01.a(QuadDec_2_INT.o)
                              .\CortexM3\ARM_GCC_541\Debug\Design01.a(QuadDec_2.o) (QuadDec_2_ISR)
.\CortexM3\ARM_GCC_541\Debug\Design01.a(Motor_1_IN1.o)
                              .\CortexM3\ARM_GCC_541\Debug\main.o (Motor_1_IN1_Write)
.\CortexM3\ARM_GCC_541\Debug\Design01.a(Motor_1_IN2.o)
                              .\CortexM3\ARM_GCC_541\Debug\main.o (Motor_1_IN2_Write)
.\CortexM3\ARM_GCC_541\Debug\Design01.a(Motor_2_IN1.o)
                              .\CortexM3\ARM_GCC_541\Debug\main.o (Motor_2_IN1_Write)
.\CortexM3\ARM_GCC_541\Debug\Design01.a(Motor_2_IN2.o)
                              .\CortexM3\ARM_GCC_541\Debug\main.o (Motor_2_IN2_Write)
.\CortexM3\ARM_GCC_541\Debug\Design01.a(QuadDec_1_Cnt16.o)
                              .\CortexM3\ARM_GCC_541\Debug\Design01.a(QuadDec_1.o) (QuadDec_1_Cnt16_Stop)
.\CortexM3\ARM_GCC_541\Debug\Design01.a(QuadDec_2_Cnt16.o)
                              .\CortexM3\ARM_GCC_541\Debug\Design01.a(QuadDec_2.o) (QuadDec_2_Cnt16_Stop)
.\CortexM3\ARM_GCC_541\Debug\Design01.a(CyLib.o)
                              .\CortexM3\ARM_GCC_541\Debug\Cm3Start.o (CyHalt)
.\CortexM3\ARM_GCC_541\Debug\Design01.a(cyPm.o)
                              .\CortexM3\ARM_GCC_541\Debug\Design01.a(CyLib.o) (CyPmReadStatus)
.\CortexM3\ARM_GCC_541\Debug\Design01.a(UART_1.o)
                              .\CortexM3\ARM_GCC_541\Debug\main.o (UART_1_Start)
.\CortexM3\ARM_GCC_541\Debug\Design01.a(UART_1_INT.o)
                              .\CortexM3\ARM_GCC_541\Debug\Design01.a(UART_1.o) (UART_1_RXISR)
.\CortexM3\ARM_GCC_541\Debug\Design01.a(UART_1_IntClock.o)
                              .\CortexM3\ARM_GCC_541\Debug\Design01.a(UART_1.o) (UART_1_IntClock_Start)
.\CortexM3\ARM_GCC_541\Debug\Design01.a(UART_2.o)
                              .\CortexM3\ARM_GCC_541\Debug\main.o (UART_2_Start)
.\CortexM3\ARM_GCC_541\Debug\Design01.a(UART_2_INT.o)
                              .\CortexM3\ARM_GCC_541\Debug\Design01.a(UART_2.o) (UART_2_RXISR)
.\CortexM3\ARM_GCC_541\Debug\Design01.a(UART_2_IntClock.o)
                              .\CortexM3\ARM_GCC_541\Debug\Design01.a(UART_2.o) (UART_2_IntClock_Start)
.\CortexM3\ARM_GCC_541\Debug\Design01.a(GlobalClock.o)
                              .\CortexM3\ARM_GCC_541\Debug\main.o (GlobalClock_ReadPeriod)
.\CortexM3\ARM_GCC_541\Debug\Design01.a(CyBootAsmGnu.o)
                              .\CortexM3\ARM_GCC_541\Debug\cyfitter_cfg.o (CyDelayCycles)
.\CortexM3\ARM_GCC_541\Debug\Design01.a(CyFlash.o)
                              .\CortexM3\ARM_GCC_541\Debug\Design01.a(cyPm.o) (CyFlash_SetWaitCycles)
.\CortexM3\ARM_GCC_541\Debug\Design01.a(CySpc.o)
                              .\CortexM3\ARM_GCC_541\Debug\Design01.a(CyFlash.o) (CySpcStart)
c:/program files (x86)/cypress/psoc creator/4.4/psoc creator/import/gnu/arm/5.4.1/bin/../lib/gcc/arm-none-eabi/5.4.1/../../../../arm-none-eabi/lib/armv7-m\libm.a(lib_a-w_sqrt.o)
                              .\CortexM3\ARM_GCC_541\Debug\main.o (sqrt)
c:/program files (x86)/cypress/psoc creator/4.4/psoc creator/import/gnu/arm/5.4.1/bin/../lib/gcc/arm-none-eabi/5.4.1/../../../../arm-none-eabi/lib/armv7-m\libm.a(lib_a-e_sqrt.o)
                              c:/program files (x86)/cypress/psoc creator/4.4/psoc creator/import/gnu/arm/5.4.1/bin/../lib/gcc/arm-none-eabi/5.4.1/../../../../arm-none-eabi/lib/armv7-m\libm.a(lib_a-w_sqrt.o) (__ieee754_sqrt)
c:/program files (x86)/cypress/psoc creator/4.4/psoc creator/import/gnu/arm/5.4.1/bin/../lib/gcc/arm-none-eabi/5.4.1/../../../../arm-none-eabi/lib/armv7-m\libm.a(lib_a-s_lib_ver.o)
                              c:/program files (x86)/cypress/psoc creator/4.4/psoc creator/import/gnu/arm/5.4.1/bin/../lib/gcc/arm-none-eabi/5.4.1/../../../../arm-none-eabi/lib/armv7-m\libm.a(lib_a-w_sqrt.o) (__fdlib_version)
c:/program files (x86)/cypress/psoc creator/4.4/psoc creator/import/gnu/arm/5.4.1/bin/../lib/gcc/arm-none-eabi/5.4.1/../../../../arm-none-eabi/lib/armv7-m\libm.a(lib_a-s_matherr.o)
[...]
Memory Configuration

Name             Origin             Length             Attributes
rom              0x00000000         0x00040000         xr
ram              0x1fff8000         0x00010000         xrw
*default*        0x00000000         0xffffffff

Linker script and memory map

LOAD c:/program files (x86)/cypress/psoc creator/4.4/psoc creator/import/gnu/arm/5.4.1/bin/../lib/gcc/arm-none-eabi/5.4.1/armv7-m/crti.o
LOAD c:/program files (x86)/cypress/psoc creator/4.4/psoc creator/import/gnu/arm/5.4.1/bin/../lib/gcc/arm-none-eabi/5.4.1/armv7-m/crtbegin.o
LOAD c:/program files (x86)/cypress/psoc creator/4.4/psoc creator/import/gnu/arm/5.4.1/bin/../lib/gcc/arm-none-eabi/5.4.1/../../../../arm-none-eabi/lib/armv7-m/crt0.o
START GROUP
LOAD .\CortexM3\ARM_GCC_541\Debug\main.o
LOAD .\CortexM3\ARM_GCC_541\Debug\cyfitter_cfg.o
LOAD .\CortexM3\ARM_GCC_541\Debug\cymetadata.o
LOAD .\CortexM3\ARM_GCC_541\Debug\Cm3Start.o
LOAD .\CortexM3\ARM_GCC_541\Debug\Design01.a
LOAD C:\Program Files (x86)\Cypress\PSoC Creator\4.4\PSoC Creator\psoc\content\cycomponentlibrary\CyComponentLibrary.cylib\CortexM3\ARM_GCC_541\Debug\CyComponentLibrary.a
LOAD c:/program files (x86)/cypress/psoc creator/4.4/psoc creator/import/gnu/arm/5.4.1/bin/../lib/gcc/arm-none-eabi/5.4.1/../../../../arm-none-eabi/lib/armv7-m\libm.a
END GROUP
START GROUP
LOAD c:/program files (x86)/cypress/psoc creator/4.4/psoc creator/import/gnu/arm/5.4.1/bin/../lib/gcc/arm-none-eabi/5.4.1/armv7-m\libgcc.a
LOAD c:/program files (x86)/cypress/psoc creator/4.4/psoc creator/import/gnu/arm/5.4.1/bin/../lib/gcc/arm-none-eabi/5.4.1/../../../../arm-none-eabi/lib/armv7-m\libg_nano.a
LOAD c:/program files (x86)/cypress/psoc creator/4.4/psoc creator/import/gnu/arm/5.4.1/bin/../lib/gcc/arm-none-eabi/5.4.1/../../../../arm-none-eabi/lib/armv7-m\libc_nano.a
END GROUP
START GROUP
LOAD c:/program files (x86)/cypress/psoc creator/4.4/psoc creator/import/gnu/arm/5.4.1/bin/../lib/gcc/arm-none-eabi/5.4.1/armv7-m\libgcc.a
LOAD c:/program files (x86)/cypress/psoc creator/4.4/psoc creator/import/gnu/arm/5.4.1/bin/../lib/gcc/arm-none-eabi/5.4.1/../../../../arm-none-eabi/lib/armv7-m\libc_nano.a
END GROUP
LOAD c:/program files (x86)/cypress/psoc creator/4.4/psoc creator/import/gnu/arm/5.4.1/bin/../lib/gcc/arm-none-eabi/5.4.1/armv7-m/crtend.o
LOAD c:/program files (x86)/cypress/psoc creator/4.4/psoc creator/import/gnu/arm/5.4.1/bin/../lib/gcc/arm-none-eabi/5.4.1/armv7-m/crtn.o
START GROUP
LOAD c:/program files (x86)/cypress/psoc creator/4.4/psoc creator/import/gnu/arm/5.4.1/bin/../lib/gcc/arm-none-eabi/5.4.1/armv7-m\libgcc.a
LOAD c:/program files (x86)/cypress/psoc creator/4.4/psoc creator/import/gnu/arm/5.4.1/bin/../lib/gcc/arm-none-eabi/5.4.1/../../../../arm-none-eabi/lib/armv7-m\libc.a
LOAD c:/program files (x86)/cypress/psoc creator/4.4/psoc creator/import/gnu/arm/5.4.1/bin/../lib/gcc/arm-none-eabi/5.4.1/../../../../arm-none-eabi/lib/armv7-m\libnosys.a
END GROUP
                0x00000000                CY_APPL_ORIGIN = 0x0
                0x00000100                CY_FLASH_ROW_SIZE = 0x100
                0x00000020                CY_ECC_ROW_SIZE = 0x20
                0x00000000                CY_EE_IN_BTLDR = 0x0
                0x00000000                CY_APPL_LOADABLE = 0x0
                0x00000800                CY_EE_SIZE = 0x800
                0x00000001                CY_APPL_NUM = 0x1
                0x00000001                CY_APPL_MAX = 0x1
                0x00000040                CY_METADATA_SIZE = 0x40
                0x00000000                CY_APPL_LOADABLE = 0x0
                0x00000000                CY_CHECKSUM_EXCLUDE_SIZE = ALIGN (0x0, CY_FLASH_ROW_SIZE)
                [!provide]                PROVIDE (__cy_heap_start, _end)
                0x00000001                PROVIDE (__cy_region_num, ((__cy_regions_end - __cy_regions) / 0x10))
                0x20008000                PROVIDE (__cy_stack, (ORIGIN (ram) + LENGTH (ram)))
                [!provide]                PROVIDE (__cy_heap_end, (__cy_stack - 0x800))

.cybootloader   0x00000000        0x0
 *(.cybootloader)
                0x00000000                appl1_start = CY_APPL_ORIGIN?CY_APPL_ORIGIN:ALIGN (CY_FLASH_ROW_SIZE)
                0x0001ff00                appl2_start = (appl1_start + ALIGN ((((LENGTH (rom) - appl1_start) - (0x2 * CY_FLASH_ROW_SIZE)) / 0x2), CY_FLASH_ROW_SIZE))
                0x00000000                appl_start = (CY_APPL_NUM == 0x1)?appl1_start:appl2_start
                0x00000000                ecc_offset = ((appl_start / CY_FLASH_ROW_SIZE) * CY_ECC_ROW_SIZE)
                0x00000000                ee_offset = (CY_APPL_LOADABLE && ! (CY_EE_IN_BTLDR))?((CY_EE_SIZE / CY_APPL_MAX) * (CY_APPL_NUM - 0x1)):0x0
                0x00000800                ee_size = (CY_APPL_LOADABLE && ! (CY_EE_IN_BTLDR))?(CY_EE_SIZE / CY_APPL_MAX):CY_EE_SIZE
                [!provide]                PROVIDE (CY_ECC_OFFSET, ecc_offset)

.text           0x00000000     0x5cdc
 CREATE_OBJECT_SYMBOLS
                0x00000000                PROVIDE (__cy_interrupt_vector, RomVectors)
 *(.romvectors)
 .romvectors    0x00000000       0x10 .\CortexM3\ARM_GCC_541\Debug\Cm3Start.o
                0x00000000                RomVectors
                0x00000001                ASSERT ((. != __cy_interrupt_vector), No interrupt vector)
                0x00000001                ASSERT (CY_APPL_ORIGIN?(SIZEOF (.cybootloader) <= CY_APPL_ORIGIN):0x1, Wrong image location)
                0x00000010                PROVIDE (__cy_reset, Reset)
 *(.text.Reset)
 .text.Reset    0x00000010       0x18 .\CortexM3\ARM_GCC_541\Debug\Cm3Start.o
                0x00000010                Reset
                0x00000001                ASSERT ((. != __cy_reset), No reset code)
 *(.dma_init)
                0x00000001                ASSERT ((((appl_start + .) <= 0x10000) || 0x1), DMA Init must be within the first 64k of flash)
 *(.text .text.* .gnu.linkonce.t.*)
 .text          0x00000028       0x5c c:/program files (x86)/cypress/psoc creator/4.4/psoc creator/import/gnu/arm/5.4.1/bin/../lib/gcc/arm-none-eabi/5.4.1/armv7-m/crtbegin.o
 .text.millis   0x00000084       0x10 .\CortexM3\ARM_GCC_541\Debug\main.o
                0x00000084                millis
 .text.setupFeedForwardController
                0x00000094       0x88 .\CortexM3\ARM_GCC_541\Debug\main.o
                0x00000094                setupFeedForwardController
 .text.pidControl
                0x0000011c       0x74 .\CortexM3\ARM_GCC_541\Debug\main.o
                0x0000011c                pidControl
 .text.feedForwardControl
                0x00000190       0x38 .\CortexM3\ARM_GCC_541\Debug\main.o
                0x00000190                feedForwardControl
 .text.writePWM
                0x000001c8       0x70 .\CortexM3\ARM_GCC_541\Debug\main.o
                0x000001c8                writePWM
 .text.stopMotion
                0x00000238       0x1c .\CortexM3\ARM_GCC_541\Debug\main.o
                0x00000238                stopMotion
 .text.feedForwardTrajectory
                0x00000254      0x16c .\CortexM3\ARM_GCC_541\Debug\main.o
                0x00000254                feedForwardTrajectory
 .text.trajectory_plan
                0x000003c0       0x54 .\CortexM3\ARM_GCC_541\Debug\main.o
                0x000003c0                trajectory_plan
 .text.init_pid
                0x00000414       0x38 .\CortexM3\ARM_GCC_541\Debug\main.o
                0x00000414                init_pid
 .text.init_ff  0x0000044c       0x14 .\CortexM3\ARM_GCC_541\Debug\main.o
                0x0000044c                init_ff
 .text.startMotorSystem
                0x00000460       0x40 .\CortexM3\ARM_GCC_541\Debug\main.o
                0x00000460                startMotorSystem
 .text.getData  0x000004a0       0x20 .\CortexM3\ARM_GCC_541\Debug\main.o
                0x000004a0                getData
 .text.main     0x000004c0       0xe8 .\CortexM3\ARM_GCC_541\Debug\main.o
                0x000004c0                main
 .text.CyClockStartupError
                0x000005a8        0x4 .\CortexM3\ARM_GCC_541\Debug\cyfitter_cfg.o
 .text.cfg_write_bytes32
                0x000005ac       0x34 .\CortexM3\ARM_GCC_541\Debug\cyfitter_cfg.o
 .text.AnalogSetDefault
                0x000005e0       0x28 .\CortexM3\ARM_GCC_541\Debug\cyfitter_cfg.o
 .text.CYMEMZERO
                0x00000608        0xc .\CortexM3\ARM_GCC_541\Debug\cyfitter_cfg.o
 .text.ClockSetup
                0x00000614       0xe0 .\CortexM3\ARM_GCC_541\Debug\cyfitter_cfg.o
 .text.CYCONFIGCPY
                0x000006f4        0x8 .\CortexM3\ARM_GCC_541\Debug\cyfitter_cfg.o
 .text.cyfitter_cfg
                0x000006fc      0x12c .\CortexM3\ARM_GCC_541\Debug\cyfitter_cfg.o
                0x000006fc                cyfitter_cfg
 .text.IntDefaultHandler
                0x00000828       0x10 .\CortexM3\ARM_GCC_541\Debug\Cm3Start.o
                0x00000828                IntDefaultHandler
 .text._sbrk    0x00000838       0x30 .\CortexM3\ARM_GCC_541\Debug\Cm3Start.o
                0x00000838                _sbrk
 .text.Start_c  0x00000868       0x4c .\CortexM3\ARM_GCC_541\Debug\Cm3Start.o
                0x00000868                Start_c
 .text.initialize_psoc
                0x000008b4       0x68 .\CortexM3\ARM_GCC_541\Debug\Cm3Start.o
                0x000008b4                initialize_psoc
 .text.Motor_1_PWM_Enable
                0x0000091c       0x28 .\CortexM3\ARM_GCC_541\Debug\Design01.a(Motor_1_PWM.o)
                0x0000091c                Motor_1_PWM_Enable
 .text.Motor_1_PWM_WritePeriod
                0x00000944        0xc .\CortexM3\ARM_GCC_541\Debug\Design01.a(Motor_1_PWM.o)
                0x00000944                Motor_1_PWM_WritePeriod
 .text.Motor_1_PWM_WriteCompare
                0x00000950        0xc .\CortexM3\ARM_GCC_541\Debug\Design01.a(Motor_1_PWM.o)
                0x00000950                Motor_1_PWM_WriteCompare
 .text.Motor_1_PWM_SetInterruptMode
                0x0000095c        0xc .\CortexM3\ARM_GCC_541\Debug\Design01.a(Motor_1_PWM.o)
                0x0000095c                Motor_1_PWM_SetInterruptMode
 .text.Motor_1_PWM_Init
                0x00000968       0x74 .\CortexM3\ARM_GCC_541\Debug\Design01.a(Motor_1_PWM.o)
                0x00000968                Motor_1_PWM_Init
 .text.Motor_1_PWM_Start
                0x000009dc       0x1c .\CortexM3\ARM_GCC_541\Debug\Design01.a(Motor_1_PWM.o)
                0x000009dc                Motor_1_PWM_Start
 .text.Motor_2_PWM_Enable
                0x000009f8       0x28 .\CortexM3\ARM_GCC_541\Debug\Design01.a(Motor_2_PWM.o)
                0x000009f8                Motor_2_PWM_Enable
 .text.Motor_2_PWM_WritePeriod
                0x00000a20        0xc .\CortexM3\ARM_GCC_541\Debug\Design01.a(Motor_2_PWM.o)
                0x00000a20                Motor_2_PWM_WritePeriod
 .text.Motor_2_PWM_WriteCompare
                0x00000a2c        0xc .\CortexM3\ARM_GCC_541\Debug\Design01.a(Motor_2_PWM.o)
                0x00000a2c                Motor_2_PWM_WriteCompare
 .text.Motor_2_PWM_SetInterruptMode
                0x00000a38        0xc .\CortexM3\ARM_GCC_541\Debug\Design01.a(Motor_2_PWM.o)
                0x00000a38                Motor_2_PWM_SetInterruptMode
 .text.Motor_2_PWM_Init
                0x00000a44       0x74 .\CortexM3\ARM_GCC_541\Debug\Design01.a(Motor_2_PWM.o)
                0x00000a44                Motor_2_PWM_Init
 .text.Motor_2_PWM_Start
                0x00000ab8       0x1c .\CortexM3\ARM_GCC_541\Debug\Design01.a(Motor_2_PWM.o)
                0x00000ab8                Motor_2_PWM_Start
 .text.QuadDec_1_Init
                0x00000ad4       0x24 .\CortexM3\ARM_GCC_541\Debug\Design01.a(QuadDec_1.o)
                0x00000ad4                QuadDec_1_Init
 .text.QuadDec_1_GetCounter
                0x00000af8       0x2c .\CortexM3\ARM_GCC_541\Debug\Design01.a(QuadDec_1.o)
                0x00000af8                QuadDec_1_GetCounter
 .text.QuadDec_1_SetCounter
                0x00000b24       0x28 .\CortexM3\ARM_GCC_541\Debug\Design01.a(QuadDec_1.o)
                0x00000b24                QuadDec_1_SetCounter
 .text.QuadDec_1_GetEvents
                0x00000b4c       0x10 .\CortexM3\ARM_GCC_541\Debug\Design01.a(QuadDec_1.o)
                0x00000b4c                QuadDec_1_GetEvents
 .text.QuadDec_1_SetInterruptMask
                0x00000b5c       0x10 .\CortexM3\ARM_GCC_541\Debug\Design01.a(QuadDec_1.o)
                0x00000b5c                QuadDec_1_SetInterruptMask
 .text.QuadDec_1_Enable
                0x00000b6c       0x30 .\CortexM3\ARM_GCC_541\Debug\Design01.a(QuadDec_1.o)
                0x00000b6c                QuadDec_1_Enable
 .text.QuadDec_1_Start
                0x00000b9c       0x34 .\CortexM3\ARM_GCC_541\Debug\Design01.a(QuadDec_1.o)
                0x00000b9c                QuadDec_1_Start
 .text.QuadDec_1_ISR
                0x00000bd0       0x40 .\CortexM3\ARM_GCC_541\Debug\Design01.a(QuadDec_1_INT.o)
                0x00000bd0                QuadDec_1_ISR
 .text.QuadDec_2_Init
                0x00000c10       0x24 .\CortexM3\ARM_GCC_541\Debug\Design01.a(QuadDec_2.o)
                0x00000c10                QuadDec_2_Init
 .text.QuadDec_2_GetCounter
                0x00000c34       0x2c .\CortexM3\ARM_GCC_541\Debug\Design01.a(QuadDec_2.o)
                0x00000c34                QuadDec_2_GetCounter
 .text.QuadDec_2_SetCounter
                0x00000c60       0x28 .\CortexM3\ARM_GCC_541\Debug\Design01.a(QuadDec_2.o)
                0x00000c60                QuadDec_2_SetCounter
 .text.QuadDec_2_GetEvents
                0x00000c88       0x10 .\CortexM3\ARM_GCC_541\Debug\Design01.a(QuadDec_2.o)
                0x00000c88                QuadDec_2_GetEvents
 .text.QuadDec_2_SetInterruptMask
                0x00000c98       0x10 .\CortexM3\ARM_GCC_541\Debug\Design01.a(QuadDec_2.o)
                0x00000c98                QuadDec_2_SetInterruptMask
 .text.QuadDec_2_Enable
                0x00000ca8       0x30 .\CortexM3\ARM_GCC_541\Debug\Design01.a(QuadDec_2.o)
                0x00000ca8                QuadDec_2_Enable
 .text.QuadDec_2_Start
                0x00000cd8       0x34 .\CortexM3\ARM_GCC_541\Debug\Design01.a(QuadDec_2.o)
                0x00000cd8                QuadDec_2_Start
 .text.QuadDec_2_ISR
                0x00000d0c       0x40 .\CortexM3\ARM_GCC_541\Debug\Design01.a(QuadDec_2_INT.o)
                0x00000d0c                QuadDec_2_ISR
 .text.Motor_1_IN1_Write
                0x00000d4c       0x18 .\CortexM3\ARM_GCC_541\Debug\Design01.a(Motor_1_IN1.o)
                0x00000d4c                Motor_1_IN1_Write
 .text.Motor_1_IN2_Write
                0x00000d64       0x18 .\CortexM3\ARM_GCC_541\Debug\Design01.a(Motor_1_IN2.o)
                0x00000d64                Motor_1_IN2_Write
 .text.Motor_2_IN1_Write
                0x00000d7c       0x18 .\CortexM3\ARM_GCC_541\Debug\Design01.a(Motor_2_IN1.o)
                0x00000d7c                Motor_2_IN1_Write
 .text.Motor_2_IN2_Write
                0x00000d94       0x18 .\CortexM3\ARM_GCC_541\Debug\Design01.a(Motor_2_IN2.o)
                0x00000d94                Motor_2_IN2_Write
 .text.QuadDec_1_Cnt16_Enable
                0x00000dac       0x10 .\CortexM3\ARM_GCC_541\Debug\Design01.a(QuadDec_1_Cnt16.o)
                0x00000dac                QuadDec_1_Cnt16_Enable
 .text.QuadDec_1_Cnt16_SetInterruptMode
                0x00000dbc        0xc .\CortexM3\ARM_GCC_541\Debug\Design01.a(QuadDec_1_Cnt16.o)
                0x00000dbc                QuadDec_1_Cnt16_SetInterruptMode
 .text.QuadDec_1_Cnt16_ReadStatusRegister
                0x00000dc8        0xc .\CortexM3\ARM_GCC_541\Debug\Design01.a(QuadDec_1_Cnt16.o)
                0x00000dc8                QuadDec_1_Cnt16_ReadStatusRegister
 .text.QuadDec_1_Cnt16_WriteCounter
                0x00000dd4        0xc .\CortexM3\ARM_GCC_541\Debug\Design01.a(QuadDec_1_Cnt16.o)
                0x00000dd4                QuadDec_1_Cnt16_WriteCounter
 .text.QuadDec_1_Cnt16_ReadCounter
                0x00000de0       0x14 .\CortexM3\ARM_GCC_541\Debug\Design01.a(QuadDec_1_Cnt16.o)
                0x00000de0                QuadDec_1_Cnt16_ReadCounter
 .text.QuadDec_1_Cnt16_ReadCapture
                0x00000df4        0xc .\CortexM3\ARM_GCC_541\Debug\Design01.a(QuadDec_1_Cnt16.o)
                0x00000df4                QuadDec_1_Cnt16_ReadCapture
 .text.QuadDec_1_Cnt16_WritePeriod
                0x00000e00        0xc .\CortexM3\ARM_GCC_541\Debug\Design01.a(QuadDec_1_Cnt16.o)
                0x00000e00                QuadDec_1_Cnt16_WritePeriod
 .text.QuadDec_1_Cnt16_WriteCompare
                0x00000e0c        0xc .\CortexM3\ARM_GCC_541\Debug\Design01.a(QuadDec_1_Cnt16.o)
                0x00000e0c                QuadDec_1_Cnt16_WriteCompare
 .text.QuadDec_1_Cnt16_ClearFIFO
                0x00000e18       0x14 .\CortexM3\ARM_GCC_541\Debug\Design01.a(QuadDec_1_Cnt16.o)
                0x00000e18                QuadDec_1_Cnt16_ClearFIFO
 .text.QuadDec_1_Cnt16_Init
                0x00000e2c       0x58 .\CortexM3\ARM_GCC_541\Debug\Design01.a(QuadDec_1_Cnt16.o)
                0x00000e2c                QuadDec_1_Cnt16_Init
 .text.QuadDec_1_Cnt16_Start
                0x00000e84       0x1c .\CortexM3\ARM_GCC_541\Debug\Design01.a(QuadDec_1_Cnt16.o)
                0x00000e84                QuadDec_1_Cnt16_Start
 .text.QuadDec_2_Cnt16_Enable
                0x00000ea0       0x10 .\CortexM3\ARM_GCC_541\Debug\Design01.a(QuadDec_2_Cnt16.o)
                0x00000ea0                QuadDec_2_Cnt16_Enable
 .text.QuadDec_2_Cnt16_SetInterruptMode
                0x00000eb0        0xc .\CortexM3\ARM_GCC_541\Debug\Design01.a(QuadDec_2_Cnt16.o)
                0x00000eb0                QuadDec_2_Cnt16_SetInterruptMode
 .text.QuadDec_2_Cnt16_ReadStatusRegister
                0x00000ebc        0xc .\CortexM3\ARM_GCC_541\Debug\Design01.a(QuadDec_2_Cnt16.o)
                0x00000ebc                QuadDec_2_Cnt16_ReadStatusRegister
 .text.QuadDec_2_Cnt16_WriteCounter
                0x00000ec8        0xc .\CortexM3\ARM_GCC_541\Debug\Design01.a(QuadDec_2_Cnt16.o)
                0x00000ec8                QuadDec_2_Cnt16_WriteCounter
 .text.QuadDec_2_Cnt16_ReadCounter
                0x00000ed4       0x14 .\CortexM3\ARM_GCC_541\Debug\Design01.a(QuadDec_2_Cnt16.o)
                0x00000ed4                QuadDec_2_Cnt16_ReadCounter
 .text.QuadDec_2_Cnt16_ReadCapture
                0x00000ee8        0xc .\CortexM3\ARM_GCC_541\Debug\Design01.a(QuadDec_2_Cnt16.o)
                0x00000ee8                QuadDec_2_Cnt16_ReadCapture
 .text.QuadDec_2_Cnt16_WritePeriod
                0x00000ef4        0xc .\CortexM3\ARM_GCC_541\Debug\Design01.a(QuadDec_2_Cnt16.o)
                0x00000ef4                QuadDec_2_Cnt16_WritePeriod
 .text.QuadDec_2_Cnt16_WriteCompare
                0x00000f00        0xc .\CortexM3\ARM_GCC_541\Debug\Design01.a(QuadDec_2_Cnt16.o)
                0x00000f00                QuadDec_2_Cnt16_WriteCompare
 .text.QuadDec_2_Cnt16_ClearFIFO
                0x00000f0c       0x14 .\CortexM3\ARM_GCC_541\Debug\Design01.a(QuadDec_2_Cnt16.o)
                0x00000f0c                QuadDec_2_Cnt16_ClearFIFO
 .text.QuadDec_2_Cnt16_Init
                0x00000f20       0x58 .\CortexM3\ARM_GCC_541\Debug\Design01.a(QuadDec_2_Cnt16.o)
                0x00000f20                QuadDec_2_Cnt16_Init
 .text.QuadDec_2_Cnt16_Start
                0x00000f78       0x1c .\CortexM3\ARM_GCC_541\Debug\Design01.a(QuadDec_2_Cnt16.o)
                0x00000f78                QuadDec_2_Cnt16_Start
 .text.CyHalt   0x00000f94        0x4 .\CortexM3\ARM_GCC_541\Debug\Design01.a(CyLib.o)
                0x00000f94                CyHalt
 .text.CyDelay  0x00000f98       0x2c .\CortexM3\ARM_GCC_541\Debug\Design01.a(CyLib.o)
                0x00000f98                CyDelay
 .text.CyIntSetVector
                0x00000fc4       0x28 .\CortexM3\ARM_GCC_541\Debug\Design01.a(CyLib.o)
                0x00000fc4                CyIntSetVector
 .text.CyIntSetPriority
                0x00000fec       0x30 .\CortexM3\ARM_GCC_541\Debug\Design01.a(CyLib.o)
                0x00000fec                CyIntSetPriority
 .text.UART_1_Init
                0x0000101c       0x44 .\CortexM3\ARM_GCC_541\Debug\Design01.a(UART_1.o)
                0x0000101c                UART_1_Init
 .text.UART_1_Enable
                0x00001060       0x44 .\CortexM3\ARM_GCC_541\Debug\Design01.a(UART_1.o)
                0x00001060                UART_1_Enable
 .text.UART_1_Start
                0x000010a4       0x1c .\CortexM3\ARM_GCC_541\Debug\Design01.a(UART_1.o)
                0x000010a4                UART_1_Start
 .text.UART_1_RXISR
                0x000010c0       0x98 .\CortexM3\ARM_GCC_541\Debug\Design01.a(UART_1_INT.o)
                0x000010c0                UART_1_RXISR
 .text.UART_1_IntClock_Start
                0x00001158       0x1c .\CortexM3\ARM_GCC_541\Debug\Design01.a(UART_1_IntClock.o)
                0x00001158                UART_1_IntClock_Start
 .text.UART_2_Init
                0x00001174       0x44 .\CortexM3\ARM_GCC_541\Debug\Design01.a(UART_2.o)
                0x00001174                UART_2_Init
 .text.UART_2_Enable
                0x000011b8       0x44 .\CortexM3\ARM_GCC_541\Debug\Design01.a(UART_2.o)
                0x000011b8                UART_2_Enable
 .text.UART_2_Start
                0x000011fc       0x1c .\CortexM3\ARM_GCC_541\Debug\Design01.a(UART_2.o)
                0x000011fc                UART_2_Start
 .text.UART_2_ReadRxData
                0x00001218       0x64 .\CortexM3\ARM_GCC_541\Debug\Design01.a(UART_2.o)
                0x00001218                UART_2_ReadRxData
 .text.UART_2_ReadRxStatus
                0x0000127c       0x28 .\CortexM3\ARM_GCC_541\Debug\Design01.a(UART_2.o)
                0x0000127c                UART_2_ReadRxStatus
 .text.UART_2_GetByte
                0x000012a4       0x2c .\CortexM3\ARM_GCC_541\Debug\Design01.a(UART_2.o)
                0x000012a4                UART_2_GetByte
 .text.UART_2_GetRxBufferSize
                0x000012d0       0x60 .\CortexM3\ARM_GCC_541\Debug\Design01.a(UART_2.o)
                0x000012d0                UART_2_GetRxBufferSize
 .text.UART_2_PutChar
                0x00001330       0x18 .\CortexM3\ARM_GCC_541\Debug\Design01.a(UART_2.o)
                0x00001330                UART_2_PutChar
 .text.UART_2_PutString
                0x00001348       0x24 .\CortexM3\ARM_GCC_541\Debug\Design01.a(UART_2.o)
                0x00001348                UART_2_PutString
 .text.UART_2_RXISR
                0x0000136c       0x98 .\CortexM3\ARM_GCC_541\Debug\Design01.a(UART_2_INT.o)
                0x0000136c                UART_2_RXISR
 .text.UART_2_IntClock_Start
                0x00001404       0x1c .\CortexM3\ARM_GCC_541\Debug\Design01.a(UART_2_IntClock.o)
                0x00001404                UART_2_IntClock_Start
 .text.GlobalClock_Enable
                0x00001420       0x10 .\CortexM3\ARM_GCC_541\Debug\Design01.a(GlobalClock.o)
                0x00001420                GlobalClock_Enable
 .text.GlobalClock_SetInterruptMode
                0x00001430        0xc .\CortexM3\ARM_GCC_541\Debug\Design01.a(GlobalClock.o)
                0x00001430                GlobalClock_SetInterruptMode
 .text.GlobalClock_ReadStatusRegister
                0x0000143c        0xc .\CortexM3\ARM_GCC_541\Debug\Design01.a(GlobalClock.o)
                0x0000143c                GlobalClock_ReadStatusRegister
 .text.GlobalClock_ReadPeriod
                0x00001448        0xc .\CortexM3\ARM_GCC_541\Debug\Design01.a(GlobalClock.o)
                0x00001448                GlobalClock_ReadPeriod
 .text.GlobalClock_WritePeriod
                0x00001454        0xc .\CortexM3\ARM_GCC_541\Debug\Design01.a(GlobalClock.o)
                0x00001454                GlobalClock_WritePeriod
 .text.GlobalClock_ReadCapture
                0x00001460        0xc .\CortexM3\ARM_GCC_541\Debug\Design01.a(GlobalClock.o)
                0x00001460                GlobalClock_ReadCapture
 .text.GlobalClock_WriteCounter
                0x0000146c        0xc .\CortexM3\ARM_GCC_541\Debug\Design01.a(GlobalClock.o)
                0x0000146c                GlobalClock_WriteCounter
 .text.GlobalClock_ReadCounter
                0x00001478       0x14 .\CortexM3\ARM_GCC_541\Debug\Design01.a(GlobalClock.o)
                0x00001478                GlobalClock_ReadCounter
 .text.GlobalClock_ClearFIFO
                0x0000148c       0x14 .\CortexM3\ARM_GCC_541\Debug\Design01.a(GlobalClock.o)
                0x0000148c                GlobalClock_ClearFIFO
 .text.GlobalClock_Init
                0x000014a0       0x34 .\CortexM3\ARM_GCC_541\Debug\Design01.a(GlobalClock.o)
                0x000014a0                GlobalClock_Init
 .text.GlobalClock_Start
                0x000014d4       0x1c .\CortexM3\ARM_GCC_541\Debug\Design01.a(GlobalClock.o)
                0x000014d4                GlobalClock_Start
 .text          0x000014f0       0x20 .\CortexM3\ARM_GCC_541\Debug\Design01.a(CyBootAsmGnu.o)
                0x000014f0                CyDelayCycles
                0x00001500                CyEnterCriticalSection
                0x00001508                CyExitCriticalSection
 .text.sqrt     0x00001510       0xb8 c:/program files (x86)/cypress/psoc creator/4.4/psoc creator/import/gnu/arm/5.4.1/bin/../lib/gcc/arm-none-eabi/5.4.1/../../../../arm-none-eabi/lib/armv7-m\libm.a(lib_a-w_sqrt.o)
                0x00001510                sqrt
 .text.__ieee754_sqrt
                0x000015c8      0x188 c:/program files (x86)/cypress/psoc creator/4.4/psoc creator/import/gnu/arm/5.4.1/bin/../lib/gcc/arm-none-eabi/5.4.1/../../../../arm-none-eabi/lib/armv7-m\libm.a(lib_a-e_sqrt.o)
                0x000015c8                __ieee754_sqrt
 .text.matherr  0x00001750        0x4 c:/program files (x86)/cypress/psoc creator/4.4/psoc creator/import/gnu/arm/5.4.1/bin/../lib/gcc/arm-none-eabi/5.4.1/../../../../arm-none-eabi/lib/armv7-m\libm.a(lib_a-s_matherr.o)
                0x00001750                matherr
 .text          0x00001754      0x370 c:/program files (x86)/cypress/psoc creator/4.4/psoc creator/import/gnu/arm/5.4.1/bin/../lib/gcc/arm-none-eabi/5.4.1/armv7-m\libgcc.a(_arm_addsubdf3.o)
                0x00001754                __aeabi_drsub
                0x0000175c                __aeabi_dsub
                0x0000175c                __subdf3
                0x00001760                __aeabi_dadd
                0x00001760                __adddf3
                0x000019d8                __floatunsidf
                0x000019d8                __aeabi_ui2d
                0x000019f8                __floatsidf
                0x000019f8                __aeabi_i2d
                0x00001a1c                __aeabi_f2d
                0x00001a1c                __extendsfdf2
                0x00001a58                __floatundidf
                0x00001a58                __aeabi_ul2d
                0x00001a68                __floatdidf
                0x00001a68                __aeabi_l2d
 .text          0x00001ac4      0x424 c:/program files (x86)/cypress/psoc creator/4.4/psoc creator/import/gnu/arm/5.4.1/bin/../lib/gcc/arm-none-eabi/5.4.1/armv7-m\libgcc.a(_arm_muldivdf3.o)
                0x00001ac4                __aeabi_dmul
                0x00001ac4                __muldf3
                0x00001d18                __divdf3
                0x00001d18                __aeabi_ddiv
 .text          0x00001ee8      0x110 c:/program files (x86)/cypress/psoc creator/4.4/psoc creator/import/gnu/arm/5.4.1/bin/../lib/gcc/arm-none-eabi/5.4.1/armv7-m\libgcc.a(_arm_cmpdf2.o)
                0x00001ee8                __gtdf2
                0x00001ee8                __gedf2
                0x00001ef0                __ltdf2
                0x00001ef0                __ledf2
                0x00001ef8                __nedf2
                0x00001ef8                __eqdf2
                0x00001ef8                __cmpdf2
                0x00001f74                __aeabi_cdrcmple
                0x00001f84                __aeabi_cdcmpeq
                0x00001f84                __aeabi_cdcmple
                0x00001f94                __aeabi_dcmpeq
                0x00001fa8                __aeabi_dcmplt
                0x00001fbc                __aeabi_dcmple
                0x00001fd0                __aeabi_dcmpge
                0x00001fe4                __aeabi_dcmpgt
 .text          0x00001ff8       0x2c c:/program files (x86)/cypress/psoc creator/4.4/psoc creator/import/gnu/arm/5.4.1/bin/../lib/gcc/arm-none-eabi/5.4.1/armv7-m\libgcc.a(_arm_unorddf2.o)
                0x00001ff8                __unorddf2
                0x00001ff8                __aeabi_dcmpun
 .text          0x00002024       0xa0 c:/program files (x86)/cypress/psoc creator/4.4/psoc creator/import/gnu/arm/5.4.1/bin/../lib/gcc/arm-none-eabi/5.4.1/armv7-m\libgcc.a(_arm_truncdfsf2.o)
                0x00002024                __truncdfsf2
                0x00002024                __aeabi_d2f
 .text          0x000020c4      0x21c c:/program files (x86)/cypress/psoc creator/4.4/psoc creator/import/gnu/arm/5.4.1/bin/../lib/gcc/arm-none-eabi/5.4.1/armv7-m\libgcc.a(_arm_addsubsf3.o)
                0x000020c4                __aeabi_frsub
                0x000020cc                __subsf3
                0x000020cc                __aeabi_fsub
                0x000020d0                __aeabi_fadd
                0x000020d0                __addsf3
                0x00002230                __aeabi_ui2f
                0x00002230                __floatunsisf
                0x00002238                __aeabi_i2f
                0x00002238                __floatsisf
                0x00002254                __aeabi_ul2f
                0x00002254                __floatundisf
                0x00002264                __aeabi_l2f
                0x00002264                __floatdisf
 .text          0x000022e0      0x2a0 c:/program files (x86)/cypress/psoc creator/4.4/psoc creator/import/gnu/arm/5.4.1/bin/../lib/gcc/arm-none-eabi/5.4.1/armv7-m\libgcc.a(_arm_muldivsf3.o)
                0x000022e0                __mulsf3
                0x000022e0                __aeabi_fmul
                0x00002448                __aeabi_fdiv
                0x00002448                __divsf3
 .text          0x00002580       0xec c:/program files (x86)/cypress/psoc creator/4.4/psoc creator/import/gnu/arm/5.4.1/bin/../lib/gcc/arm-none-eabi/5.4.1/armv7-m\libgcc.a(_arm_cmpsf2.o)
                0x00002580                __gesf2
                0x00002580                __gtsf2
                0x00002588                __lesf2
                0x00002588                __ltsf2
                0x00002590                __nesf2
                0x00002590                __eqsf2
                0x00002590                __cmpsf2
                0x000025f0                __aeabi_cfrcmple
                0x000025f8                __aeabi_cfcmpeq
                0x000025f8                __aeabi_cfcmple
                0x00002608                __aeabi_fcmpeq
                0x0000261c                __aeabi_fcmplt
                0x00002630                __aeabi_fcmple
                0x00002644                __aeabi_fcmpge
                0x00002658                __aeabi_fcmpgt
 .text          0x0000266c       0x4c c:/program files (x86)/cypress/psoc creator/4.4/psoc creator/import/gnu/arm/5.4.1/bin/../lib/gcc/arm-none-eabi/5.4.1/armv7-m\libgcc.a(_arm_fixsfsi.o)
                0x0000266c                __aeabi_f2iz
                0x0000266c                __fixsfsi
 .text.atof     0x000026b8        0x6 c:/program files (x86)/cypress/psoc creator/4.4/psoc creator/import/gnu/arm/5.4.1/bin/../lib/gcc/arm-none-eabi/5.4.1/../../../../arm-none-eabi/lib/armv7-m\libg_nano.a(lib_a-atof.o)
                0x000026b8                atof
 *fill*         0x000026be        0x2 
 .text.__errno  0x000026c0        0xc c:/program files (x86)/cypress/psoc creator/4.4/psoc creator/import/gnu/arm/5.4.1/bin/../lib/gcc/arm-none-eabi/5.4.1/../../../../arm-none-eabi/lib/armv7-m\libg_nano.a(lib_a-errno.o)
                0x000026c0                __errno
 .text.__libc_init_array
                0x000026cc       0x4c c:/program files (x86)/cypress/psoc creator/4.4/psoc creator/import/gnu/arm/5.4.1/bin/../lib/gcc/arm-none-eabi/5.4.1/../../../../arm-none-eabi/lib/armv7-m\libg_nano.a(lib_a-init.o)
                0x000026cc                __libc_init_array
 .text.memcpy   0x00002718       0x16 c:/program files (x86)/cypress/psoc creator/4.4/psoc creator/import/gnu/arm/5.4.1/bin/../lib/gcc/arm-none-eabi/5.4.1/../../../../arm-none-eabi/lib/armv7-m\libg_nano.a(lib_a-memcpy-stub.o)
                0x00002718                memcpy
 .text.memset   0x0000272e       0x10 c:/program files (x86)/cypress/psoc creator/4.4/psoc creator/import/gnu/arm/5.4.1/bin/../lib/gcc/arm-none-eabi/5.4.1/../../../../arm-none-eabi/lib/armv7-m\libg_nano.a(lib_a-memset.o)
                0x0000272e                memset
 .text.__cvt    0x0000273e       0xc0 c:/program files (x86)/cypress/psoc creator/4.4/psoc creator/import/gnu/arm/5.4.1/bin/../lib/gcc/arm-none-eabi/5.4.1/../../../../arm-none-eabi/lib/armv7-m\libg_nano.a(lib_a-nano-vfprintf_float.o)
                0x0000273e                __cvt
 .text.__exponent
                0x000027fe       0x62 c:/program files (x86)/cypress/psoc creator/4.4/psoc creator/import/gnu/arm/5.4.1/bin/../lib/gcc/arm-none-eabi/5.4.1/../../../../arm-none-eabi/lib/armv7-m\libg_nano.a(lib_a-nano-vfprintf_float.o)
                0x000027fe                __exponent
 .text._printf_float
                0x00002860      0x488 c:/program files (x86)/cypress/psoc creator/4.4/psoc creator/import/gnu/arm/5.4.1/bin/../lib/gcc/arm-none-eabi/5.4.1/../../../../arm-none-eabi/lib/armv7-m\libg_nano.a(lib_a-nano-vfprintf_float.o)
                0x00002860                _printf_float
 .text._printf_common
                0x00002ce8       0xec c:/program files (x86)/cypress/psoc creator/4.4/psoc creator/import/gnu/arm/5.4.1/bin/../lib/gcc/arm-none-eabi/5.4.1/../../../../arm-none-eabi/lib/armv7-m\libg_nano.a(lib_a-nano-vfprintf_i.o)
                0x00002ce8                _printf_common
 .text._printf_i
                0x00002dd4      0x24c c:/program files (x86)/cypress/psoc creator/4.4/psoc creator/import/gnu/arm/5.4.1/bin/../lib/gcc/arm-none-eabi/5.4.1/../../../../arm-none-eabi/lib/armv7-m\libg_nano.a(lib_a-nano-vfprintf_i.o)
                0x00002dd4                _printf_i
 .text.sprintf  0x00003020       0x48 c:/program files (x86)/cypress/psoc creator/4.4/psoc creator/import/gnu/arm/5.4.1/bin/../lib/gcc/arm-none-eabi/5.4.1/../../../../arm-none-eabi/lib/armv7-m\libg_nano.a(lib_a-sprintf.o)
                0x00003020                siprintf
                0x00003020                sprintf
 .text          0x00003068       0x10 c:/program files (x86)/cypress/psoc creator/4.4/psoc creator/import/gnu/arm/5.4.1/bin/../lib/gcc/arm-none-eabi/5.4.1/../../../../arm-none-eabi/lib/armv7-m\libg_nano.a(lib_a-strlen.o)
                0x00003068                strlen
 .text.sulp     0x00003078       0x42 c:/program files (x86)/cypress/psoc creator/4.4/psoc creator/import/gnu/arm/5.4.1/bin/../lib/gcc/arm-none-eabi/5.4.1/../../../../arm-none-eabi/lib/armv7-m\libg_nano.a(lib_a-strtod.o)
 *fill*         0x000030ba        0x6 
 .text._strtod_r
                0x000030c0      0xc00 c:/program files (x86)/cypress/psoc creator/4.4/psoc creator/import/gnu/arm/5.4.1/bin/../lib/gcc/arm-none-eabi/5.4.1/../../../../arm-none-eabi/lib/armv7-m\libg_nano.a(lib_a-strtod.o)
                0x000030c0                _strtod_r
 .text.strtod   0x00003cc0       0x10 c:/program files (x86)/cypress/psoc creator/4.4/psoc creator/import/gnu/arm/5.4.1/bin/../lib/gcc/arm-none-eabi/5.4.1/../../../../arm-none-eabi/lib/armv7-m\libg_nano.a(lib_a-strtod.o)
                0x00003cc0                strtod
 .text.quorem   0x00003cd0      0x116 c:/program files (x86)/cypress/psoc creator/4.4/psoc creator/import/gnu/arm/5.4.1/bin/../lib/gcc/arm-none-eabi/5.4.1/../../../../arm-none-eabi/lib/armv7-m\libg_nano.a(lib_a-dtoa.o)
 *fill*         0x00003de6        0x2 
 .text._dtoa_r  0x00003de8      0xb30 c:/program files (x86)/cypress/psoc creator/4.4/psoc creator/import/gnu/arm/5.4.1/bin/../lib/gcc/arm-none-eabi/5.4.1/../../../../arm-none-eabi/lib/armv7-m\libg_nano.a(lib_a-dtoa.o)
                0x00003de8                _dtoa_r
 .text.rshift   0x00004918       0x6c c:/program files (x86)/cypress/psoc creator/4.4/psoc creator/import/gnu/arm/5.4.1/bin/../lib/gcc/arm-none-eabi/5.4.1/../../../../arm-none-eabi/lib/armv7-m\libg_nano.a(lib_a-gdtoa-gethex.o)
 .text.__hexdig_fun
                0x00004984       0x2a c:/program files (x86)/cypress/psoc creator/4.4/psoc creator/import/gnu/arm/5.4.1/bin/../lib/gcc/arm-none-eabi/5.4.1/../../../../arm-none-eabi/lib/armv7-m\libg_nano.a(lib_a-gdtoa-gethex.o)
                0x00004984                __hexdig_fun
 .text.__gethex
                0x000049ae      0x43e c:/program files (x86)/cypress/psoc creator/4.4/psoc creator/import/gnu/arm/5.4.1/bin/../lib/gcc/arm-none-eabi/5.4.1/../../../../arm-none-eabi/lib/armv7-m\libg_nano.a(lib_a-gdtoa-gethex.o)
                0x000049ae                __gethex
 .text.L_shift  0x00004dec       0x24 c:/program files (x86)/cypress/psoc creator/4.4/psoc creator/import/gnu/arm/5.4.1/bin/../lib/gcc/arm-none-eabi/5.4.1/../../../../arm-none-eabi/lib/armv7-m\libg_nano.a(lib_a-gdtoa-hexnan.o)
 .text.__match  0x00004e10       0x26 c:/program files (x86)/cypress/psoc creator/4.4/psoc creator/import/gnu/arm/5.4.1/bin/../lib/gcc/arm-none-eabi/5.4.1/../../../../arm-none-eabi/lib/armv7-m\libg_nano.a(lib_a-gdtoa-hexnan.o)
                0x00004e10                __match
 .text.__hexnan
                0x00004e36      0x11c c:/program files (x86)/cypress/psoc creator/4.4/psoc creator/import/gnu/arm/5.4.1/bin/../lib/gcc/arm-none-eabi/5.4.1/../../../../arm-none-eabi/lib/armv7-m\libg_nano.a(lib_a-gdtoa-hexnan.o)
                0x00004e36                __hexnan
 *fill*         0x00004f52        0x2 
 .text._localeconv_r
                0x00004f54        0x8 c:/program files (x86)/cypress/psoc creator/4.4/psoc creator/import/gnu/arm/5.4.1/bin/../lib/gcc/arm-none-eabi/5.4.1/../../../../arm-none-eabi/lib/armv7-m\libg_nano.a(lib_a-locale.o)
                0x00004f54                _localeconv_r
 .text.malloc   0x00004f5c       0x10 c:/program files (x86)/cypress/psoc creator/4.4/psoc creator/import/gnu/arm/5.4.1/bin/../lib/gcc/arm-none-eabi/5.4.1/../../../../arm-none-eabi/lib/armv7-m\libg_nano.a(lib_a-malloc.o)
                0x00004f5c                malloc
 .text.memchr   0x00004f6c       0x1c c:/program files (x86)/cypress/psoc creator/4.4/psoc creator/import/gnu/arm/5.4.1/bin/../lib/gcc/arm-none-eabi/5.4.1/../../../../arm-none-eabi/lib/armv7-m\libg_nano.a(lib_a-memchr-stub.o)
                0x00004f6c                memchr
 .text._Balloc  0x00004f88       0x6a c:/program files (x86)/cypress/psoc creator/4.4/psoc creator/import/gnu/arm/5.4.1/bin/../lib/gcc/arm-none-eabi/5.4.1/../../../../arm-none-eabi/lib/armv7-m\libg_nano.a(lib_a-mprec.o)
                0x00004f88                _Balloc
 .text._Bfree   0x00004ff2       0x2e c:/program files (x86)/cypress/psoc creator/4.4/psoc creator/import/gnu/arm/5.4.1/bin/../lib/gcc/arm-none-eabi/5.4.1/../../../../arm-none-eabi/lib/armv7-m\libg_nano.a(lib_a-mprec.o)
                0x00004ff2                _Bfree
 .text.__multadd
                0x00005020       0x76 c:/program files (x86)/cypress/psoc creator/4.4/psoc creator/import/gnu/arm/5.4.1/bin/../lib/gcc/arm-none-eabi/5.4.1/../../../../arm-none-eabi/lib/armv7-m\libg_nano.a(lib_a-mprec.o)
                0x00005020                __multadd
 .text.__s2b    0x00005096       0x7c c:/program files (x86)/cypress/psoc creator/4.4/psoc creator/import/gnu/arm/5.4.1/bin/../lib/gcc/arm-none-eabi/5.4.1/../../../../arm-none-eabi/lib/armv7-m\libg_nano.a(lib_a-mprec.o)
                0x00005096                __s2b
 .text.__hi0bits
                0x00005112       0x40 c:/program files (x86)/cypress/psoc creator/4.4/psoc creator/import/gnu/arm/5.4.1/bin/../lib/gcc/arm-none-eabi/5.4.1/../../../../arm-none-eabi/lib/armv7-m\libg_nano.a(lib_a-mprec.o)
                0x00005112                __hi0bits
 .text.__lo0bits
                0x00005152       0x5a c:/program files (x86)/cypress/psoc creator/4.4/psoc creator/import/gnu/arm/5.4.1/bin/../lib/gcc/arm-none-eabi/5.4.1/../../../../arm-none-eabi/lib/armv7-m\libg_nano.a(lib_a-mprec.o)
                0x00005152                __lo0bits
 .text.__i2b    0x000051ac       0x12 c:/program files (x86)/cypress/psoc creator/4.4/psoc creator/import/gnu/arm/5.4.1/bin/../lib/gcc/arm-none-eabi/5.4.1/../../../../arm-none-eabi/lib/armv7-m\libg_nano.a(lib_a-mprec.o)
                0x000051ac                __i2b
 .text.__multiply
                0x000051be      0x120 c:/program files (x86)/cypress/psoc creator/4.4/psoc creator/import/gnu/arm/5.4.1/bin/../lib/gcc/arm-none-eabi/5.4.1/../../../../arm-none-eabi/lib/armv7-m\libg_nano.a(lib_a-mprec.o)
                0x000051be                __multiply
 *fill*         0x000052de        0x2 
 .text.__pow5mult
                0x000052e0       0x9c c:/program files (x86)/cypress/psoc creator/4.4/psoc creator/import/gnu/arm/5.4.1/bin/../lib/gcc/arm-none-eabi/5.4.1/../../../../arm-none-eabi/lib/armv7-m\libg_nano.a(lib_a-mprec.o)
                0x000052e0                __pow5mult
 .text.__lshift
                0x0000537c       0xa2 c:/program files (x86)/cypress/psoc creator/4.4/psoc creator/import/gnu/arm/5.4.1/bin/../lib/gcc/arm-none-eabi/5.4.1/../../../../arm-none-eabi/lib/armv7-m\libg_nano.a(lib_a-mprec.o)
                0x0000537c                __lshift
 .text.__mcmp   0x0000541e       0x38 c:/program files (x86)/cypress/psoc creator/4.4/psoc creator/import/gnu/arm/5.4.1/bin/../lib/gcc/arm-none-eabi/5.4.1/../../../../arm-none-eabi/lib/armv7-m\libg_nano.a(lib_a-mprec.o)
                0x0000541e                __mcmp
 .text.__mdiff  0x00005456       0xbe c:/program files (x86)/cypress/psoc creator/4.4/psoc creator/import/gnu/arm/5.4.1/bin/../lib/gcc/arm-none-eabi/5.4.1/../../../../arm-none-eabi/lib/armv7-m\libg_nano.a(lib_a-mprec.o)
                0x00005456                __mdiff
 .text.__ulp    0x00005514       0x48 c:/program files (x86)/cypress/psoc creator/4.4/psoc creator/import/gnu/arm/5.4.1/bin/../lib/gcc/arm-none-eabi/5.4.1/../../../../arm-none-eabi/lib/armv7-m\libg_nano.a(lib_a-mprec.o)
                0x00005514                __ulp
 .text.__b2d    0x0000555c       0x9a c:/program files (x86)/cypress/psoc creator/4.4/psoc creator/import/gnu/arm/5.4.1/bin/../lib/gcc/arm-none-eabi/5.4.1/../../../../arm-none-eabi/lib/armv7-m\libg_nano.a(lib_a-mprec.o)
                0x0000555c                __b2d
 .text.__d2b    0x000055f6       0x9c c:/program files (x86)/cypress/psoc creator/4.4/psoc creator/import/gnu/arm/5.4.1/bin/../lib/gcc/arm-none-eabi/5.4.1/../../../../arm-none-eabi/lib/armv7-m\libg_nano.a(lib_a-mprec.o)
                0x000055f6                __d2b
 .text.__ratio  0x00005692       0x50 c:/program files (x86)/cypress/psoc creator/4.4/psoc creator/import/gnu/arm/5.4.1/bin/../lib/gcc/arm-none-eabi/5.4.1/../../../../arm-none-eabi/lib/armv7-m\libg_nano.a(lib_a-mprec.o)
                0x00005692                __ratio
 .text.__copybits
                0x000056e2       0x34 c:/program files (x86)/cypress/psoc creator/4.4/psoc creator/import/gnu/arm/5.4.1/bin/../lib/gcc/arm-none-eabi/5.4.1/../../../../arm-none-eabi/lib/armv7-m\libg_nano.a(lib_a-mprec.o)
                0x000056e2                __copybits
 .text.__any_on
                0x00005716       0x44 c:/program files (x86)/cypress/psoc creator/4.4/psoc creator/import/gnu/arm/5.4.1/bin/../lib/gcc/arm-none-eabi/5.4.1/../../../../arm-none-eabi/lib/armv7-m\libg_nano.a(lib_a-mprec.o)
                0x00005716                __any_on
 .text._calloc_r
                0x0000575a       0x1c c:/program files (x86)/cypress/psoc creator/4.4/psoc creator/import/gnu/arm/5.4.1/bin/../lib/gcc/arm-none-eabi/5.4.1/../../../../arm-none-eabi/lib/armv7-m\libg_nano.a(lib_a-nano-callocr.o)
                0x0000575a                _calloc_r
 *fill*         0x00005776        0x2 
 .text._free_r  0x00005778       0x98 c:/program files (x86)/cypress/psoc creator/4.4/psoc creator/import/gnu/arm/5.4.1/bin/../lib/gcc/arm-none-eabi/5.4.1/../../../../arm-none-eabi/lib/armv7-m\libg_nano.a(lib_a-nano-freer.o)
                0x00005778                _free_r
 .text._malloc_r
                0x00005810       0xbc c:/program files (x86)/cypress/psoc creator/4.4/psoc creator/import/gnu/arm/5.4.1/bin/../lib/gcc/arm-none-eabi/5.4.1/../../../../arm-none-eabi/lib/armv7-m\libg_nano.a(lib_a-nano-mallocr.o)
                0x00005810                _malloc_r
 .text.__ssputs_r
                0x000058cc       0xb2 c:/program files (x86)/cypress/psoc creator/4.4/psoc creator/import/gnu/arm/5.4.1/bin/../lib/gcc/arm-none-eabi/5.4.1/../../../../arm-none-eabi/lib/armv7-m\libg_nano.a(lib_a-nano-svfprintf.o)
                0x000058cc                __ssputs_r
 *fill*         0x0000597e        0x2 
 .text._svfprintf_r
                0x00005980      0x1e8 c:/program files (x86)/cypress/psoc creator/4.4/psoc creator/import/gnu/arm/5.4.1/bin/../lib/gcc/arm-none-eabi/5.4.1/../../../../arm-none-eabi/lib/armv7-m\libg_nano.a(lib_a-nano-svfprintf.o)
                0x00005980                _svfiprintf_r
                0x00005980                _svfprintf_r
 .text._sbrk_r  0x00005b68       0x20 c:/program files (x86)/cypress/psoc creator/4.4/psoc creator/import/gnu/arm/5.4.1/bin/../lib/gcc/arm-none-eabi/5.4.1/../../../../arm-none-eabi/lib/armv7-m\libg_nano.a(lib_a-sbrkr.o)
                0x00005b68                _sbrk_r
 .text.strncmp  0x00005b88       0x2a c:/program files (x86)/cypress/psoc creator/4.4/psoc creator/import/gnu/arm/5.4.1/bin/../lib/gcc/arm-none-eabi/5.4.1/../../../../arm-none-eabi/lib/armv7-m\libg_nano.a(lib_a-strncmp.o)
                0x00005b88                strncmp
 .text.memmove  0x00005bb2       0x36 c:/program files (x86)/cypress/psoc creator/4.4/psoc creator/import/gnu/arm/5.4.1/bin/../lib/gcc/arm-none-eabi/5.4.1/../../../../arm-none-eabi/lib/armv7-m\libg_nano.a(lib_a-memmove.o)
                0x00005bb2                memmove
 .text.__malloc_lock
                0x00005be8        0x2 c:/program files (x86)/cypress/psoc creator/4.4/psoc creator/import/gnu/arm/5.4.1/bin/../lib/gcc/arm-none-eabi/5.4.1/../../../../arm-none-eabi/lib/armv7-m\libg_nano.a(lib_a-mlock.o)
                0x00005be8                __malloc_lock
 .text.__malloc_unlock
                0x00005bea        0x2 c:/program files (x86)/cypress/psoc creator/4.4/psoc creator/import/gnu/arm/5.4.1/bin/../lib/gcc/arm-none-eabi/5.4.1/../../../../arm-none-eabi/lib/armv7-m\libg_nano.a(lib_a-mlock.o)
                0x00005bea                __malloc_unlock
 .text._realloc_r
                0x00005bec       0x4c c:/program files (x86)/cypress/psoc creator/4.4/psoc creator/import/gnu/arm/5.4.1/bin/../lib/gcc/arm-none-eabi/5.4.1/../../../../arm-none-eabi/lib/armv7-m\libg_nano.a(lib_a-nano-reallocr.o)
                0x00005bec                _realloc_r
 .text._malloc_usable_size_r
                0x00005c38       0x14 c:/program files (x86)/cypress/psoc creator/4.4/psoc creator/import/gnu/arm/5.4.1/bin/../lib/gcc/arm-none-eabi/5.4.1/../../../../arm-none-eabi/lib/armv7-m\libg_nano.a(lib_a-nano-msizer.o)
                0x00005c38                _malloc_usable_size_r
 .text          0x00005c4c       0x50 c:/program files (x86)/cypress/psoc creator/4.4/psoc creator/import/gnu/arm/5.4.1/bin/../lib/gcc/arm-none-eabi/5.4.1/armv7-m\libgcc.a(_arm_fixdfsi.o)
                0x00005c4c                __aeabi_d2iz
                0x00005c4c                __fixdfsi
 .text          0x00005c9c       0x40 c:/program files (x86)/cypress/psoc creator/4.4/psoc creator/import/gnu/arm/5.4.1/bin/../lib/gcc/arm-none-eabi/5.4.1/armv7-m\libgcc.a(_arm_fixunsdfsi.o)
                0x00005c9c                __aeabi_d2uiz
                0x00005c9c                __fixunsdfsi
 *(.plt)
 *(.gnu.warning)
 *(.glue_7t)
 .glue_7t       0x00005cdc        0x0 linker stubs
 *(.glue_7)
 .glue_7        0x00005cdc        0x0 linker stubs
 *(.vfp11_veneer)
 .vfp11_veneer  0x00005cdc        0x0 linker stubs
 *(.bootloader)
 *(.ARM.extab* .gnu.linkonce.armextab.*)
 *(.gcc_except_table)

.v4_bx          0x00005cdc        0x0
 .v4_bx         0x00005cdc        0x0 linker stubs

.iplt           0x00005cdc        0x0
 .iplt          0x00005cdc        0x0 c:/program files (x86)/cypress/psoc creator/4.4/psoc creator/import/gnu/arm/5.4.1/bin/../lib/gcc/arm-none-eabi/5.4.1/armv7-m/crtbegin.o

.eh_frame_hdr
 *(.eh_frame_hdr)

.eh_frame       0x00005cdc        0x4
 *(.eh_frame)
 .eh_frame      0x00005cdc        0x0 c:/program files (x86)/cypress/psoc creator/4.4/psoc creator/import/gnu/arm/5.4.1/bin/../lib/gcc/arm-none-eabi/5.4.1/armv7-m/crtbegin.o
 .eh_frame      0x00005cdc        0x4 c:/program files (x86)/cypress/psoc creator/4.4/psoc creator/import/gnu/arm/5.4.1/bin/../lib/gcc/arm-none-eabi/5.4.1/armv7-m/crtend.o
                [!provide]                PROVIDE (__exidx_start, .)

.ARM.exidx
 *(.ARM.exidx* .gnu.linkonce.armexidx.*)
                0x00005ce0                __exidx_end = .

.rodata         0x00005ce0      0x270
 *(.rodata .rodata.* .gnu.linkonce.r.*)
 .rodata.str1.4
                0x00005ce0       0x2a .\CortexM3\ARM_GCC_541\Debug\main.o
 *fill*         0x00005d0a        0x2 
 .rodata        0x00005d0c       0x50 .\CortexM3\ARM_GCC_541\Debug\cyfitter_cfg.o
 .rodata.str1.4
                0x00005d5c        0x8 c:/program files (x86)/cypress/psoc creator/4.4/psoc creator/import/gnu/arm/5.4.1/bin/../lib/gcc/arm-none-eabi/5.4.1/../../../../arm-none-eabi/lib/armv7-m\libm.a(lib_a-w_sqrt.o)
                                  0x5 (size before relaxing)
 .rodata.str1.1
                0x00005d64        0x2 c:/program files (x86)/cypress/psoc creator/4.4/psoc creator/import/gnu/arm/5.4.1/bin/../lib/gcc/arm-none-eabi/5.4.1/../../../../arm-none-eabi/lib/armv7-m\libg_nano.a(lib_a-impure.o)
 .rodata.str1.1
                0x00005d66       0x12 c:/program files (x86)/cypress/psoc creator/4.4/psoc creator/import/gnu/arm/5.4.1/bin/../lib/gcc/arm-none-eabi/5.4.1/../../../../arm-none-eabi/lib/armv7-m\libg_nano.a(lib_a-nano-vfprintf_float.o)
 .rodata.str1.1
                0x00005d78       0x22 c:/program files (x86)/cypress/psoc creator/4.4/psoc creator/import/gnu/arm/5.4.1/bin/../lib/gcc/arm-none-eabi/5.4.1/../../../../arm-none-eabi/lib/armv7-m\libg_nano.a(lib_a-nano-vfprintf_i.o)
 *fill*         0x00005d9a        0x2 
 .rodata.fpinan.5401
                0x00005d9c       0x14 c:/program files (x86)/cypress/psoc creator/4.4/psoc creator/import/gnu/arm/5.4.1/bin/../lib/gcc/arm-none-eabi/5.4.1/../../../../arm-none-eabi/lib/armv7-m\libg_nano.a(lib_a-strtod.o)
 .rodata.str1.1
                0x00005db0       0x22 c:/program files (x86)/cypress/psoc creator/4.4/psoc creator/import/gnu/arm/5.4.1/bin/../lib/gcc/arm-none-eabi/5.4.1/../../../../arm-none-eabi/lib/armv7-m\libg_nano.a(lib_a-strtod.o)
                                  0xc (size before relaxing)
 .rodata.fpi.5365
                0x00005db0       0x14 c:/program files (x86)/cypress/psoc creator/4.4/psoc creator/import/gnu/arm/5.4.1/bin/../lib/gcc/arm-none-eabi/5.4.1/../../../../arm-none-eabi/lib/armv7-m\libg_nano.a(lib_a-strtod.o)
 *fill*         0x00005dc4        0x4 
 .rodata.tinytens
                0x00005dc8       0x28 c:/program files (x86)/cypress/psoc creator/4.4/psoc creator/import/gnu/arm/5.4.1/bin/../lib/gcc/arm-none-eabi/5.4.1/../../../../arm-none-eabi/lib/armv7-m\libg_nano.a(lib_a-strtod.o)
 .rodata.str1.1
                0x00005df0        0xd c:/program files (x86)/cypress/psoc creator/4.4/psoc creator/import/gnu/arm/5.4.1/bin/../lib/gcc/arm-none-eabi/5.4.1/../../../../arm-none-eabi/lib/armv7-m\libg_nano.a(lib_a-dtoa.o)
                                  0xf (size before relaxing)
 .rodata.str1.1
                0x00005dfd        0x8 c:/program files (x86)/cypress/psoc creator/4.4/psoc creator/import/gnu/arm/5.4.1/bin/../lib/gcc/arm-none-eabi/5.4.1/../../../../arm-none-eabi/lib/armv7-m\libg_nano.a(lib_a-locale.o)
                                  0xb (size before relaxing)
 *fill*         0x00005e05        0x3 
 .rodata.__mprec_tens
                0x00005e08       0xc8 c:/program files (x86)/cypress/psoc creator/4.4/psoc creator/import/gnu/arm/5.4.1/bin/../lib/gcc/arm-none-eabi/5.4.1/../../../../arm-none-eabi/lib/armv7-m\libg_nano.a(lib_a-mprec.o)
                0x00005e08                __mprec_tens
 .rodata.p05.5408
                0x00005ed0        0xc c:/program files (x86)/cypress/psoc creator/4.4/psoc creator/import/gnu/arm/5.4.1/bin/../lib/gcc/arm-none-eabi/5.4.1/../../../../arm-none-eabi/lib/armv7-m\libg_nano.a(lib_a-mprec.o)
 *fill*         0x00005edc        0x4 
 .rodata.__mprec_bigtens
                0x00005ee0       0x28 c:/program files (x86)/cypress/psoc creator/4.4/psoc creator/import/gnu/arm/5.4.1/bin/../lib/gcc/arm-none-eabi/5.4.1/../../../../arm-none-eabi/lib/armv7-m\libg_nano.a(lib_a-mprec.o)
                0x00005ee0                __mprec_bigtens
 .rodata.str1.1
                0x00005f08       0x11 c:/program files (x86)/cypress/psoc creator/4.4/psoc creator/import/gnu/arm/5.4.1/bin/../lib/gcc/arm-none-eabi/5.4.1/../../../../arm-none-eabi/lib/armv7-m\libg_nano.a(lib_a-nano-svfprintf.o)
                0x00005f1c                . = ALIGN (0x4)
 *fill*         0x00005f19        0x3 
 *(.init)
 .init          0x00005f1c        0x4 c:/program files (x86)/cypress/psoc creator/4.4/psoc creator/import/gnu/arm/5.4.1/bin/../lib/gcc/arm-none-eabi/5.4.1/armv7-m/crti.o
                0x00005f1c                _init
 .init          0x00005f20        0x8 c:/program files (x86)/cypress/psoc creator/4.4/psoc creator/import/gnu/arm/5.4.1/bin/../lib/gcc/arm-none-eabi/5.4.1/armv7-m/crtn.o
                0x00005f28                . = ALIGN (0x4)
                0x00005f28                __preinit_array_start = .
 *(.preinit_array)
                0x00005f28                __preinit_array_end = .
                0x00005f28                . = ALIGN (0x4)
                0x00005f28                __init_array_start = .
 *(SORT(.init_array.*))
 *(.init_array)
 .init_array    0x00005f28        0x4 c:/program files (x86)/cypress/psoc creator/4.4/psoc creator/import/gnu/arm/5.4.1/bin/../lib/gcc/arm-none-eabi/5.4.1/armv7-m/crtbegin.o
 .init_array    0x00005f2c        0x4 .\CortexM3\ARM_GCC_541\Debug\Cm3Start.o
                0x00005f30                __init_array_end = .
                0x00005f30                . = ALIGN (0x4)
 *(.fini)
 .fini          0x00005f30        0x4 c:/program files (x86)/cypress/psoc creator/4.4/psoc creator/import/gnu/arm/5.4.1/bin/../lib/gcc/arm-none-eabi/5.4.1/armv7-m/crti.o
                0x00005f30                _fini
 .fini          0x00005f34        0x8 c:/program files (x86)/cypress/psoc creator/4.4/psoc creator/import/gnu/arm/5.4.1/bin/../lib/gcc/arm-none-eabi/5.4.1/armv7-m/crtn.o
                0x00005f3c                . = ALIGN (0x4)
                0x00005f3c                __fini_array_start = .
 *(.fini_array)
 .fini_array    0x00005f3c        0x4 c:/program files (x86)/cypress/psoc creator/4.4/psoc creator/import/gnu/arm/5.4.1/bin/../lib/gcc/arm-none-eabi/5.4.1/armv7-m/crtbegin.o
 *(SORT(.fini_array.*))
                0x00005f40                __fini_array_end = .
                0x00005f40                . = ALIGN (0x4)
 *crtbegin.o(.ctors)
 *(EXCLUDE_FILE(*crtend.o) .ctors)
 *(SORT(.ctors.*))
 *crtend.o(.ctors)
                0x00005f40                . = ALIGN (0x4)
 *crtbegin.o(.dtors)
 *(EXCLUDE_FILE(*crtend.o) .dtors)
 *(SORT(.dtors.*))
 *crtend.o(.dtors)
                0x00005f40                . = ALIGN (0x4)
                0x00005f40                __cy_regions = .
                0x00005f40        0x4 LONG 0x5f50 __cy_region_init_ram
                0x00005f44        0x4 LONG 0x1fff80c8 __cy_region_start_data
                0x00005f48        0x4 LONG 0xe0 __cy_region_init_size_ram
                0x00005f4c        0x4 LONG 0x90 __cy_region_zero_size_ram
                0x00005f50                __cy_regions_end = .
                0x00005f50                . = ALIGN (0x8)
                0x00005f50                _etext = .

.cy_checksum_exclude
                0x00005f50        0x0
 *(.cy_checksum_exclude)

.ramvectors     0x1fff8000       0xc0
                0x1fff8000                __cy_region_start_ram = .
 *(.ramvectors)
 .ramvectors    0x1fff8000       0xc0 .\CortexM3\ARM_GCC_541\Debug\Cm3Start.o
                0x1fff8000                CyRamVectors

.noinit         0x1fff80c0        0x1
 *(.noinit)
 .noinit        0x1fff80c0        0x1 .\CortexM3\ARM_GCC_541\Debug\Design01.a(CyLib.o)
                0x1fff80c0                CyResetStatus

.data           0x1fff80c8       0xe0 load address 0x00005f50
                0x1fff80c8                __cy_region_start_data = .
 *(.jcr)
 .jcr           0x1fff80c8        0x0 c:/program files (x86)/cypress/psoc creator/4.4/psoc creator/import/gnu/arm/5.4.1/bin/../lib/gcc/arm-none-eabi/5.4.1/armv7-m/crtbegin.o
 .jcr           0x1fff80c8        0x4 c:/program files (x86)/cypress/psoc creator/4.4/psoc creator/import/gnu/arm/5.4.1/bin/../lib/gcc/arm-none-eabi/5.4.1/armv7-m/crtend.o
 *(.got.plt)
 *(.got)
 *(.shdata)
 *(.data .data.* .gnu.linkonce.d.*)
 .data          0x1fff80cc       0x28 .\CortexM3\ARM_GCC_541\Debug\main.o
                0x1fff80cc                accel_max
                0x1fff80d0                velocity_max
                0x1fff80d4                control_period
                0x1fff80d8                Kp
                0x1fff80dc                Ki
                0x1fff80e0                Kd
                0x1fff80e4                bias_voltage
                0x1fff80e8                K_velocity
                0x1fff80ec                K_acceleration
                0x1fff80f0                Voltage_max
 .data          0x1fff80f4        0x4 .\CortexM3\ARM_GCC_541\Debug\Cm3Start.o
 .data          0x1fff80f8       0x10 .\CortexM3\ARM_GCC_541\Debug\Design01.a(CyLib.o)
                0x1fff80f8                cydelay_32k_ms
                0x1fff80fc                cydelay_freq_khz
                0x1fff8100                cydelay_freq_mhz
                0x1fff8104                cydelay_freq_hz
 .data.__fdlib_version
                0x1fff8108        0x1 c:/program files (x86)/cypress/psoc creator/4.4/psoc creator/import/gnu/arm/5.4.1/bin/../lib/gcc/arm-none-eabi/5.4.1/../../../../arm-none-eabi/lib/armv7-m\libm.a(lib_a-s_lib_ver.o)
                0x1fff8108                __fdlib_version
 *fill*         0x1fff8109        0x3 
 .data.impure_data
                0x1fff810c       0x60 c:/program files (x86)/cypress/psoc creator/4.4/psoc creator/import/gnu/arm/5.4.1/bin/../lib/gcc/arm-none-eabi/5.4.1/../../../../arm-none-eabi/lib/armv7-m\libg_nano.a(lib_a-impure.o)
 .data._impure_ptr
                0x1fff816c        0x4 c:/program files (x86)/cypress/psoc creator/4.4/psoc creator/import/gnu/arm/5.4.1/bin/../lib/gcc/arm-none-eabi/5.4.1/../../../../arm-none-eabi/lib/armv7-m\libg_nano.a(lib_a-impure.o)
                0x1fff816c                _impure_ptr
 .data.lconv    0x1fff8170       0x38 c:/program files (x86)/cypress/psoc creator/4.4/psoc creator/import/gnu/arm/5.4.1/bin/../lib/gcc/arm-none-eabi/5.4.1/../../../../arm-none-eabi/lib/armv7-m\libg_nano.a(lib_a-locale.o)
                0x1fff81a8                . = ALIGN (0x8)
 *(.ram)
                0x1fff81a8                _edata = .

.igot.plt       0x1fff81a8        0x0 load address 0x00006030
 .igot.plt      0x1fff81a8        0x0 c:/program files (x86)/cypress/psoc creator/4.4/psoc creator/import/gnu/arm/5.4.1/bin/../lib/gcc/arm-none-eabi/5.4.1/armv7-m/crtbegin.o

.bss            0x1fff81a8       0x90 load address 0x00006030
                0x1fff81a8                PROVIDE (__bss_start__, .)
 *(.shbss)
 *(.bss .bss.* .gnu.linkonce.b.*)
 .bss           0x1fff81a8       0x1c c:/program files (x86)/cypress/psoc creator/4.4/psoc creator/import/gnu/arm/5.4.1/bin/../lib/gcc/arm-none-eabi/5.4.1/armv7-m/crtbegin.o
 .bss           0x1fff81c4        0x1 .\CortexM3\ARM_GCC_541\Debug\Design01.a(Motor_1_PWM.o)
                0x1fff81c4                Motor_1_PWM_initVar
 .bss           0x1fff81c5        0x1 .\CortexM3\ARM_GCC_541\Debug\Design01.a(Motor_2_PWM.o)
                0x1fff81c5                Motor_2_PWM_initVar
 .bss           0x1fff81c6        0x1 .\CortexM3\ARM_GCC_541\Debug\Design01.a(QuadDec_1.o)
                0x1fff81c6                QuadDec_1_initVar
 *fill*         0x1fff81c7        0x1 
 .bss           0x1fff81c8        0x4 .\CortexM3\ARM_GCC_541\Debug\Design01.a(QuadDec_1_INT.o)
                0x1fff81c8                QuadDec_1_count32SoftPart
 .bss           0x1fff81cc        0x1 .\CortexM3\ARM_GCC_541\Debug\Design01.a(QuadDec_2.o)
                0x1fff81cc                QuadDec_2_initVar
 *fill*         0x1fff81cd        0x3 
 .bss           0x1fff81d0        0x4 .\CortexM3\ARM_GCC_541\Debug\Design01.a(QuadDec_2_INT.o)
                0x1fff81d0                QuadDec_2_count32SoftPart
 .bss           0x1fff81d4        0x1 .\CortexM3\ARM_GCC_541\Debug\Design01.a(QuadDec_1_Cnt16.o)
                0x1fff81d4                QuadDec_1_Cnt16_initVar
 .bss           0x1fff81d5        0x1 .\CortexM3\ARM_GCC_541\Debug\Design01.a(QuadDec_2_Cnt16.o)
                0x1fff81d5                QuadDec_2_Cnt16_initVar
 .bss           0x1fff81d6        0x7 .\CortexM3\ARM_GCC_541\Debug\Design01.a(UART_1.o)
                0x1fff81d6                UART_1_errorStatus
                0x1fff81d7                UART_1_initVar
                0x1fff81d8                UART_1_rxBufferRead
                0x1fff81d9                UART_1_rxBufferWrite
                0x1fff81da                UART_1_rxBufferLoopDetect
                0x1fff81db                UART_1_rxBufferOverflow
 .bss           0x1fff81dd        0x7 .\CortexM3\ARM_GCC_541\Debug\Design01.a(UART_2.o)
                0x1fff81dd                UART_2_errorStatus
                0x1fff81de                UART_2_initVar
                0x1fff81df                UART_2_rxBufferRead
                0x1fff81e0                UART_2_rxBufferWrite
                0x1fff81e1                UART_2_rxBufferLoopDetect
                0x1fff81e2                UART_2_rxBufferOverflow
 .bss           0x1fff81e4        0x1 .\CortexM3\ARM_GCC_541\Debug\Design01.a(GlobalClock.o)
                0x1fff81e4                GlobalClock_initVar
 *fill*         0x1fff81e5        0x3 
 .bss.__malloc_sbrk_start
                0x1fff81e8        0x4 c:/program files (x86)/cypress/psoc creator/4.4/psoc creator/import/gnu/arm/5.4.1/bin/../lib/gcc/arm-none-eabi/5.4.1/../../../../arm-none-eabi/lib/armv7-m\libg_nano.a(lib_a-nano-mallocr.o)
                0x1fff81e8                __malloc_sbrk_start
 .bss.__malloc_free_list
                0x1fff81ec        0x4 c:/program files (x86)/cypress/psoc creator/4.4/psoc creator/import/gnu/arm/5.4.1/bin/../lib/gcc/arm-none-eabi/5.4.1/../../../../arm-none-eabi/lib/armv7-m\libg_nano.a(lib_a-nano-mallocr.o)
                0x1fff81ec                __malloc_free_list
 *(COMMON)
 COMMON         0x1fff81f0       0x20 .\CortexM3\ARM_GCC_541\Debug\Design01.a(UART_1.o)
                0x1fff81f0                UART_1_rxBuffer
 COMMON         0x1fff8210       0x20 .\CortexM3\ARM_GCC_541\Debug\Design01.a(UART_2.o)
                0x1fff8210                UART_2_rxBuffer
 COMMON         0x1fff8230        0x4 c:/program files (x86)/cypress/psoc creator/4.4/psoc creator/import/gnu/arm/5.4.1/bin/../lib/gcc/arm-none-eabi/5.4.1/../../../../arm-none-eabi/lib/armv7-m\libg_nano.a(lib_a-reent.o)
                0x1fff8230                errno
                0x1fff8238                . = ALIGN (0x8)
 *fill*         0x1fff8234        0x4 
 *(.ram.b)
                0x1fff8238                _end = .
                0x1fff8238                __end = .
                0x1fff8238                PROVIDE (end, .)
                0x1fff8238                PROVIDE (__bss_end__, .)
                0x00005f50                __cy_region_init_ram = LOADADDR (.data)
                0x000000e0                __cy_region_init_size_ram = (_edata - ADDR (.data))
                0x00000090                __cy_region_zero_size_ram = (_end - _edata)

.heap           0x1fff8238      0x200 load address 0x00006030
                0x1fff8238                . = _end
                0x1fff8438                . = (. + 0x200)
 *fill*         0x1fff8238      0x200 
                0x1fff8438                __cy_heap_limit = .

.stack          0x20007800      0x800
                0x20007800                __cy_stack_limit = .
                0x20008000                . = (. + 0x800)
 *fill*         0x20007800      0x800 
                0x00000001                ASSERT ((__cy_stack_limit >= __cy_heap_limit), region RAM overflowed with stack)
                0x00000000                cy_checksum_exclude_size = (CY_APPL_LOADABLE == 0x1)?SIZEOF (.cy_checksum_exclude):0x0
                0x00000001                ASSERT ((cy_checksum_exclude_size <= CY_CHECKSUM_EXCLUDE_SIZE), CY_BOOT: Section .cy_checksum_exclude size exceedes specified limit.)

.cyloadermeta
 *(.cyloadermeta)

.cyloadablemeta
 *(.cyloadablemeta)

.cyconfigecc    0x80000000      0xea8
 *(.cyconfigecc)
 .cyconfigecc   0x80000000      0xea8 .\CortexM3\ARM_GCC_541\Debug\cymetadata.o
                0x80000000                cy_meta_configecc

.cycustnvl      0x90000000        0x4
 *(.cycustnvl)
 .cycustnvl     0x90000000        0x4 .\CortexM3\ARM_GCC_541\Debug\cymetadata.o
                0x90000000                cy_meta_custnvl

.cywolatch      0x90100000        0x4
 *(.cywolatch)
 .cywolatch     0x90100000        0x4 .\CortexM3\ARM_GCC_541\Debug\cymetadata.o
                0x90100000                cy_meta_wonvl

.cyeeprom       0x90200000        0x0
 *(.cyeeprom)
                0x00000001                ASSERT ((. <= ((0x90200000 + ee_offset) + ee_size)), .cyeeprom data will not fit in EEPROM)

.cyflashprotect
                0x90400000      0x100
 *(.cyflashprotect)
 .cyflashprotect
                0x90400000      0x100 .\CortexM3\ARM_GCC_541\Debug\cymetadata.o
                0x90400000                cy_meta_flashprotect

.cymeta         0x90500000        0xc
 *(.cymeta)
 .cymeta        0x90500000        0xc .\CortexM3\ARM_GCC_541\Debug\cymetadata.o
                0x90500000                cy_metadata

.rel.dyn        0x00006030        0x0 load address 0x9050000c
 .rel.iplt      0x00006030        0x0 c:/program files (x86)/cypress/psoc creator/4.4/psoc creator/import/gnu/arm/5.4.1/bin/../lib/gcc/arm-none-eabi/5.4.1/armv7-m/crtbegin.o

.stab
 *(.stab)

.stabstr
 *(.stabstr)

.debug
 *(.debug)

.line
 *(.line)

.debug_srcinfo
 *(.debug_srcinfo)

.debug_sfnames
 *(.debug_sfnames)

.debug_aranges  0x00000000      0xd28
 *(.debug_aranges)
 .debug_aranges
                0x00000000       0x80 .\CortexM3\ARM_GCC_541\Debug\main.o
 .debug_aranges
                0x00000080       0x58 .\CortexM3\ARM_GCC_541\Debug\cyfitter_cfg.o
 .debug_aranges
                0x000000d8       0x18 .\CortexM3\ARM_GCC_541\Debug\cymetadata.o
 .debug_aranges
                0x000000f0       0x48 .\CortexM3\ARM_GCC_541\Debug\Cm3Start.o
 .debug_aranges
                0x00000138       0x78 .\CortexM3\ARM_GCC_541\Debug\Design01.a(Motor_1_PWM.o)
 .debug_aranges
                0x000001b0       0x78 .\CortexM3\ARM_GCC_541\Debug\Design01.a(Motor_2_PWM.o)
 .debug_aranges
                0x00000228       0x60 .\CortexM3\ARM_GCC_541\Debug\Design01.a(QuadDec_1.o)
 .debug_aranges
                0x00000288       0x20 .\CortexM3\ARM_GCC_541\Debug\Design01.a(QuadDec_1_INT.o)
 .debug_aranges
                0x000002a8       0x60 .\CortexM3\ARM_GCC_541\Debug\Design01.a(QuadDec_2.o)
 .debug_aranges
                0x00000308       0x20 .\CortexM3\ARM_GCC_541\Debug\Design01.a(QuadDec_2_INT.o)
 .debug_aranges
                0x00000328       0x38 .\CortexM3\ARM_GCC_541\Debug\Design01.a(Motor_1_IN1.o)
 .debug_aranges
                0x00000360       0x38 .\CortexM3\ARM_GCC_541\Debug\Design01.a(Motor_1_IN2.o)
 .debug_aranges
                0x00000398       0x38 .\CortexM3\ARM_GCC_541\Debug\Design01.a(Motor_2_IN1.o)
 .debug_aranges
                0x000003d0       0x38 .\CortexM3\ARM_GCC_541\Debug\Design01.a(Motor_2_IN2.o)
 .debug_aranges
                0x00000408       0x98 .\CortexM3\ARM_GCC_541\Debug\Design01.a(QuadDec_1_Cnt16.o)
 .debug_aranges
                0x000004a0       0x98 .\CortexM3\ARM_GCC_541\Debug\Design01.a(QuadDec_2_Cnt16.o)
 .debug_aranges
                0x00000538      0x2a0 .\CortexM3\ARM_GCC_541\Debug\Design01.a(CyLib.o)
 .debug_aranges
                0x000007d8       0x98 .\CortexM3\ARM_GCC_541\Debug\Design01.a(cyPm.o)
 .debug_aranges
                0x00000870       0xf0 .\CortexM3\ARM_GCC_541\Debug\Design01.a(UART_1.o)
 .debug_aranges
                0x00000960       0x20 .\CortexM3\ARM_GCC_541\Debug\Design01.a(UART_1_INT.o)
 .debug_aranges
                0x00000980       0x70 .\CortexM3\ARM_GCC_541\Debug\Design01.a(UART_1_IntClock.o)
 .debug_aranges
                0x000009f0       0xf0 .\CortexM3\ARM_GCC_541\Debug\Design01.a(UART_2.o)
 .debug_aranges
                0x00000ae0       0x20 .\CortexM3\ARM_GCC_541\Debug\Design01.a(UART_2_INT.o)
 .debug_aranges
                0x00000b00       0x70 .\CortexM3\ARM_GCC_541\Debug\Design01.a(UART_2_IntClock.o)
 .debug_aranges
                0x00000b70       0x90 .\CortexM3\ARM_GCC_541\Debug\Design01.a(GlobalClock.o)
 .debug_aranges
                0x00000c00       0x20 .\CortexM3\ARM_GCC_541\Debug\Design01.a(CyBootAsmGnu.o)
 .debug_aranges
                0x00000c20       0x88 .\CortexM3\ARM_GCC_541\Debug\Design01.a(CyFlash.o)
 .debug_aranges
                0x00000ca8       0x80 .\CortexM3\ARM_GCC_541\Debug\Design01.a(CySpc.o)

.debug_pubnames
 *(.debug_pubnames)

.debug_info     0x00000000     0x7288
 *(.debug_info .gnu.linkonce.wi.*)
 .debug_info    0x00000000      0xc7d .\CortexM3\ARM_GCC_541\Debug\main.o
 .debug_info    0x00000c7d      0x5b9 .\CortexM3\ARM_GCC_541\Debug\cyfitter_cfg.o
 .debug_info    0x00001236      0x139 .\CortexM3\ARM_GCC_541\Debug\cymetadata.o
 .debug_info    0x0000136f      0x3bb .\CortexM3\ARM_GCC_541\Debug\Cm3Start.o
 .debug_info    0x0000172a      0x27f .\CortexM3\ARM_GCC_541\Debug\Design01.a(Motor_1_PWM.o)
 .debug_info    0x000019a9      0x27f .\CortexM3\ARM_GCC_541\Debug\Design01.a(Motor_2_PWM.o)
 .debug_info    0x00001c28      0x357 .\CortexM3\ARM_GCC_541\Debug\Design01.a(QuadDec_1.o)
 .debug_info    0x00001f7f       0xf3 .\CortexM3\ARM_GCC_541\Debug\Design01.a(QuadDec_1_INT.o)
 .debug_info    0x00002072      0x357 .\CortexM3\ARM_GCC_541\Debug\Design01.a(QuadDec_2.o)
 .debug_info    0x000023c9       0xf3 .\CortexM3\ARM_GCC_541\Debug\Design01.a(QuadDec_2_INT.o)
 .debug_info    0x000024bc      0x11f .\CortexM3\ARM_GCC_541\Debug\Design01.a(Motor_1_IN1.o)
 .debug_info    0x000025db      0x11f .\CortexM3\ARM_GCC_541\Debug\Design01.a(Motor_1_IN2.o)
 .debug_info    0x000026fa      0x11f .\CortexM3\ARM_GCC_541\Debug\Design01.a(Motor_2_IN1.o)
 .debug_info    0x00002819      0x11f .\CortexM3\ARM_GCC_541\Debug\Design01.a(Motor_2_IN2.o)
 .debug_info    0x00002938      0x348 .\CortexM3\ARM_GCC_541\Debug\Design01.a(QuadDec_1_Cnt16.o)
 .debug_info    0x00002c80      0x348 .\CortexM3\ARM_GCC_541\Debug\Design01.a(QuadDec_2_Cnt16.o)
 .debug_info    0x00002fc8     0x1374 .\CortexM3\ARM_GCC_541\Debug\Design01.a(CyLib.o)
 .debug_info    0x0000433c      0xa2a .\CortexM3\ARM_GCC_541\Debug\Design01.a(cyPm.o)
 .debug_info    0x00004d66      0x72d .\CortexM3\ARM_GCC_541\Debug\Design01.a(UART_1.o)
 .debug_info    0x00005493      0x14c .\CortexM3\ARM_GCC_541\Debug\Design01.a(UART_1_INT.o)
 .debug_info    0x000055df      0x283 .\CortexM3\ARM_GCC_541\Debug\Design01.a(UART_1_IntClock.o)
 .debug_info    0x00005862      0x72d .\CortexM3\ARM_GCC_541\Debug\Design01.a(UART_2.o)
 .debug_info    0x00005f8f      0x14c .\CortexM3\ARM_GCC_541\Debug\Design01.a(UART_2_INT.o)
 .debug_info    0x000060db      0x283 .\CortexM3\ARM_GCC_541\Debug\Design01.a(UART_2_IntClock.o)
 .debug_info    0x0000635e      0x2ee .\CortexM3\ARM_GCC_541\Debug\Design01.a(GlobalClock.o)
 .debug_info    0x0000664c       0x9f .\CortexM3\ARM_GCC_541\Debug\Design01.a(CyBootAsmGnu.o)
 .debug_info    0x000066eb      0x64d .\CortexM3\ARM_GCC_541\Debug\Design01.a(CyFlash.o)
 .debug_info    0x00006d38      0x550 .\CortexM3\ARM_GCC_541\Debug\Design01.a(CySpc.o)

.debug_abbrev   0x00000000     0x1f7d
 *(.debug_abbrev)
 .debug_abbrev  0x00000000      0x22c .\CortexM3\ARM_GCC_541\Debug\main.o
 .debug_abbrev  0x0000022c      0x20d .\CortexM3\ARM_GCC_541\Debug\cyfitter_cfg.o
 .debug_abbrev  0x00000439       0x77 .\CortexM3\ARM_GCC_541\Debug\cymetadata.o
 .debug_abbrev  0x000004b0      0x1e8 .\CortexM3\ARM_GCC_541\Debug\Cm3Start.o
 .debug_abbrev  0x00000698      0x12d .\CortexM3\ARM_GCC_541\Debug\Design01.a(Motor_1_PWM.o)
 .debug_abbrev  0x000007c5      0x12d .\CortexM3\ARM_GCC_541\Debug\Design01.a(Motor_2_PWM.o)
 .debug_abbrev  0x000008f2      0x128 .\CortexM3\ARM_GCC_541\Debug\Design01.a(QuadDec_1.o)
 .debug_abbrev  0x00000a1a       0x78 .\CortexM3\ARM_GCC_541\Debug\Design01.a(QuadDec_1_INT.o)
 .debug_abbrev  0x00000a92      0x128 .\CortexM3\ARM_GCC_541\Debug\Design01.a(QuadDec_2.o)
 .debug_abbrev  0x00000bba       0x78 .\CortexM3\ARM_GCC_541\Debug\Design01.a(QuadDec_2_INT.o)
 .debug_abbrev  0x00000c32       0x90 .\CortexM3\ARM_GCC_541\Debug\Design01.a(Motor_1_IN1.o)
 .debug_abbrev  0x00000cc2       0x90 .\CortexM3\ARM_GCC_541\Debug\Design01.a(Motor_1_IN2.o)
 .debug_abbrev  0x00000d52       0x90 .\CortexM3\ARM_GCC_541\Debug\Design01.a(Motor_2_IN1.o)
 .debug_abbrev  0x00000de2       0x90 .\CortexM3\ARM_GCC_541\Debug\Design01.a(Motor_2_IN2.o)
 .debug_abbrev  0x00000e72      0x117 .\CortexM3\ARM_GCC_541\Debug\Design01.a(QuadDec_1_Cnt16.o)
 .debug_abbrev  0x00000f89      0x117 .\CortexM3\ARM_GCC_541\Debug\Design01.a(QuadDec_2_Cnt16.o)
 .debug_abbrev  0x000010a0      0x254 .\CortexM3\ARM_GCC_541\Debug\Design01.a(CyLib.o)
 .debug_abbrev  0x000012f4      0x1ab .\CortexM3\ARM_GCC_541\Debug\Design01.a(cyPm.o)
 .debug_abbrev  0x0000149f      0x16f .\CortexM3\ARM_GCC_541\Debug\Design01.a(UART_1.o)
 .debug_abbrev  0x0000160e       0x8a .\CortexM3\ARM_GCC_541\Debug\Design01.a(UART_1_INT.o)
 .debug_abbrev  0x00001698      0x139 .\CortexM3\ARM_GCC_541\Debug\Design01.a(UART_1_IntClock.o)
 .debug_abbrev  0x000017d1      0x16f .\CortexM3\ARM_GCC_541\Debug\Design01.a(UART_2.o)
 .debug_abbrev  0x00001940       0x8a .\CortexM3\ARM_GCC_541\Debug\Design01.a(UART_2_INT.o)
 .debug_abbrev  0x000019ca      0x139 .\CortexM3\ARM_GCC_541\Debug\Design01.a(UART_2_IntClock.o)
 .debug_abbrev  0x00001b03      0x12b .\CortexM3\ARM_GCC_541\Debug\Design01.a(GlobalClock.o)
 .debug_abbrev  0x00001c2e       0x14 .\CortexM3\ARM_GCC_541\Debug\Design01.a(CyBootAsmGnu.o)
 .debug_abbrev  0x00001c42      0x1a7 .\CortexM3\ARM_GCC_541\Debug\Design01.a(CyFlash.o)
 .debug_abbrev  0x00001de9      0x194 .\CortexM3\ARM_GCC_541\Debug\Design01.a(CySpc.o)

.debug_line     0x00000000     0x314f
 *(.debug_line)
 .debug_line    0x00000000      0x4b8 .\CortexM3\ARM_GCC_541\Debug\main.o
 .debug_line    0x000004b8      0x1fb .\CortexM3\ARM_GCC_541\Debug\cyfitter_cfg.o
 .debug_line    0x000006b3      0x141 .\CortexM3\ARM_GCC_541\Debug\cymetadata.o
 .debug_line    0x000007f4      0x234 .\CortexM3\ARM_GCC_541\Debug\Cm3Start.o
 .debug_line    0x00000a28      0x139 .\CortexM3\ARM_GCC_541\Debug\Design01.a(Motor_1_PWM.o)
 .debug_line    0x00000b61      0x139 .\CortexM3\ARM_GCC_541\Debug\Design01.a(Motor_2_PWM.o)
 .debug_line    0x00000c9a      0x13d .\CortexM3\ARM_GCC_541\Debug\Design01.a(QuadDec_1.o)
 .debug_line    0x00000dd7       0x6c .\CortexM3\ARM_GCC_541\Debug\Design01.a(QuadDec_1_INT.o)
 .debug_line    0x00000e43      0x13d .\CortexM3\ARM_GCC_541\Debug\Design01.a(QuadDec_2.o)
 .debug_line    0x00000f80       0x6c .\CortexM3\ARM_GCC_541\Debug\Design01.a(QuadDec_2_INT.o)
 .debug_line    0x00000fec       0x98 .\CortexM3\ARM_GCC_541\Debug\Design01.a(Motor_1_IN1.o)
 .debug_line    0x00001084       0x98 .\CortexM3\ARM_GCC_541\Debug\Design01.a(Motor_1_IN2.o)
 .debug_line    0x0000111c       0x98 .\CortexM3\ARM_GCC_541\Debug\Design01.a(Motor_2_IN1.o)
 .debug_line    0x000011b4       0x98 .\CortexM3\ARM_GCC_541\Debug\Design01.a(Motor_2_IN2.o)
 .debug_line    0x0000124c      0x18f .\CortexM3\ARM_GCC_541\Debug\Design01.a(QuadDec_1_Cnt16.o)
 .debug_line    0x000013db      0x18f .\CortexM3\ARM_GCC_541\Debug\Design01.a(QuadDec_2_Cnt16.o)
 .debug_line    0x0000156a      0x816 .\CortexM3\ARM_GCC_541\Debug\Design01.a(CyLib.o)
 .debug_line    0x00001d80      0x367 .\CortexM3\ARM_GCC_541\Debug\Design01.a(cyPm.o)
 .debug_line    0x000020e7      0x306 .\CortexM3\ARM_GCC_541\Debug\Design01.a(UART_1.o)
 .debug_line    0x000023ed       0x85 .\CortexM3\ARM_GCC_541\Debug\Design01.a(UART_1_INT.o)
 .debug_line    0x00002472      0x17e .\CortexM3\ARM_GCC_541\Debug\Design01.a(UART_1_IntClock.o)
 .debug_line    0x000025f0      0x306 .\CortexM3\ARM_GCC_541\Debug\Design01.a(UART_2.o)
 .debug_line    0x000028f6       0x85 .\CortexM3\ARM_GCC_541\Debug\Design01.a(UART_2_INT.o)
 .debug_line    0x0000297b      0x17e .\CortexM3\ARM_GCC_541\Debug\Design01.a(UART_2_IntClock.o)
 .debug_line    0x00002af9      0x176 .\CortexM3\ARM_GCC_541\Debug\Design01.a(GlobalClock.o)
 .debug_line    0x00002c6f       0x66 .\CortexM3\ARM_GCC_541\Debug\Design01.a(CyBootAsmGnu.o)
 .debug_line    0x00002cd5      0x21a .\CortexM3\ARM_GCC_541\Debug\Design01.a(CyFlash.o)
 .debug_line    0x00002eef      0x260 .\CortexM3\ARM_GCC_541\Debug\Design01.a(CySpc.o)

.debug_frame    0x00000000     0x29c8
 *(.debug_frame)
 .debug_frame   0x00000000      0x1dc .\CortexM3\ARM_GCC_541\Debug\main.o
 .debug_frame   0x000001dc       0xe4 .\CortexM3\ARM_GCC_541\Debug\cyfitter_cfg.o
 .debug_frame   0x000002c0       0xb8 .\CortexM3\ARM_GCC_541\Debug\Cm3Start.o
 .debug_frame   0x00000378       0xe8 .\CortexM3\ARM_GCC_541\Debug\Design01.a(Motor_1_PWM.o)
 .debug_frame   0x00000460       0xe8 .\CortexM3\ARM_GCC_541\Debug\Design01.a(Motor_2_PWM.o)
 .debug_frame   0x00000548       0xec .\CortexM3\ARM_GCC_541\Debug\Design01.a(QuadDec_1.o)
 .debug_frame   0x00000634       0x20 .\CortexM3\ARM_GCC_541\Debug\Design01.a(QuadDec_1_INT.o)
 .debug_frame   0x00000654       0xec .\CortexM3\ARM_GCC_541\Debug\Design01.a(QuadDec_2.o)
 .debug_frame   0x00000740       0x20 .\CortexM3\ARM_GCC_541\Debug\Design01.a(QuadDec_2_INT.o)
 .debug_frame   0x00000760       0x50 .\CortexM3\ARM_GCC_541\Debug\Design01.a(Motor_1_IN1.o)
 .debug_frame   0x000007b0       0x50 .\CortexM3\ARM_GCC_541\Debug\Design01.a(Motor_1_IN2.o)
 .debug_frame   0x00000800       0x50 .\CortexM3\ARM_GCC_541\Debug\Design01.a(Motor_2_IN1.o)
 .debug_frame   0x00000850       0x50 .\CortexM3\ARM_GCC_541\Debug\Design01.a(Motor_2_IN2.o)
 .debug_frame   0x000008a0      0x134 .\CortexM3\ARM_GCC_541\Debug\Design01.a(QuadDec_1_Cnt16.o)
 .debug_frame   0x000009d4      0x134 .\CortexM3\ARM_GCC_541\Debug\Design01.a(QuadDec_2_Cnt16.o)
 .debug_frame   0x00000b08      0x738 .\CortexM3\ARM_GCC_541\Debug\Design01.a(CyLib.o)
 .debug_frame   0x00001240      0x1f8 .\CortexM3\ARM_GCC_541\Debug\Design01.a(cyPm.o)
 .debug_frame   0x00001438      0x25c .\CortexM3\ARM_GCC_541\Debug\Design01.a(UART_1.o)
 .debug_frame   0x00001694       0x20 .\CortexM3\ARM_GCC_541\Debug\Design01.a(UART_1_INT.o)
 .debug_frame   0x000016b4       0xe0 .\CortexM3\ARM_GCC_541\Debug\Design01.a(UART_1_IntClock.o)
 .debug_frame   0x00001794      0x25c .\CortexM3\ARM_GCC_541\Debug\Design01.a(UART_2.o)
 .debug_frame   0x000019f0       0x20 .\CortexM3\ARM_GCC_541\Debug\Design01.a(UART_2_INT.o)
 .debug_frame   0x00001a10       0xe0 .\CortexM3\ARM_GCC_541\Debug\Design01.a(UART_2_IntClock.o)
 .debug_frame   0x00001af0      0x124 .\CortexM3\ARM_GCC_541\Debug\Design01.a(GlobalClock.o)
 .debug_frame   0x00001c14      0x194 .\CortexM3\ARM_GCC_541\Debug\Design01.a(CyFlash.o)
 .debug_frame   0x00001da8      0x180 .\CortexM3\ARM_GCC_541\Debug\Design01.a(CySpc.o)
 .debug_frame   0x00001f28       0x44 c:/program files (x86)/cypress/psoc creator/4.4/psoc creator/import/gnu/arm/5.4.1/bin/../lib/gcc/arm-none-eabi/5.4.1/../../../../arm-none-eabi/lib/armv7-m\libm.a(lib_a-w_sqrt.o)
 .debug_frame   0x00001f6c       0x30 c:/program files (x86)/cypress/psoc creator/4.4/psoc creator/import/gnu/arm/5.4.1/bin/../lib/gcc/arm-none-eabi/5.4.1/../../../../arm-none-eabi/lib/armv7-m\libm.a(lib_a-e_sqrt.o)
 .debug_frame   0x00001f9c       0x20 c:/program files (x86)/cypress/psoc creator/4.4/psoc creator/import/gnu/arm/5.4.1/bin/../lib/gcc/arm-none-eabi/5.4.1/../../../../arm-none-eabi/lib/armv7-m\libm.a(lib_a-s_matherr.o)
 .debug_frame   0x00001fbc       0x20 c:/program files (x86)/cypress/psoc creator/4.4/psoc creator/import/gnu/arm/5.4.1/bin/../lib/gcc/arm-none-eabi/5.4.1/../../../../arm-none-eabi/lib/armv7-m\libg_nano.a(lib_a-atof.o)
 .debug_frame   0x00001fdc       0x20 c:/program files (x86)/cypress/psoc creator/4.4/psoc creator/import/gnu/arm/5.4.1/bin/../lib/gcc/arm-none-eabi/5.4.1/../../../../arm-none-eabi/lib/armv7-m\libg_nano.a(lib_a-errno.o)
 .debug_frame   0x00001ffc       0x28 c:/program files (x86)/cypress/psoc creator/4.4/psoc creator/import/gnu/arm/5.4.1/bin/../lib/gcc/arm-none-eabi/5.4.1/../../../../arm-none-eabi/lib/armv7-m\libg_nano.a(lib_a-exit.o)
 .debug_frame   0x00002024       0x2c c:/program files (x86)/cypress/psoc creator/4.4/psoc creator/import/gnu/arm/5.4.1/bin/../lib/gcc/arm-none-eabi/5.4.1/../../../../arm-none-eabi/lib/armv7-m\libg_nano.a(lib_a-init.o)
 .debug_frame   0x00002050       0x28 c:/program files (x86)/cypress/psoc creator/4.4/psoc creator/import/gnu/arm/5.4.1/bin/../lib/gcc/arm-none-eabi/5.4.1/../../../../arm-none-eabi/lib/armv7-m\libg_nano.a(lib_a-memcpy-stub.o)
 .debug_frame   0x00002078       0x20 c:/program files (x86)/cypress/psoc creator/4.4/psoc creator/import/gnu/arm/5.4.1/bin/../lib/gcc/arm-none-eabi/5.4.1/../../../../arm-none-eabi/lib/armv7-m\libg_nano.a(lib_a-memset.o)
 .debug_frame   0x00002098       0x8c c:/program files (x86)/cypress/psoc creator/4.4/psoc creator/import/gnu/arm/5.4.1/bin/../lib/gcc/arm-none-eabi/5.4.1/../../../../arm-none-eabi/lib/armv7-m\libg_nano.a(lib_a-nano-vfprintf_float.o)
 .debug_frame   0x00002124       0x60 c:/program files (x86)/cypress/psoc creator/4.4/psoc creator/import/gnu/arm/5.4.1/bin/../lib/gcc/arm-none-eabi/5.4.1/../../../../arm-none-eabi/lib/armv7-m\libg_nano.a(lib_a-nano-vfprintf_i.o)
 .debug_frame   0x00002184       0x70 c:/program files (x86)/cypress/psoc creator/4.4/psoc creator/import/gnu/arm/5.4.1/bin/../lib/gcc/arm-none-eabi/5.4.1/../../../../arm-none-eabi/lib/armv7-m\libg_nano.a(lib_a-sprintf.o)
 .debug_frame   0x000021f4       0x98 c:/program files (x86)/cypress/psoc creator/4.4/psoc creator/import/gnu/arm/5.4.1/bin/../lib/gcc/arm-none-eabi/5.4.1/../../../../arm-none-eabi/lib/armv7-m\libg_nano.a(lib_a-strtod.o)
 .debug_frame   0x0000228c       0x6c c:/program files (x86)/cypress/psoc creator/4.4/psoc creator/import/gnu/arm/5.4.1/bin/../lib/gcc/arm-none-eabi/5.4.1/../../../../arm-none-eabi/lib/armv7-m\libg_nano.a(lib_a-dtoa.o)
 .debug_frame   0x000022f8       0x70 c:/program files (x86)/cypress/psoc creator/4.4/psoc creator/import/gnu/arm/5.4.1/bin/../lib/gcc/arm-none-eabi/5.4.1/../../../../arm-none-eabi/lib/armv7-m\libg_nano.a(lib_a-gdtoa-gethex.o)
 .debug_frame   0x00002368       0x74 c:/program files (x86)/cypress/psoc creator/4.4/psoc creator/import/gnu/arm/5.4.1/bin/../lib/gcc/arm-none-eabi/5.4.1/../../../../arm-none-eabi/lib/armv7-m\libg_nano.a(lib_a-gdtoa-hexnan.o)
 .debug_frame   0x000023dc       0x98 c:/program files (x86)/cypress/psoc creator/4.4/psoc creator/import/gnu/arm/5.4.1/bin/../lib/gcc/arm-none-eabi/5.4.1/../../../../arm-none-eabi/lib/armv7-m\libg_nano.a(lib_a-locale.o)
 .debug_frame   0x00002474       0x30 c:/program files (x86)/cypress/psoc creator/4.4/psoc creator/import/gnu/arm/5.4.1/bin/../lib/gcc/arm-none-eabi/5.4.1/../../../../arm-none-eabi/lib/armv7-m\libg_nano.a(lib_a-malloc.o)
 .debug_frame   0x000024a4       0x28 c:/program files (x86)/cypress/psoc creator/4.4/psoc creator/import/gnu/arm/5.4.1/bin/../lib/gcc/arm-none-eabi/5.4.1/../../../../arm-none-eabi/lib/armv7-m\libg_nano.a(lib_a-memchr-stub.o)
 .debug_frame   0x000024cc      0x234 c:/program files (x86)/cypress/psoc creator/4.4/psoc creator/import/gnu/arm/5.4.1/bin/../lib/gcc/arm-none-eabi/5.4.1/../../../../arm-none-eabi/lib/armv7-m\libg_nano.a(lib_a-mprec.o)
 .debug_frame   0x00002700       0x2c c:/program files (x86)/cypress/psoc creator/4.4/psoc creator/import/gnu/arm/5.4.1/bin/../lib/gcc/arm-none-eabi/5.4.1/../../../../arm-none-eabi/lib/armv7-m\libg_nano.a(lib_a-nano-callocr.o)
 .debug_frame   0x0000272c       0x38 c:/program files (x86)/cypress/psoc creator/4.4/psoc creator/import/gnu/arm/5.4.1/bin/../lib/gcc/arm-none-eabi/5.4.1/../../../../arm-none-eabi/lib/armv7-m\libg_nano.a(lib_a-nano-freer.o)
 .debug_frame   0x00002764       0x2c c:/program files (x86)/cypress/psoc creator/4.4/psoc creator/import/gnu/arm/5.4.1/bin/../lib/gcc/arm-none-eabi/5.4.1/../../../../arm-none-eabi/lib/armv7-m\libg_nano.a(lib_a-nano-mallocr.o)
 .debug_frame   0x00002790       0x90 c:/program files (x86)/cypress/psoc creator/4.4/psoc creator/import/gnu/arm/5.4.1/bin/../lib/gcc/arm-none-eabi/5.4.1/../../../../arm-none-eabi/lib/armv7-m\libg_nano.a(lib_a-nano-svfprintf.o)
 .debug_frame   0x00002820       0x2c c:/program files (x86)/cypress/psoc creator/4.4/psoc creator/import/gnu/arm/5.4.1/bin/../lib/gcc/arm-none-eabi/5.4.1/../../../../arm-none-eabi/lib/armv7-m\libg_nano.a(lib_a-sbrkr.o)
 .debug_frame   0x0000284c       0x20 c:/program files (x86)/cypress/psoc creator/4.4/psoc creator/import/gnu/arm/5.4.1/bin/../lib/gcc/arm-none-eabi/5.4.1/../../../../arm-none-eabi/lib/armv7-m\libg_nano.a(lib_a-sf_nan.o)
 .debug_frame   0x0000286c       0x20 c:/program files (x86)/cypress/psoc creator/4.4/psoc creator/import/gnu/arm/5.4.1/bin/../lib/gcc/arm-none-eabi/5.4.1/../../../../arm-none-eabi/lib/armv7-m\libg_nano.a(lib_a-strcmp.o)
 .debug_frame   0x0000288c       0x2c c:/program files (x86)/cypress/psoc creator/4.4/psoc creator/import/gnu/arm/5.4.1/bin/../lib/gcc/arm-none-eabi/5.4.1/../../../../arm-none-eabi/lib/armv7-m\libg_nano.a(lib_a-strncmp.o)
 .debug_frame   0x000028b8       0x28 c:/program files (x86)/cypress/psoc creator/4.4/psoc creator/import/gnu/arm/5.4.1/bin/../lib/gcc/arm-none-eabi/5.4.1/../../../../arm-none-eabi/lib/armv7-m\libg_nano.a(lib_a-memmove.o)
 .debug_frame   0x000028e0       0x30 c:/program files (x86)/cypress/psoc creator/4.4/psoc creator/import/gnu/arm/5.4.1/bin/../lib/gcc/arm-none-eabi/5.4.1/../../../../arm-none-eabi/lib/armv7-m\libg_nano.a(lib_a-mlock.o)
 .debug_frame   0x00002910       0x3c c:/program files (x86)/cypress/psoc creator/4.4/psoc creator/import/gnu/arm/5.4.1/bin/../lib/gcc/arm-none-eabi/5.4.1/../../../../arm-none-eabi/lib/armv7-m\libg_nano.a(lib_a-nano-reallocr.o)
 .debug_frame   0x0000294c       0x5c c:/program files (x86)/cypress/psoc creator/4.4/psoc creator/import/gnu/arm/5.4.1/bin/../lib/gcc/arm-none-eabi/5.4.1/../../../../arm-none-eabi/lib/armv7-m\libg_nano.a(lib_a-reent.o)
 .debug_frame   0x000029a8       0x20 c:/program files (x86)/cypress/psoc creator/4.4/psoc creator/import/gnu/arm/5.4.1/bin/../lib/gcc/arm-none-eabi/5.4.1/../../../../arm-none-eabi/lib/armv7-m\libg_nano.a(lib_a-nano-msizer.o)

.debug_str      0x00000000     0x2cae
 *(.debug_str)
 .debug_str     0x00000000      0x590 .\CortexM3\ARM_GCC_541\Debug\main.o
                                0x5f9 (size before relaxing)
 .debug_str     0x00000590      0x1ae .\CortexM3\ARM_GCC_541\Debug\cyfitter_cfg.o
                                0x359 (size before relaxing)
 .debug_str     0x0000073e       0x7f .\CortexM3\ARM_GCC_541\Debug\cymetadata.o
                                0x1f3 (size before relaxing)
 .debug_str     0x000007bd      0x13e .\CortexM3\ARM_GCC_541\Debug\Cm3Start.o
                                0x319 (size before relaxing)
 .debug_str     0x000008fb      0x15c .\CortexM3\ARM_GCC_541\Debug\Design01.a(Motor_1_PWM.o)
                                0x330 (size before relaxing)
 .debug_str     0x00000a57      0x132 .\CortexM3\ARM_GCC_541\Debug\Design01.a(Motor_2_PWM.o)
                                0x330 (size before relaxing)
 .debug_str     0x00000b89      0x19e .\CortexM3\ARM_GCC_541\Debug\Design01.a(QuadDec_1.o)
                                0x399 (size before relaxing)
 .debug_str     0x00000d27       0x48 .\CortexM3\ARM_GCC_541\Debug\Design01.a(QuadDec_1_INT.o)
                                0x1fd (size before relaxing)
 .debug_str     0x00000d6f      0x12c .\CortexM3\ARM_GCC_541\Debug\Design01.a(QuadDec_2.o)
                                0x399 (size before relaxing)
 .debug_str     0x00000e9b       0x48 .\CortexM3\ARM_GCC_541\Debug\Design01.a(QuadDec_2_INT.o)
                                0x1fd (size before relaxing)
 .debug_str     0x00000ee3       0x77 .\CortexM3\ARM_GCC_541\Debug\Design01.a(Motor_1_IN1.o)
                                0x20f (size before relaxing)
 .debug_str     0x00000f5a       0x67 .\CortexM3\ARM_GCC_541\Debug\Design01.a(Motor_1_IN2.o)
                                0x20f (size before relaxing)
 .debug_str     0x00000fc1       0x67 .\CortexM3\ARM_GCC_541\Debug\Design01.a(Motor_2_IN1.o)
                                0x20f (size before relaxing)
 .debug_str     0x00001028       0x67 .\CortexM3\ARM_GCC_541\Debug\Design01.a(Motor_2_IN2.o)
                                0x20f (size before relaxing)
 .debug_str     0x0000108f      0x1d6 .\CortexM3\ARM_GCC_541\Debug\Design01.a(QuadDec_1_Cnt16.o)
                                0x425 (size before relaxing)
 .debug_str     0x00001265      0x1bf .\CortexM3\ARM_GCC_541\Debug\Design01.a(QuadDec_2_Cnt16.o)
                                0x425 (size before relaxing)
 .debug_str     0x00001424      0x7e1 .\CortexM3\ARM_GCC_541\Debug\Design01.a(CyLib.o)
                                0xa56 (size before relaxing)
 .debug_str     0x00001c05      0x365 .\CortexM3\ARM_GCC_541\Debug\Design01.a(cyPm.o)
                                0x742 (size before relaxing)
 .debug_str     0x00001f6a      0x366 .\CortexM3\ARM_GCC_541\Debug\Design01.a(UART_1.o)
                                0x59d (size before relaxing)
 .debug_str     0x000022d0       0x57 .\CortexM3\ARM_GCC_541\Debug\Design01.a(UART_1_INT.o)
                                0x26a (size before relaxing)
 .debug_str     0x00002327      0x197 .\CortexM3\ARM_GCC_541\Debug\Design01.a(UART_1_IntClock.o)
                                0x35d (size before relaxing)
 .debug_str     0x000024be      0x28b .\CortexM3\ARM_GCC_541\Debug\Design01.a(UART_2.o)
                                0x59d (size before relaxing)
 .debug_str     0x00002749       0x31 .\CortexM3\ARM_GCC_541\Debug\Design01.a(UART_2_INT.o)
                                0x26a (size before relaxing)
 .debug_str     0x0000277a      0x14c .\CortexM3\ARM_GCC_541\Debug\Design01.a(UART_2_IntClock.o)
                                0x35d (size before relaxing)
 .debug_str     0x000028c6      0x181 .\CortexM3\ARM_GCC_541\Debug\Design01.a(GlobalClock.o)
                                0x3b6 (size before relaxing)
 .debug_str     0x00002a47      0x1bb .\CortexM3\ARM_GCC_541\Debug\Design01.a(CyFlash.o)
                                0x3cf (size before relaxing)
 .debug_str     0x00002c02       0xac .\CortexM3\ARM_GCC_541\Debug\Design01.a(CySpc.o)
                                0x347 (size before relaxing)

.debug_loc      0x00000000     0x2bfa
 *(.debug_loc)
 .debug_loc     0x00000000      0x4b8 .\CortexM3\ARM_GCC_541\Debug\main.o
 .debug_loc     0x000004b8      0x289 .\CortexM3\ARM_GCC_541\Debug\cyfitter_cfg.o
 .debug_loc     0x00000741      0x144 .\CortexM3\ARM_GCC_541\Debug\Cm3Start.o
 .debug_loc     0x00000885       0x13 .\CortexM3\ARM_GCC_541\Debug\Design01.a(Motor_1_PWM.o)
 .debug_loc     0x00000898       0x13 .\CortexM3\ARM_GCC_541\Debug\Design01.a(Motor_2_PWM.o)
 .debug_loc     0x000008ab       0xb9 .\CortexM3\ARM_GCC_541\Debug\Design01.a(QuadDec_1.o)
 .debug_loc     0x00000964       0x13 .\CortexM3\ARM_GCC_541\Debug\Design01.a(QuadDec_1_INT.o)
 .debug_loc     0x00000977       0xb9 .\CortexM3\ARM_GCC_541\Debug\Design01.a(QuadDec_2.o)
 .debug_loc     0x00000a30       0x13 .\CortexM3\ARM_GCC_541\Debug\Design01.a(QuadDec_2_INT.o)
 .debug_loc     0x00000a43       0x42 .\CortexM3\ARM_GCC_541\Debug\Design01.a(Motor_1_IN1.o)
 .debug_loc     0x00000a85       0x42 .\CortexM3\ARM_GCC_541\Debug\Design01.a(Motor_1_IN2.o)
 .debug_loc     0x00000ac7       0x42 .\CortexM3\ARM_GCC_541\Debug\Design01.a(Motor_2_IN1.o)
 .debug_loc     0x00000b09       0x42 .\CortexM3\ARM_GCC_541\Debug\Design01.a(Motor_2_IN2.o)
 .debug_loc     0x00000b4b       0x3d .\CortexM3\ARM_GCC_541\Debug\Design01.a(QuadDec_1_Cnt16.o)
 .debug_loc     0x00000b88       0x3d .\CortexM3\ARM_GCC_541\Debug\Design01.a(QuadDec_2_Cnt16.o)
 .debug_loc     0x00000bc5      0xa11 .\CortexM3\ARM_GCC_541\Debug\Design01.a(CyLib.o)
 .debug_loc     0x000015d6      0x1e4 .\CortexM3\ARM_GCC_541\Debug\Design01.a(cyPm.o)
 .debug_loc     0x000017ba      0x34e .\CortexM3\ARM_GCC_541\Debug\Design01.a(UART_1.o)
 .debug_loc     0x00001b08       0x45 .\CortexM3\ARM_GCC_541\Debug\Design01.a(UART_1_INT.o)
 .debug_loc     0x00001b4d      0x128 .\CortexM3\ARM_GCC_541\Debug\Design01.a(UART_1_IntClock.o)
 .debug_loc     0x00001c75      0x34e .\CortexM3\ARM_GCC_541\Debug\Design01.a(UART_2.o)
 .debug_loc     0x00001fc3       0x45 .\CortexM3\ARM_GCC_541\Debug\Design01.a(UART_2_INT.o)
 .debug_loc     0x00002008      0x128 .\CortexM3\ARM_GCC_541\Debug\Design01.a(UART_2_IntClock.o)
 .debug_loc     0x00002130       0x13 .\CortexM3\ARM_GCC_541\Debug\Design01.a(GlobalClock.o)
 .debug_loc     0x00002143      0x3b2 .\CortexM3\ARM_GCC_541\Debug\Design01.a(CyFlash.o)
 .debug_loc     0x000024f5      0x705 .\CortexM3\ARM_GCC_541\Debug\Design01.a(CySpc.o)

.debug_macinfo
 *(.debug_macinfo)

.debug_ranges   0x00000000      0xb50
 *(.debug_ranges)
 .debug_ranges  0x00000000       0x70 .\CortexM3\ARM_GCC_541\Debug\main.o
 .debug_ranges  0x00000070       0x48 .\CortexM3\ARM_GCC_541\Debug\cyfitter_cfg.o
 .debug_ranges  0x000000b8       0x38 .\CortexM3\ARM_GCC_541\Debug\Cm3Start.o
 .debug_ranges  0x000000f0       0x68 .\CortexM3\ARM_GCC_541\Debug\Design01.a(Motor_1_PWM.o)
 .debug_ranges  0x00000158       0x68 .\CortexM3\ARM_GCC_541\Debug\Design01.a(Motor_2_PWM.o)