Archive member included to satisfy reference by file (symbol)

.\CortexM3\ARM_GCC_541\Debug\TCS3200.a(UART_1.o)
                              .\CortexM3\ARM_GCC_541\Debug\main.o (UART_1_Start)
.\CortexM3\ARM_GCC_541\Debug\TCS3200.a(UART_1_IntClock.o)
                              .\CortexM3\ARM_GCC_541\Debug\TCS3200.a(UART_1.o) (UART_1_IntClock_Start)
.\CortexM3\ARM_GCC_541\Debug\TCS3200.a(CyLib.o)
                              .\CortexM3\ARM_GCC_541\Debug\Cm3Start.o (CyHalt)
.\CortexM3\ARM_GCC_541\Debug\TCS3200.a(cyPm.o)
                              .\CortexM3\ARM_GCC_541\Debug\TCS3200.a(CyLib.o) (CyPmReadStatus)
.\CortexM3\ARM_GCC_541\Debug\TCS3200.a(PWM_Test_Signal.o)
                              .\CortexM3\ARM_GCC_541\Debug\main.o (PWM_Test_Signal_Start)
.\CortexM3\ARM_GCC_541\Debug\TCS3200.a(Pulse_counter.o)
                              .\CortexM3\ARM_GCC_541\Debug\main.o (Pulse_counter_ReadCounter)
.\CortexM3\ARM_GCC_541\Debug\TCS3200.a(freq_isr.o)
                              .\CortexM3\ARM_GCC_541\Debug\main.o (freq_isr_StartEx)
.\CortexM3\ARM_GCC_541\Debug\TCS3200.a(Count7_1ms.o)
                              .\CortexM3\ARM_GCC_541\Debug\main.o (Count7_1ms_Start)
.\CortexM3\ARM_GCC_541\Debug\TCS3200.a(ColourSensor_S2.o)
                              .\CortexM3\ARM_GCC_541\Debug\main.o (ColourSensor_S2_Write)
.\CortexM3\ARM_GCC_541\Debug\TCS3200.a(ColourSensor_S3.o)
                              .\CortexM3\ARM_GCC_541\Debug\main.o (ColourSensor_S3_Write)
.\CortexM3\ARM_GCC_541\Debug\TCS3200.a(CyBootAsmGnu.o)
                              .\CortexM3\ARM_GCC_541\Debug\cyfitter_cfg.o (CyDelayCycles)
.\CortexM3\ARM_GCC_541\Debug\TCS3200.a(CyFlash.o)
                              .\CortexM3\ARM_GCC_541\Debug\TCS3200.a(cyPm.o) (CyFlash_SetWaitCycles)
.\CortexM3\ARM_GCC_541\Debug\TCS3200.a(CySpc.o)
                              .\CortexM3\ARM_GCC_541\Debug\TCS3200.a(CyFlash.o) (CySpcStart)
d:/monash_apps/psoc creator/4.4/psoc creator/import/gnu/arm/5.4.1/bin/../lib/gcc/arm-none-eabi/5.4.1/../../../../arm-none-eabi/lib/armv7-m\libg_nano.a(lib_a-errno.o)
                              .\CortexM3\ARM_GCC_541\Debug\Cm3Start.o (__errno)
d:/monash_apps/psoc creator/4.4/psoc creator/import/gnu/arm/5.4.1/bin/../lib/gcc/arm-none-eabi/5.4.1/../../../../arm-none-eabi/lib/armv7-m\libg_nano.a(lib_a-exit.o)
                              d:/monash_apps/psoc creator/4.4/psoc creator/import/gnu/arm/5.4.1/bin/../lib/gcc/arm-none-eabi/5.4.1/../../../../arm-none-eabi/lib/armv7-m/crt0.o (exit)
d:/monash_apps/psoc creator/4.4/psoc creator/import/gnu/arm/5.4.1/bin/../lib/gcc/arm-none-eabi/5.4.1/../../../../arm-none-eabi/lib/armv7-m\libg_nano.a(lib_a-impure.o)
                              d:/monash_apps/psoc creator/4.4/psoc creator/import/gnu/arm/5.4.1/bin/../lib/gcc/arm-none-eabi/5.4.1/../../../../arm-none-eabi/lib/armv7-m\libg_nano.a(lib_a-exit.o) (_global_impure_ptr)
d:/monash_apps/psoc creator/4.4/psoc creator/import/gnu/arm/5.4.1/bin/../lib/gcc/arm-none-eabi/5.4.1/../../../../arm-none-eabi/lib/armv7-m\libg_nano.a(lib_a-init.o)
                              d:/monash_apps/psoc creator/4.4/psoc creator/import/gnu/arm/5.4.1/bin/../lib/gcc/arm-none-eabi/5.4.1/../../../../arm-none-eabi/lib/armv7-m/crt0.o (__libc_init_array)
d:/monash_apps/psoc creator/4.4/psoc creator/import/gnu/arm/5.4.1/bin/../lib/gcc/arm-none-eabi/5.4.1/../../../../arm-none-eabi/lib/armv7-m\libg_nano.a(lib_a-memcpy-stub.o)
                              .\CortexM3\ARM_GCC_541\Debug\cyfitter_cfg.o (memcpy)
d:/monash_apps/psoc creator/4.4/psoc creator/import/gnu/arm/5.4.1/bin/../lib/gcc/arm-none-eabi/5.4.1/../../../../arm-none-eabi/lib/armv7-m\libg_nano.a(lib_a-memset.o)
                              d:/monash_apps/psoc creator/4.4/psoc creator/import/gnu/arm/5.4.1/bin/../lib/gcc/arm-none-eabi/5.4.1/../../../../arm-none-eabi/lib/armv7-m/crt0.o (memset)
d:/monash_apps/psoc creator/4.4/psoc creator/import/gnu/arm/5.4.1/bin/../lib/gcc/arm-none-eabi/5.4.1/../../../../arm-none-eabi/lib/armv7-m\libg_nano.a(lib_a-sprintf.o)
                              .\CortexM3\ARM_GCC_541\Debug\main.o (sprintf)
d:/monash_apps/psoc creator/4.4/psoc creator/import/gnu/arm/5.4.1/bin/../lib/gcc/arm-none-eabi/5.4.1/../../../../arm-none-eabi/lib/armv7-m\libg_nano.a(lib_a-nano-svfprintf.o)
                              d:/monash_apps/psoc creator/4.4/psoc creator/import/gnu/arm/5.4.1/bin/../lib/gcc/arm-none-eabi/5.4.1/../../../../arm-none-eabi/lib/armv7-m\libg_nano.a(lib_a-sprintf.o) (_svfprintf_r)
d:/monash_apps/psoc creator/4.4/psoc creator/import/gnu/arm/5.4.1/bin/../lib/gcc/arm-none-eabi/5.4.1/../../../../arm-none-eabi/lib/armv7-m\libg_nano.a(lib_a-nano-vfprintf_i.o)
                              d:/monash_apps/psoc creator/4.4/psoc creator/import/gnu/arm/5.4.1/bin/../lib/gcc/arm-none-eabi/5.4.1/../../../../arm-none-eabi/lib/armv7-m\libg_nano.a(lib_a-nano-svfprintf.o) (_printf_i)
[...]
Memory Configuration

Name             Origin             Length             Attributes
rom              0x00000000         0x00040000         xr
ram              0x1fff8000         0x00010000         xrw
*default*        0x00000000         0xffffffff

Linker script and memory map

LOAD d:/monash_apps/psoc creator/4.4/psoc creator/import/gnu/arm/5.4.1/bin/../lib/gcc/arm-none-eabi/5.4.1/armv7-m/crti.o
LOAD d:/monash_apps/psoc creator/4.4/psoc creator/import/gnu/arm/5.4.1/bin/../lib/gcc/arm-none-eabi/5.4.1/armv7-m/crtbegin.o
LOAD d:/monash_apps/psoc creator/4.4/psoc creator/import/gnu/arm/5.4.1/bin/../lib/gcc/arm-none-eabi/5.4.1/../../../../arm-none-eabi/lib/armv7-m/crt0.o
START GROUP
LOAD .\CortexM3\ARM_GCC_541\Debug\main.o
LOAD .\CortexM3\ARM_GCC_541\Debug\cyfitter_cfg.o
LOAD .\CortexM3\ARM_GCC_541\Debug\cymetadata.o
LOAD .\CortexM3\ARM_GCC_541\Debug\Cm3Start.o
LOAD .\CortexM3\ARM_GCC_541\Debug\TCS3200.a
LOAD D:\Monash_Apps\PSoC Creator\4.4\PSoC Creator\psoc\content\cycomponentlibrary\CyComponentLibrary.cylib\CortexM3\ARM_GCC_541\Debug\CyComponentLibrary.a
END GROUP
START GROUP
LOAD d:/monash_apps/psoc creator/4.4/psoc creator/import/gnu/arm/5.4.1/bin/../lib/gcc/arm-none-eabi/5.4.1/armv7-m\libgcc.a
LOAD d:/monash_apps/psoc creator/4.4/psoc creator/import/gnu/arm/5.4.1/bin/../lib/gcc/arm-none-eabi/5.4.1/../../../../arm-none-eabi/lib/armv7-m\libg_nano.a
LOAD d:/monash_apps/psoc creator/4.4/psoc creator/import/gnu/arm/5.4.1/bin/../lib/gcc/arm-none-eabi/5.4.1/../../../../arm-none-eabi/lib/armv7-m\libc_nano.a
END GROUP
START GROUP
LOAD d:/monash_apps/psoc creator/4.4/psoc creator/import/gnu/arm/5.4.1/bin/../lib/gcc/arm-none-eabi/5.4.1/armv7-m\libgcc.a
LOAD d:/monash_apps/psoc creator/4.4/psoc creator/import/gnu/arm/5.4.1/bin/../lib/gcc/arm-none-eabi/5.4.1/../../../../arm-none-eabi/lib/armv7-m\libc_nano.a
END GROUP
LOAD d:/monash_apps/psoc creator/4.4/psoc creator/import/gnu/arm/5.4.1/bin/../lib/gcc/arm-none-eabi/5.4.1/armv7-m/crtend.o
LOAD d:/monash_apps/psoc creator/4.4/psoc creator/import/gnu/arm/5.4.1/bin/../lib/gcc/arm-none-eabi/5.4.1/armv7-m/crtn.o
START GROUP
LOAD d:/monash_apps/psoc creator/4.4/psoc creator/import/gnu/arm/5.4.1/bin/../lib/gcc/arm-none-eabi/5.4.1/armv7-m\libgcc.a
LOAD d:/monash_apps/psoc creator/4.4/psoc creator/import/gnu/arm/5.4.1/bin/../lib/gcc/arm-none-eabi/5.4.1/../../../../arm-none-eabi/lib/armv7-m\libc.a
LOAD d:/monash_apps/psoc creator/4.4/psoc creator/import/gnu/arm/5.4.1/bin/../lib/gcc/arm-none-eabi/5.4.1/../../../../arm-none-eabi/lib/armv7-m\libnosys.a
END GROUP
                0x00000000                CY_APPL_ORIGIN = 0x0
                0x00000100                CY_FLASH_ROW_SIZE = 0x100
                0x00000020                CY_ECC_ROW_SIZE = 0x20
                0x00000000                CY_EE_IN_BTLDR = 0x0
                0x00000000                CY_APPL_LOADABLE = 0x0
                0x00000800                CY_EE_SIZE = 0x800
                0x00000001                CY_APPL_NUM = 0x1
                0x00000001                CY_APPL_MAX = 0x1
                0x00000040                CY_METADATA_SIZE = 0x40
                0x00000000                CY_APPL_LOADABLE = 0x0
                0x00000000                CY_CHECKSUM_EXCLUDE_SIZE = ALIGN (0x0, CY_FLASH_ROW_SIZE)
                [!provide]                PROVIDE (__cy_heap_start, _end)
                0x00000001                PROVIDE (__cy_region_num, ((__cy_regions_end - __cy_regions) / 0x10))
                0x20008000                PROVIDE (__cy_stack, (ORIGIN (ram) + LENGTH (ram)))
                [!provide]                PROVIDE (__cy_heap_end, (__cy_stack - 0x800))

.cybootloader   0x00000000        0x0
 *(.cybootloader)
                0x00000000                appl1_start = CY_APPL_ORIGIN?CY_APPL_ORIGIN:ALIGN (CY_FLASH_ROW_SIZE)
                0x0001ff00                appl2_start = (appl1_start + ALIGN ((((LENGTH (rom) - appl1_start) - (0x2 * CY_FLASH_ROW_SIZE)) / 0x2), CY_FLASH_ROW_SIZE))
                0x00000000                appl_start = (CY_APPL_NUM == 0x1)?appl1_start:appl2_start
                0x00000000                ecc_offset = ((appl_start / CY_FLASH_ROW_SIZE) * CY_ECC_ROW_SIZE)
                0x00000000                ee_offset = (CY_APPL_LOADABLE && ! (CY_EE_IN_BTLDR))?((CY_EE_SIZE / CY_APPL_MAX) * (CY_APPL_NUM - 0x1)):0x0
                0x00000800                ee_size = (CY_APPL_LOADABLE && ! (CY_EE_IN_BTLDR))?(CY_EE_SIZE / CY_APPL_MAX):CY_EE_SIZE
                [!provide]                PROVIDE (CY_ECC_OFFSET, ecc_offset)

.text           0x00000000     0x1070
 CREATE_OBJECT_SYMBOLS
                0x00000000                PROVIDE (__cy_interrupt_vector, RomVectors)
 *(.romvectors)
 .romvectors    0x00000000       0x10 .\CortexM3\ARM_GCC_541\Debug\Cm3Start.o
                0x00000000                RomVectors
                0x00000001                ASSERT ((. != __cy_interrupt_vector), No interrupt vector)
                0x00000001                ASSERT (CY_APPL_ORIGIN?(SIZEOF (.cybootloader) <= CY_APPL_ORIGIN):0x1, Wrong image location)
                0x00000010                PROVIDE (__cy_reset, Reset)
 *(.text.Reset)
 .text.Reset    0x00000010       0x18 .\CortexM3\ARM_GCC_541\Debug\Cm3Start.o
                0x00000010                Reset
                0x00000001                ASSERT ((. != __cy_reset), No reset code)
 *(.dma_init)
                0x00000001                ASSERT ((((appl_start + .) <= 0x10000) || 0x1), DMA Init must be within the first 64k of flash)
 *(.text .text.* .gnu.linkonce.t.*)
 .text          0x00000028       0x5c d:/monash_apps/psoc creator/4.4/psoc creator/import/gnu/arm/5.4.1/bin/../lib/gcc/arm-none-eabi/5.4.1/armv7-m/crtbegin.o
 .text.colour_sensor_isr
                0x00000084       0x14 .\CortexM3\ARM_GCC_541\Debug\main.o
                0x00000084                colour_sensor_isr
 .text.main     0x00000098       0x60 .\CortexM3\ARM_GCC_541\Debug\main.o
                0x00000098                main
 .text.CyClockStartupError
                0x000000f8        0x4 .\CortexM3\ARM_GCC_541\Debug\cyfitter_cfg.o
 .text.cfg_write_bytes32
                0x000000fc       0x34 .\CortexM3\ARM_GCC_541\Debug\cyfitter_cfg.o
 .text.AnalogSetDefault
                0x00000130       0x28 .\CortexM3\ARM_GCC_541\Debug\cyfitter_cfg.o
 .text.CYMEMZERO
                0x00000158        0xc .\CortexM3\ARM_GCC_541\Debug\cyfitter_cfg.o
 .text.ClockSetup
                0x00000164       0xe8 .\CortexM3\ARM_GCC_541\Debug\cyfitter_cfg.o
 .text.CYCONFIGCPY
                0x0000024c        0x8 .\CortexM3\ARM_GCC_541\Debug\cyfitter_cfg.o
 .text.cyfitter_cfg
                0x00000254      0x120 .\CortexM3\ARM_GCC_541\Debug\cyfitter_cfg.o
                0x00000254                cyfitter_cfg
 .text.IntDefaultHandler
                0x00000374       0x10 .\CortexM3\ARM_GCC_541\Debug\Cm3Start.o
                0x00000374                IntDefaultHandler
 .text._sbrk    0x00000384       0x30 .\CortexM3\ARM_GCC_541\Debug\Cm3Start.o
                0x00000384                _sbrk
 .text.Start_c  0x000003b4       0x4c .\CortexM3\ARM_GCC_541\Debug\Cm3Start.o
                0x000003b4                Start_c
 .text.initialize_psoc
                0x00000400       0x68 .\CortexM3\ARM_GCC_541\Debug\Cm3Start.o
                0x00000400                initialize_psoc
 .text.UART_1_Init
                0x00000468       0x24 .\CortexM3\ARM_GCC_541\Debug\TCS3200.a(UART_1.o)
                0x00000468                UART_1_Init
 .text.UART_1_Enable
                0x0000048c       0x38 .\CortexM3\ARM_GCC_541\Debug\TCS3200.a(UART_1.o)
                0x0000048c                UART_1_Enable
 .text.UART_1_Start
                0x000004c4       0x1c .\CortexM3\ARM_GCC_541\Debug\TCS3200.a(UART_1.o)
                0x000004c4                UART_1_Start
 .text.UART_1_PutChar
                0x000004e0       0x18 .\CortexM3\ARM_GCC_541\Debug\TCS3200.a(UART_1.o)
                0x000004e0                UART_1_PutChar
 .text.UART_1_PutString
                0x000004f8       0x24 .\CortexM3\ARM_GCC_541\Debug\TCS3200.a(UART_1.o)
                0x000004f8                UART_1_PutString
 .text.UART_1_IntClock_Start
                0x0000051c       0x1c .\CortexM3\ARM_GCC_541\Debug\TCS3200.a(UART_1_IntClock.o)
                0x0000051c                UART_1_IntClock_Start
 .text.CyDelay  0x00000538       0x2c .\CortexM3\ARM_GCC_541\Debug\TCS3200.a(CyLib.o)
                0x00000538                CyDelay
 .text.PWM_Test_Signal_Enable
                0x00000564       0x10 .\CortexM3\ARM_GCC_541\Debug\TCS3200.a(PWM_Test_Signal.o)
                0x00000564                PWM_Test_Signal_Enable
 .text.PWM_Test_Signal_WriteCounter
                0x00000574        0xc .\CortexM3\ARM_GCC_541\Debug\TCS3200.a(PWM_Test_Signal.o)
                0x00000574                PWM_Test_Signal_WriteCounter
 .text.PWM_Test_Signal_WritePeriod
                0x00000580        0xc .\CortexM3\ARM_GCC_541\Debug\TCS3200.a(PWM_Test_Signal.o)
                0x00000580                PWM_Test_Signal_WritePeriod
 .text.PWM_Test_Signal_WriteCompare
                0x0000058c        0xc .\CortexM3\ARM_GCC_541\Debug\TCS3200.a(PWM_Test_Signal.o)
                0x0000058c                PWM_Test_Signal_WriteCompare
 .text.PWM_Test_Signal_Init
                0x00000598       0x3c .\CortexM3\ARM_GCC_541\Debug\TCS3200.a(PWM_Test_Signal.o)
                0x00000598                PWM_Test_Signal_Init
 .text.PWM_Test_Signal_Start
                0x000005d4       0x1c .\CortexM3\ARM_GCC_541\Debug\TCS3200.a(PWM_Test_Signal.o)
                0x000005d4                PWM_Test_Signal_Start
 .text.Pulse_counter_SetInterruptMode
                0x000005f0        0xc .\CortexM3\ARM_GCC_541\Debug\TCS3200.a(Pulse_counter.o)
                0x000005f0                Pulse_counter_SetInterruptMode
 .text.Pulse_counter_ReadStatusRegister
                0x000005fc        0xc .\CortexM3\ARM_GCC_541\Debug\TCS3200.a(Pulse_counter.o)
                0x000005fc                Pulse_counter_ReadStatusRegister
 .text.Pulse_counter_WriteCounter
                0x00000608        0xc .\CortexM3\ARM_GCC_541\Debug\TCS3200.a(Pulse_counter.o)
                0x00000608                Pulse_counter_WriteCounter
 .text.Pulse_counter_ReadCounter
                0x00000614       0x14 .\CortexM3\ARM_GCC_541\Debug\TCS3200.a(Pulse_counter.o)
                0x00000614                Pulse_counter_ReadCounter
 .text.Pulse_counter_ReadCapture
                0x00000628        0xc .\CortexM3\ARM_GCC_541\Debug\TCS3200.a(Pulse_counter.o)
                0x00000628                Pulse_counter_ReadCapture
 .text.Pulse_counter_WritePeriod
                0x00000634        0xc .\CortexM3\ARM_GCC_541\Debug\TCS3200.a(Pulse_counter.o)
                0x00000634                Pulse_counter_WritePeriod
 .text.Pulse_counter_WriteCompare
                0x00000640        0xc .\CortexM3\ARM_GCC_541\Debug\TCS3200.a(Pulse_counter.o)
                0x00000640                Pulse_counter_WriteCompare
 .text.Pulse_counter_ClearFIFO
                0x0000064c       0x14 .\CortexM3\ARM_GCC_541\Debug\TCS3200.a(Pulse_counter.o)
                0x0000064c                Pulse_counter_ClearFIFO
 .text.Pulse_counter_Init
                0x00000660       0x40 .\CortexM3\ARM_GCC_541\Debug\TCS3200.a(Pulse_counter.o)
                0x00000660                Pulse_counter_Init
 .text.Pulse_counter_Start
                0x000006a0       0x18 .\CortexM3\ARM_GCC_541\Debug\TCS3200.a(Pulse_counter.o)
                0x000006a0                Pulse_counter_Start
 .text.freq_isr_SetVector
                0x000006b8        0xc .\CortexM3\ARM_GCC_541\Debug\TCS3200.a(freq_isr.o)
                0x000006b8                freq_isr_SetVector
 .text.freq_isr_SetPriority
                0x000006c4       0x10 .\CortexM3\ARM_GCC_541\Debug\TCS3200.a(freq_isr.o)
                0x000006c4                freq_isr_SetPriority
 .text.freq_isr_Enable
                0x000006d4        0xc .\CortexM3\ARM_GCC_541\Debug\TCS3200.a(freq_isr.o)
                0x000006d4                freq_isr_Enable
 .text.freq_isr_Disable
                0x000006e0        0xc .\CortexM3\ARM_GCC_541\Debug\TCS3200.a(freq_isr.o)
                0x000006e0                freq_isr_Disable
 .text.freq_isr_StartEx
                0x000006ec       0x1c .\CortexM3\ARM_GCC_541\Debug\TCS3200.a(freq_isr.o)
                0x000006ec                freq_isr_StartEx
 .text.freq_isr_ClearPending
                0x00000708        0xc .\CortexM3\ARM_GCC_541\Debug\TCS3200.a(freq_isr.o)
                0x00000708                freq_isr_ClearPending
 .text.Count7_1ms_Init
                0x00000714        0xc .\CortexM3\ARM_GCC_541\Debug\TCS3200.a(Count7_1ms.o)
                0x00000714                Count7_1ms_Init
 .text.Count7_1ms_Enable
                0x00000720       0x1c .\CortexM3\ARM_GCC_541\Debug\TCS3200.a(Count7_1ms.o)
                0x00000720                Count7_1ms_Enable
 .text.Count7_1ms_Start
                0x0000073c       0x1c .\CortexM3\ARM_GCC_541\Debug\TCS3200.a(Count7_1ms.o)
                0x0000073c                Count7_1ms_Start
 .text.ColourSensor_S2_Write
                0x00000758       0x18 .\CortexM3\ARM_GCC_541\Debug\TCS3200.a(ColourSensor_S2.o)
                0x00000758                ColourSensor_S2_Write
 .text.ColourSensor_S3_Write
                0x00000770       0x18 .\CortexM3\ARM_GCC_541\Debug\TCS3200.a(ColourSensor_S3.o)
                0x00000770                ColourSensor_S3_Write
 .text          0x00000788       0x20 .\CortexM3\ARM_GCC_541\Debug\TCS3200.a(CyBootAsmGnu.o)
                0x00000788                CyDelayCycles
                0x00000798                CyEnterCriticalSection
                0x000007a0                CyExitCriticalSection
 .text.__errno  0x000007a8        0xc d:/monash_apps/psoc creator/4.4/psoc creator/import/gnu/arm/5.4.1/bin/../lib/gcc/arm-none-eabi/5.4.1/../../../../arm-none-eabi/lib/armv7-m\libg_nano.a(lib_a-errno.o)
                0x000007a8                __errno
 .text.__libc_init_array
                0x000007b4       0x4c d:/monash_apps/psoc creator/4.4/psoc creator/import/gnu/arm/5.4.1/bin/../lib/gcc/arm-none-eabi/5.4.1/../../../../arm-none-eabi/lib/armv7-m\libg_nano.a(lib_a-init.o)
                0x000007b4                __libc_init_array
 .text.memcpy   0x00000800       0x16 d:/monash_apps/psoc creator/4.4/psoc creator/import/gnu/arm/5.4.1/bin/../lib/gcc/arm-none-eabi/5.4.1/../../../../arm-none-eabi/lib/armv7-m\libg_nano.a(lib_a-memcpy-stub.o)
                0x00000800                memcpy
 .text.memset   0x00000816       0x10 d:/monash_apps/psoc creator/4.4/psoc creator/import/gnu/arm/5.4.1/bin/../lib/gcc/arm-none-eabi/5.4.1/../../../../arm-none-eabi/lib/armv7-m\libg_nano.a(lib_a-memset.o)
                0x00000816                memset
 *fill*         0x00000826        0x2 
 .text.sprintf  0x00000828       0x48 d:/monash_apps/psoc creator/4.4/psoc creator/import/gnu/arm/5.4.1/bin/../lib/gcc/arm-none-eabi/5.4.1/../../../../arm-none-eabi/lib/armv7-m\libg_nano.a(lib_a-sprintf.o)
                0x00000828                siprintf
                0x00000828                sprintf
 .text.__ssputs_r
                0x00000870       0xb2 d:/monash_apps/psoc creator/4.4/psoc creator/import/gnu/arm/5.4.1/bin/../lib/gcc/arm-none-eabi/5.4.1/../../../../arm-none-eabi/lib/armv7-m\libg_nano.a(lib_a-nano-svfprintf.o)
                0x00000870                __ssputs_r
 *fill*         0x00000922        0x2 
 .text._svfprintf_r
                0x00000924      0x1e8 d:/monash_apps/psoc creator/4.4/psoc creator/import/gnu/arm/5.4.1/bin/../lib/gcc/arm-none-eabi/5.4.1/../../../../arm-none-eabi/lib/armv7-m\libg_nano.a(lib_a-nano-svfprintf.o)
                0x00000924                _svfiprintf_r
                0x00000924                _svfprintf_r
 .text._printf_common
                0x00000b0c       0xec d:/monash_apps/psoc creator/4.4/psoc creator/import/gnu/arm/5.4.1/bin/../lib/gcc/arm-none-eabi/5.4.1/../../../../arm-none-eabi/lib/armv7-m\libg_nano.a(lib_a-nano-vfprintf_i.o)
                0x00000b0c                _printf_common
 .text._printf_i
                0x00000bf8      0x24c d:/monash_apps/psoc creator/4.4/psoc creator/import/gnu/arm/5.4.1/bin/../lib/gcc/arm-none-eabi/5.4.1/../../../../arm-none-eabi/lib/armv7-m\libg_nano.a(lib_a-nano-vfprintf_i.o)
                0x00000bf8                _printf_i
 .text.memchr   0x00000e44       0x1c d:/monash_apps/psoc creator/4.4/psoc creator/import/gnu/arm/5.4.1/bin/../lib/gcc/arm-none-eabi/5.4.1/../../../../arm-none-eabi/lib/armv7-m\libg_nano.a(lib_a-memchr-stub.o)
                0x00000e44                memchr
 .text.memmove  0x00000e60       0x36 d:/monash_apps/psoc creator/4.4/psoc creator/import/gnu/arm/5.4.1/bin/../lib/gcc/arm-none-eabi/5.4.1/../../../../arm-none-eabi/lib/armv7-m\libg_nano.a(lib_a-memmove.o)
                0x00000e60                memmove
 *fill*         0x00000e96        0x2 
 .text._free_r  0x00000e98       0x98 d:/monash_apps/psoc creator/4.4/psoc creator/import/gnu/arm/5.4.1/bin/../lib/gcc/arm-none-eabi/5.4.1/../../../../arm-none-eabi/lib/armv7-m\libg_nano.a(lib_a-nano-freer.o)
                0x00000e98                _free_r
 .text._malloc_r
                0x00000f30       0xbc d:/monash_apps/psoc creator/4.4/psoc creator/import/gnu/arm/5.4.1/bin/../lib/gcc/arm-none-eabi/5.4.1/../../../../arm-none-eabi/lib/armv7-m\libg_nano.a(lib_a-nano-mallocr.o)
                0x00000f30                _malloc_r
 .text._realloc_r
                0x00000fec       0x4c d:/monash_apps/psoc creator/4.4/psoc creator/import/gnu/arm/5.4.1/bin/../lib/gcc/arm-none-eabi/5.4.1/../../../../arm-none-eabi/lib/armv7-m\libg_nano.a(lib_a-nano-reallocr.o)
                0x00000fec                _realloc_r
 .text._sbrk_r  0x00001038       0x20 d:/monash_apps/psoc creator/4.4/psoc creator/import/gnu/arm/5.4.1/bin/../lib/gcc/arm-none-eabi/5.4.1/../../../../arm-none-eabi/lib/armv7-m\libg_nano.a(lib_a-sbrkr.o)
                0x00001038                _sbrk_r
 .text.__malloc_lock
                0x00001058        0x2 d:/monash_apps/psoc creator/4.4/psoc creator/import/gnu/arm/5.4.1/bin/../lib/gcc/arm-none-eabi/5.4.1/../../../../arm-none-eabi/lib/armv7-m\libg_nano.a(lib_a-mlock.o)
                0x00001058                __malloc_lock
 .text.__malloc_unlock
                0x0000105a        0x2 d:/monash_apps/psoc creator/4.4/psoc creator/import/gnu/arm/5.4.1/bin/../lib/gcc/arm-none-eabi/5.4.1/../../../../arm-none-eabi/lib/armv7-m\libg_nano.a(lib_a-mlock.o)
                0x0000105a                __malloc_unlock
 .text._malloc_usable_size_r
                0x0000105c       0x14 d:/monash_apps/psoc creator/4.4/psoc creator/import/gnu/arm/5.4.1/bin/../lib/gcc/arm-none-eabi/5.4.1/../../../../arm-none-eabi/lib/armv7-m\libg_nano.a(lib_a-nano-msizer.o)
                0x0000105c                _malloc_usable_size_r
 *(.plt)
 *(.gnu.warning)
 *(.glue_7t)
 .glue_7t       0x00001070        0x0 linker stubs
 *(.glue_7)
 .glue_7        0x00001070        0x0 linker stubs
 *(.vfp11_veneer)
 .vfp11_veneer  0x00001070        0x0 linker stubs
 *(.bootloader)
 *(.ARM.extab* .gnu.linkonce.armextab.*)
 *(.gcc_except_table)

.v4_bx          0x00001070        0x0
 .v4_bx         0x00001070        0x0 linker stubs

.iplt           0x00001070        0x0
 .iplt          0x00001070        0x0 d:/monash_apps/psoc creator/4.4/psoc creator/import/gnu/arm/5.4.1/bin/../lib/gcc/arm-none-eabi/5.4.1/armv7-m/crtbegin.o

.eh_frame_hdr
 *(.eh_frame_hdr)

.eh_frame       0x00001070        0x4
 *(.eh_frame)
 .eh_frame      0x00001070        0x0 d:/monash_apps/psoc creator/4.4/psoc creator/import/gnu/arm/5.4.1/bin/../lib/gcc/arm-none-eabi/5.4.1/armv7-m/crtbegin.o
 .eh_frame      0x00001070        0x4 d:/monash_apps/psoc creator/4.4/psoc creator/import/gnu/arm/5.4.1/bin/../lib/gcc/arm-none-eabi/5.4.1/armv7-m/crtend.o
                [!provide]                PROVIDE (__exidx_start, .)

.ARM.exidx
 *(.ARM.exidx* .gnu.linkonce.armexidx.*)
                0x00001074                __exidx_end = .

.rodata         0x00001074       0xdc
 *(.rodata .rodata.* .gnu.linkonce.r.*)
 .rodata.str1.4
                0x00001074       0x2c .\CortexM3\ARM_GCC_541\Debug\main.o
 .rodata        0x000010a0       0x44 .\CortexM3\ARM_GCC_541\Debug\cyfitter_cfg.o
 .rodata.str1.1
                0x000010e4        0x2 d:/monash_apps/psoc creator/4.4/psoc creator/import/gnu/arm/5.4.1/bin/../lib/gcc/arm-none-eabi/5.4.1/../../../../arm-none-eabi/lib/armv7-m\libg_nano.a(lib_a-impure.o)
 .rodata.str1.1
                0x000010e6       0x11 d:/monash_apps/psoc creator/4.4/psoc creator/import/gnu/arm/5.4.1/bin/../lib/gcc/arm-none-eabi/5.4.1/../../../../arm-none-eabi/lib/armv7-m\libg_nano.a(lib_a-nano-svfprintf.o)
 .rodata.str1.1
                0x000010f7       0x22 d:/monash_apps/psoc creator/4.4/psoc creator/import/gnu/arm/5.4.1/bin/../lib/gcc/arm-none-eabi/5.4.1/../../../../arm-none-eabi/lib/armv7-m\libg_nano.a(lib_a-nano-vfprintf_i.o)
                0x0000111c                . = ALIGN (0x4)
 *fill*         0x00001119        0x3 
 *(.init)
 .init          0x0000111c        0x4 d:/monash_apps/psoc creator/4.4/psoc creator/import/gnu/arm/5.4.1/bin/../lib/gcc/arm-none-eabi/5.4.1/armv7-m/crti.o
                0x0000111c                _init
 .init          0x00001120        0x8 d:/monash_apps/psoc creator/4.4/psoc creator/import/gnu/arm/5.4.1/bin/../lib/gcc/arm-none-eabi/5.4.1/armv7-m/crtn.o
                0x00001128                . = ALIGN (0x4)
                0x00001128                __preinit_array_start = .
 *(.preinit_array)
                0x00001128                __preinit_array_end = .
                0x00001128                . = ALIGN (0x4)
                0x00001128                __init_array_start = .
 *(SORT(.init_array.*))
 *(.init_array)
 .init_array    0x00001128        0x4 d:/monash_apps/psoc creator/4.4/psoc creator/import/gnu/arm/5.4.1/bin/../lib/gcc/arm-none-eabi/5.4.1/armv7-m/crtbegin.o
 .init_array    0x0000112c        0x4 .\CortexM3\ARM_GCC_541\Debug\Cm3Start.o
                0x00001130                __init_array_end = .
                0x00001130                . = ALIGN (0x4)
 *(.fini)
 .fini          0x00001130        0x4 d:/monash_apps/psoc creator/4.4/psoc creator/import/gnu/arm/5.4.1/bin/../lib/gcc/arm-none-eabi/5.4.1/armv7-m/crti.o
                0x00001130                _fini
 .fini          0x00001134        0x8 d:/monash_apps/psoc creator/4.4/psoc creator/import/gnu/arm/5.4.1/bin/../lib/gcc/arm-none-eabi/5.4.1/armv7-m/crtn.o
                0x0000113c                . = ALIGN (0x4)
                0x0000113c                __fini_array_start = .
 *(.fini_array)
 .fini_array    0x0000113c        0x4 d:/monash_apps/psoc creator/4.4/psoc creator/import/gnu/arm/5.4.1/bin/../lib/gcc/arm-none-eabi/5.4.1/armv7-m/crtbegin.o
 *(SORT(.fini_array.*))
                0x00001140                __fini_array_end = .
                0x00001140                . = ALIGN (0x4)
 *crtbegin.o(.ctors)
 *(EXCLUDE_FILE(*crtend.o) .ctors)
 *(SORT(.ctors.*))
 *crtend.o(.ctors)
                0x00001140                . = ALIGN (0x4)
 *crtbegin.o(.dtors)
 *(EXCLUDE_FILE(*crtend.o) .dtors)
 *(SORT(.dtors.*))
 *crtend.o(.dtors)
                0x00001140                . = ALIGN (0x4)
                0x00001140                __cy_regions = .
                0x00001140        0x4 LONG 0x1150 __cy_region_init_ram
                0x00001144        0x4 LONG 0x1fff80c8 __cy_region_start_data
                0x00001148        0x4 LONG 0x80 __cy_region_init_size_ram
                0x0000114c        0x4 LONG 0x38 __cy_region_zero_size_ram
                0x00001150                __cy_regions_end = .
                0x00001150                . = ALIGN (0x8)
                0x00001150                _etext = .

.cy_checksum_exclude
                0x00001150        0x0
 *(.cy_checksum_exclude)

.ramvectors     0x1fff8000       0xc0
                0x1fff8000                __cy_region_start_ram = .
 *(.ramvectors)
 .ramvectors    0x1fff8000       0xc0 .\CortexM3\ARM_GCC_541\Debug\Cm3Start.o
                0x1fff8000                CyRamVectors

.noinit         0x1fff80c0        0x1
 *(.noinit)
 .noinit        0x1fff80c0        0x1 .\CortexM3\ARM_GCC_541\Debug\TCS3200.a(CyLib.o)
                0x1fff80c0                CyResetStatus

.data           0x1fff80c8       0x80 load address 0x00001150
                0x1fff80c8                __cy_region_start_data = .
 *(.jcr)
 .jcr           0x1fff80c8        0x0 d:/monash_apps/psoc creator/4.4/psoc creator/import/gnu/arm/5.4.1/bin/../lib/gcc/arm-none-eabi/5.4.1/armv7-m/crtbegin.o
 .jcr           0x1fff80c8        0x4 d:/monash_apps/psoc creator/4.4/psoc creator/import/gnu/arm/5.4.1/bin/../lib/gcc/arm-none-eabi/5.4.1/armv7-m/crtend.o
 *(.got.plt)
 *(.got)
 *(.shdata)
 *(.data .data.* .gnu.linkonce.d.*)
 .data          0x1fff80cc        0x4 .\CortexM3\ARM_GCC_541\Debug\Cm3Start.o
 .data          0x1fff80d0       0x10 .\CortexM3\ARM_GCC_541\Debug\TCS3200.a(CyLib.o)
                0x1fff80d0                cydelay_32k_ms
                0x1fff80d4                cydelay_freq_khz
                0x1fff80d8                cydelay_freq_mhz
                0x1fff80dc                cydelay_freq_hz
 .data.impure_data
                0x1fff80e0       0x60 d:/monash_apps/psoc creator/4.4/psoc creator/import/gnu/arm/5.4.1/bin/../lib/gcc/arm-none-eabi/5.4.1/../../../../arm-none-eabi/lib/armv7-m\libg_nano.a(lib_a-impure.o)
 .data._impure_ptr
                0x1fff8140        0x4 d:/monash_apps/psoc creator/4.4/psoc creator/import/gnu/arm/5.4.1/bin/../lib/gcc/arm-none-eabi/5.4.1/../../../../arm-none-eabi/lib/armv7-m\libg_nano.a(lib_a-impure.o)
                0x1fff8140                _impure_ptr
                0x1fff8148                . = ALIGN (0x8)
 *fill*         0x1fff8144        0x4 
 *(.ram)
                0x1fff8148                _edata = .

.igot.plt       0x1fff8148        0x0 load address 0x000011d0
 .igot.plt      0x1fff8148        0x0 d:/monash_apps/psoc creator/4.4/psoc creator/import/gnu/arm/5.4.1/bin/../lib/gcc/arm-none-eabi/5.4.1/armv7-m/crtbegin.o

.bss            0x1fff8148       0x38 load address 0x000011d0
                0x1fff8148                PROVIDE (__bss_start__, .)
 *(.shbss)
 *(.bss .bss.* .gnu.linkonce.b.*)
 .bss           0x1fff8148       0x1c d:/monash_apps/psoc creator/4.4/psoc creator/import/gnu/arm/5.4.1/bin/../lib/gcc/arm-none-eabi/5.4.1/armv7-m/crtbegin.o
 .bss           0x1fff8164        0x5 .\CortexM3\ARM_GCC_541\Debug\main.o
                0x1fff8164                value
                0x1fff8168                colour_sensor_ready
 .bss           0x1fff8169        0x2 .\CortexM3\ARM_GCC_541\Debug\TCS3200.a(UART_1.o)
                0x1fff8169                UART_1_initVar
 .bss           0x1fff816b        0x1 .\CortexM3\ARM_GCC_541\Debug\TCS3200.a(PWM_Test_Signal.o)
                0x1fff816b                PWM_Test_Signal_initVar
 .bss           0x1fff816c        0x1 .\CortexM3\ARM_GCC_541\Debug\TCS3200.a(Pulse_counter.o)
                0x1fff816c                Pulse_counter_initVar
 .bss           0x1fff816d        0x1 .\CortexM3\ARM_GCC_541\Debug\TCS3200.a(Count7_1ms.o)
                0x1fff816d                Count7_1ms_initVar
 *fill*         0x1fff816e        0x2 
 .bss.__malloc_sbrk_start
                0x1fff8170        0x4 d:/monash_apps/psoc creator/4.4/psoc creator/import/gnu/arm/5.4.1/bin/../lib/gcc/arm-none-eabi/5.4.1/../../../../arm-none-eabi/lib/armv7-m\libg_nano.a(lib_a-nano-mallocr.o)
                0x1fff8170                __malloc_sbrk_start
 .bss.__malloc_free_list
                0x1fff8174        0x4 d:/monash_apps/psoc creator/4.4/psoc creator/import/gnu/arm/5.4.1/bin/../lib/gcc/arm-none-eabi/5.4.1/../../../../arm-none-eabi/lib/armv7-m\libg_nano.a(lib_a-nano-mallocr.o)
                0x1fff8174                __malloc_free_list
 *(COMMON)
 COMMON         0x1fff8178        0x4 d:/monash_apps/psoc creator/4.4/psoc creator/import/gnu/arm/5.4.1/bin/../lib/gcc/arm-none-eabi/5.4.1/../../../../arm-none-eabi/lib/armv7-m\libg_nano.a(lib_a-reent.o)
                0x1fff8178                errno
                0x1fff8180                . = ALIGN (0x8)
 *fill*         0x1fff817c        0x4 
 *(.ram.b)
                0x1fff8180                _end = .
                0x1fff8180                __end = .
                0x1fff8180                PROVIDE (end, .)
                0x1fff8180                PROVIDE (__bss_end__, .)
                0x00001150                __cy_region_init_ram = LOADADDR (.data)
                0x00000080                __cy_region_init_size_ram = (_edata - ADDR (.data))
                0x00000038                __cy_region_zero_size_ram = (_end - _edata)

.heap           0x1fff8180       0x80 load address 0x000011d0
                0x1fff8180                . = _end
                0x1fff8200                . = (. + 0x80)
 *fill*         0x1fff8180       0x80 
                0x1fff8200                __cy_heap_limit = .

.stack          0x20007800      0x800
                0x20007800                __cy_stack_limit = .
                0x20008000                . = (. + 0x800)
 *fill*         0x20007800      0x800 
                0x00000001                ASSERT ((__cy_stack_limit >= __cy_heap_limit), region RAM overflowed with stack)
                0x00000000                cy_checksum_exclude_size = (CY_APPL_LOADABLE == 0x1)?SIZEOF (.cy_checksum_exclude):0x0
                0x00000001                ASSERT ((cy_checksum_exclude_size <= CY_CHECKSUM_EXCLUDE_SIZE), CY_BOOT: Section .cy_checksum_exclude size exceedes specified limit.)

.cyloadermeta
 *(.cyloadermeta)

.cyloadablemeta
 *(.cyloadablemeta)

.cyconfigecc    0x80000000      0x648
 *(.cyconfigecc)
 .cyconfigecc   0x80000000      0x648 .\CortexM3\ARM_GCC_541\Debug\cymetadata.o
                0x80000000                cy_meta_configecc

.cycustnvl      0x90000000        0x4
 *(.cycustnvl)
 .cycustnvl     0x90000000        0x4 .\CortexM3\ARM_GCC_541\Debug\cymetadata.o
                0x90000000                cy_meta_custnvl

.cywolatch      0x90100000        0x4
 *(.cywolatch)
 .cywolatch     0x90100000        0x4 .\CortexM3\ARM_GCC_541\Debug\cymetadata.o
                0x90100000                cy_meta_wonvl

.cyeeprom       0x90200000        0x0
 *(.cyeeprom)
                0x00000001                ASSERT ((. <= ((0x90200000 + ee_offset) + ee_size)), .cyeeprom data will not fit in EEPROM)

.cyflashprotect
                0x90400000      0x100
 *(.cyflashprotect)
 .cyflashprotect
                0x90400000      0x100 .\CortexM3\ARM_GCC_541\Debug\cymetadata.o
                0x90400000                cy_meta_flashprotect

.cymeta         0x90500000        0xc
 *(.cymeta)
 .cymeta        0x90500000        0xc .\CortexM3\ARM_GCC_541\Debug\cymetadata.o
                0x90500000                cy_metadata

.rel.dyn        0x000011d0        0x0 load address 0x9050000c
 .rel.iplt      0x000011d0        0x0 d:/monash_apps/psoc creator/4.4/psoc creator/import/gnu/arm/5.4.1/bin/../lib/gcc/arm-none-eabi/5.4.1/armv7-m/crtbegin.o

.stab
 *(.stab)

.stabstr
 *(.stabstr)

.debug
 *(.debug)

.line
 *(.line)

.debug_srcinfo
 *(.debug_srcinfo)

.debug_sfnames
 *(.debug_sfnames)

.debug_aranges  0x00000000      0x8f8
 *(.debug_aranges)
 .debug_aranges
                0x00000000       0x30 .\CortexM3\ARM_GCC_541\Debug\main.o
 .debug_aranges
                0x00000030       0x58 .\CortexM3\ARM_GCC_541\Debug\cyfitter_cfg.o
 .debug_aranges
                0x00000088       0x18 .\CortexM3\ARM_GCC_541\Debug\cymetadata.o
 .debug_aranges
                0x000000a0       0x48 .\CortexM3\ARM_GCC_541\Debug\Cm3Start.o
 .debug_aranges
                0x000000e8       0xf0 .\CortexM3\ARM_GCC_541\Debug\TCS3200.a(UART_1.o)
 .debug_aranges
                0x000001d8       0x70 .\CortexM3\ARM_GCC_541\Debug\TCS3200.a(UART_1_IntClock.o)
 .debug_aranges
                0x00000248      0x2a0 .\CortexM3\ARM_GCC_541\Debug\TCS3200.a(CyLib.o)
 .debug_aranges
                0x000004e8       0x98 .\CortexM3\ARM_GCC_541\Debug\TCS3200.a(cyPm.o)
 .debug_aranges
                0x00000580       0x80 .\CortexM3\ARM_GCC_541\Debug\TCS3200.a(PWM_Test_Signal.o)
 .debug_aranges
                0x00000600       0x88 .\CortexM3\ARM_GCC_541\Debug\TCS3200.a(Pulse_counter.o)
 .debug_aranges
                0x00000688       0x80 .\CortexM3\ARM_GCC_541\Debug\TCS3200.a(freq_isr.o)
 .debug_aranges
                0x00000708       0x58 .\CortexM3\ARM_GCC_541\Debug\TCS3200.a(Count7_1ms.o)
 .debug_aranges
                0x00000760       0x38 .\CortexM3\ARM_GCC_541\Debug\TCS3200.a(ColourSensor_S2.o)
 .debug_aranges
                0x00000798       0x38 .\CortexM3\ARM_GCC_541\Debug\TCS3200.a(ColourSensor_S3.o)
 .debug_aranges
                0x000007d0       0x20 .\CortexM3\ARM_GCC_541\Debug\TCS3200.a(CyBootAsmGnu.o)
 .debug_aranges
                0x000007f0       0x88 .\CortexM3\ARM_GCC_541\Debug\TCS3200.a(CyFlash.o)
 .debug_aranges
                0x00000878       0x80 .\CortexM3\ARM_GCC_541\Debug\TCS3200.a(CySpc.o)

.debug_pubnames
 *(.debug_pubnames)

.debug_info     0x00000000     0x4cd4
 *(.debug_info .gnu.linkonce.wi.*)
 .debug_info    0x00000000      0x321 .\CortexM3\ARM_GCC_541\Debug\main.o
 .debug_info    0x00000321      0x5cd .\CortexM3\ARM_GCC_541\Debug\cyfitter_cfg.o
 .debug_info    0x000008ee      0x138 .\CortexM3\ARM_GCC_541\Debug\cymetadata.o
 .debug_info    0x00000a26      0x3bb .\CortexM3\ARM_GCC_541\Debug\Cm3Start.o
 .debug_info    0x00000de1      0x60c .\CortexM3\ARM_GCC_541\Debug\TCS3200.a(UART_1.o)
 .debug_info    0x000013ed      0x283 .\CortexM3\ARM_GCC_541\Debug\TCS3200.a(UART_1_IntClock.o)
 .debug_info    0x00001670     0x1374 .\CortexM3\ARM_GCC_541\Debug\TCS3200.a(CyLib.o)
 .debug_info    0x000029e4      0xa2a .\CortexM3\ARM_GCC_541\Debug\TCS3200.a(cyPm.o)
 .debug_info    0x0000340e      0x293 .\CortexM3\ARM_GCC_541\Debug\TCS3200.a(PWM_Test_Signal.o)
 .debug_info    0x000036a1      0x2f5 .\CortexM3\ARM_GCC_541\Debug\TCS3200.a(Pulse_counter.o)
 .debug_info    0x00003996      0x2d2 .\CortexM3\ARM_GCC_541\Debug\TCS3200.a(freq_isr.o)
 .debug_info    0x00003c68      0x1ec .\CortexM3\ARM_GCC_541\Debug\TCS3200.a(Count7_1ms.o)
 .debug_info    0x00003e54      0x11f .\CortexM3\ARM_GCC_541\Debug\TCS3200.a(ColourSensor_S2.o)
 .debug_info    0x00003f73      0x11f .\CortexM3\ARM_GCC_541\Debug\TCS3200.a(ColourSensor_S3.o)
 .debug_info    0x00004092       0xa5 .\CortexM3\ARM_GCC_541\Debug\TCS3200.a(CyBootAsmGnu.o)
 .debug_info    0x00004137      0x64d .\CortexM3\ARM_GCC_541\Debug\TCS3200.a(CyFlash.o)
 .debug_info    0x00004784      0x550 .\CortexM3\ARM_GCC_541\Debug\TCS3200.a(CySpc.o)

.debug_abbrev   0x00000000     0x1571
 *(.debug_abbrev)
 .debug_abbrev  0x00000000      0x14e .\CortexM3\ARM_GCC_541\Debug\main.o
 .debug_abbrev  0x0000014e      0x20d .\CortexM3\ARM_GCC_541\Debug\cyfitter_cfg.o
 .debug_abbrev  0x0000035b       0x77 .\CortexM3\ARM_GCC_541\Debug\cymetadata.o
 .debug_abbrev  0x000003d2      0x1e8 .\CortexM3\ARM_GCC_541\Debug\Cm3Start.o
 .debug_abbrev  0x000005ba      0x175 .\CortexM3\ARM_GCC_541\Debug\TCS3200.a(UART_1.o)
 .debug_abbrev  0x0000072f      0x139 .\CortexM3\ARM_GCC_541\Debug\TCS3200.a(UART_1_IntClock.o)
 .debug_abbrev  0x00000868      0x254 .\CortexM3\ARM_GCC_541\Debug\TCS3200.a(CyLib.o)
 .debug_abbrev  0x00000abc      0x1ab .\CortexM3\ARM_GCC_541\Debug\TCS3200.a(cyPm.o)
 .debug_abbrev  0x00000c67      0x12d .\CortexM3\ARM_GCC_541\Debug\TCS3200.a(PWM_Test_Signal.o)
 .debug_abbrev  0x00000d94      0x117 .\CortexM3\ARM_GCC_541\Debug\TCS3200.a(Pulse_counter.o)
 .debug_abbrev  0x00000eab      0x173 .\CortexM3\ARM_GCC_541\Debug\TCS3200.a(freq_isr.o)
 .debug_abbrev  0x0000101e       0xe4 .\CortexM3\ARM_GCC_541\Debug\TCS3200.a(Count7_1ms.o)
 .debug_abbrev  0x00001102       0x90 .\CortexM3\ARM_GCC_541\Debug\TCS3200.a(ColourSensor_S2.o)
 .debug_abbrev  0x00001192       0x90 .\CortexM3\ARM_GCC_541\Debug\TCS3200.a(ColourSensor_S3.o)
 .debug_abbrev  0x00001222       0x14 .\CortexM3\ARM_GCC_541\Debug\TCS3200.a(CyBootAsmGnu.o)
 .debug_abbrev  0x00001236      0x1a7 .\CortexM3\ARM_GCC_541\Debug\TCS3200.a(CyFlash.o)
 .debug_abbrev  0x000013dd      0x194 .\CortexM3\ARM_GCC_541\Debug\TCS3200.a(CySpc.o)

.debug_line     0x00000000     0x223b
 *(.debug_line)
 .debug_line    0x00000000      0x27f .\CortexM3\ARM_GCC_541\Debug\main.o
 .debug_line    0x0000027f      0x1eb .\CortexM3\ARM_GCC_541\Debug\cyfitter_cfg.o
 .debug_line    0x0000046a      0x121 .\CortexM3\ARM_GCC_541\Debug\cymetadata.o
 .debug_line    0x0000058b      0x214 .\CortexM3\ARM_GCC_541\Debug\Cm3Start.o
 .debug_line    0x0000079f      0x2c0 .\CortexM3\ARM_GCC_541\Debug\TCS3200.a(UART_1.o)
 .debug_line    0x00000a5f      0x17e .\CortexM3\ARM_GCC_541\Debug\TCS3200.a(UART_1_IntClock.o)
 .debug_line    0x00000bdd      0x816 .\CortexM3\ARM_GCC_541\Debug\TCS3200.a(CyLib.o)
 .debug_line    0x000013f3      0x367 .\CortexM3\ARM_GCC_541\Debug\TCS3200.a(cyPm.o)
 .debug_line    0x0000175a      0x147 .\CortexM3\ARM_GCC_541\Debug\TCS3200.a(PWM_Test_Signal.o)
 .debug_line    0x000018a1      0x161 .\CortexM3\ARM_GCC_541\Debug\TCS3200.a(Pulse_counter.o)
 .debug_line    0x00001a02      0x135 .\CortexM3\ARM_GCC_541\Debug\TCS3200.a(freq_isr.o)
 .debug_line    0x00001b37       0xec .\CortexM3\ARM_GCC_541\Debug\TCS3200.a(Count7_1ms.o)
 .debug_line    0x00001c23       0x9c .\CortexM3\ARM_GCC_541\Debug\TCS3200.a(ColourSensor_S2.o)
 .debug_line    0x00001cbf       0x9c .\CortexM3\ARM_GCC_541\Debug\TCS3200.a(ColourSensor_S3.o)
 .debug_line    0x00001d5b       0x66 .\CortexM3\ARM_GCC_541\Debug\TCS3200.a(CyBootAsmGnu.o)
 .debug_line    0x00001dc1      0x21a .\CortexM3\ARM_GCC_541\Debug\TCS3200.a(CyFlash.o)
 .debug_line    0x00001fdb      0x260 .\CortexM3\ARM_GCC_541\Debug\TCS3200.a(CySpc.o)

.debug_frame    0x00000000     0x19bc
 *(.debug_frame)
 .debug_frame   0x00000000       0x64 .\CortexM3\ARM_GCC_541\Debug\main.o
 .debug_frame   0x00000064       0xe4 .\CortexM3\ARM_GCC_541\Debug\cyfitter_cfg.o
 .debug_frame   0x00000148       0xb8 .\CortexM3\ARM_GCC_541\Debug\Cm3Start.o
 .debug_frame   0x00000200      0x250 .\CortexM3\ARM_GCC_541\Debug\TCS3200.a(UART_1.o)
 .debug_frame   0x00000450       0xe0 .\CortexM3\ARM_GCC_541\Debug\TCS3200.a(UART_1_IntClock.o)
 .debug_frame   0x00000530      0x738 .\CortexM3\ARM_GCC_541\Debug\TCS3200.a(CyLib.o)
 .debug_frame   0x00000c68      0x1f8 .\CortexM3\ARM_GCC_541\Debug\TCS3200.a(cyPm.o)
 .debug_frame   0x00000e60       0xf8 .\CortexM3\ARM_GCC_541\Debug\TCS3200.a(PWM_Test_Signal.o)
 .debug_frame   0x00000f58      0x114 .\CortexM3\ARM_GCC_541\Debug\TCS3200.a(Pulse_counter.o)
 .debug_frame   0x0000106c      0x104 .\CortexM3\ARM_GCC_541\Debug\TCS3200.a(freq_isr.o)
 .debug_frame   0x00001170       0xb4 .\CortexM3\ARM_GCC_541\Debug\TCS3200.a(Count7_1ms.o)
 .debug_frame   0x00001224       0x50 .\CortexM3\ARM_GCC_541\Debug\TCS3200.a(ColourSensor_S2.o)
 .debug_frame   0x00001274       0x50 .\CortexM3\ARM_GCC_541\Debug\TCS3200.a(ColourSensor_S3.o)
 .debug_frame   0x000012c4      0x194 .\CortexM3\ARM_GCC_541\Debug\TCS3200.a(CyFlash.o)
 .debug_frame   0x00001458      0x180 .\CortexM3\ARM_GCC_541\Debug\TCS3200.a(CySpc.o)
 .debug_frame   0x000015d8       0x20 d:/monash_apps/psoc creator/4.4/psoc creator/import/gnu/arm/5.4.1/bin/../lib/gcc/arm-none-eabi/5.4.1/../../../../arm-none-eabi/lib/armv7-m\libg_nano.a(lib_a-errno.o)
 .debug_frame   0x000015f8       0x28 d:/monash_apps/psoc creator/4.4/psoc creator/import/gnu/arm/5.4.1/bin/../lib/gcc/arm-none-eabi/5.4.1/../../../../arm-none-eabi/lib/armv7-m\libg_nano.a(lib_a-exit.o)
 .debug_frame   0x00001620       0x2c d:/monash_apps/psoc creator/4.4/psoc creator/import/gnu/arm/5.4.1/bin/../lib/gcc/arm-none-eabi/5.4.1/../../../../arm-none-eabi/lib/armv7-m\libg_nano.a(lib_a-init.o)
 .debug_frame   0x0000164c       0x28 d:/monash_apps/psoc creator/4.4/psoc creator/import/gnu/arm/5.4.1/bin/../lib/gcc/arm-none-eabi/5.4.1/../../../../arm-none-eabi/lib/armv7-m\libg_nano.a(lib_a-memcpy-stub.o)
 .debug_frame   0x00001674       0x20 d:/monash_apps/psoc creator/4.4/psoc creator/import/gnu/arm/5.4.1/bin/../lib/gcc/arm-none-eabi/5.4.1/../../../../arm-none-eabi/lib/armv7-m\libg_nano.a(lib_a-memset.o)
 .debug_frame   0x00001694       0x70 d:/monash_apps/psoc creator/4.4/psoc creator/import/gnu/arm/5.4.1/bin/../lib/gcc/arm-none-eabi/5.4.1/../../../../arm-none-eabi/lib/armv7-m\libg_nano.a(lib_a-sprintf.o)
 .debug_frame   0x00001704       0x90 d:/monash_apps/psoc creator/4.4/psoc creator/import/gnu/arm/5.4.1/bin/../lib/gcc/arm-none-eabi/5.4.1/../../../../arm-none-eabi/lib/armv7-m\libg_nano.a(lib_a-nano-svfprintf.o)
 .debug_frame   0x00001794       0x60 d:/monash_apps/psoc creator/4.4/psoc creator/import/gnu/arm/5.4.1/bin/../lib/gcc/arm-none-eabi/5.4.1/../../../../arm-none-eabi/lib/armv7-m\libg_nano.a(lib_a-nano-vfprintf_i.o)
 .debug_frame   0x000017f4       0x28 d:/monash_apps/psoc creator/4.4/psoc creator/import/gnu/arm/5.4.1/bin/../lib/gcc/arm-none-eabi/5.4.1/../../../../arm-none-eabi/lib/armv7-m\libg_nano.a(lib_a-memchr-stub.o)
 .debug_frame   0x0000181c       0x28 d:/monash_apps/psoc creator/4.4/psoc creator/import/gnu/arm/5.4.1/bin/../lib/gcc/arm-none-eabi/5.4.1/../../../../arm-none-eabi/lib/armv7-m\libg_nano.a(lib_a-memmove.o)
 .debug_frame   0x00001844       0x38 d:/monash_apps/psoc creator/4.4/psoc creator/import/gnu/arm/5.4.1/bin/../lib/gcc/arm-none-eabi/5.4.1/../../../../arm-none-eabi/lib/armv7-m\libg_nano.a(lib_a-nano-freer.o)
 .debug_frame   0x0000187c       0x2c d:/monash_apps/psoc creator/4.4/psoc creator/import/gnu/arm/5.4.1/bin/../lib/gcc/arm-none-eabi/5.4.1/../../../../arm-none-eabi/lib/armv7-m\libg_nano.a(lib_a-nano-mallocr.o)
 .debug_frame   0x000018a8       0x3c d:/monash_apps/psoc creator/4.4/psoc creator/import/gnu/arm/5.4.1/bin/../lib/gcc/arm-none-eabi/5.4.1/../../../../arm-none-eabi/lib/armv7-m\libg_nano.a(lib_a-nano-reallocr.o)
 .debug_frame   0x000018e4       0x2c d:/monash_apps/psoc creator/4.4/psoc creator/import/gnu/arm/5.4.1/bin/../lib/gcc/arm-none-eabi/5.4.1/../../../../arm-none-eabi/lib/armv7-m\libg_nano.a(lib_a-sbrkr.o)
 .debug_frame   0x00001910       0x30 d:/monash_apps/psoc creator/4.4/psoc creator/import/gnu/arm/5.4.1/bin/../lib/gcc/arm-none-eabi/5.4.1/../../../../arm-none-eabi/lib/armv7-m\libg_nano.a(lib_a-mlock.o)
 .debug_frame   0x00001940       0x20 d:/monash_apps/psoc creator/4.4/psoc creator/import/gnu/arm/5.4.1/bin/../lib/gcc/arm-none-eabi/5.4.1/../../../../arm-none-eabi/lib/armv7-m\libg_nano.a(lib_a-nano-msizer.o)
 .debug_frame   0x00001960       0x5c d:/monash_apps/psoc creator/4.4/psoc creator/import/gnu/arm/5.4.1/bin/../lib/gcc/arm-none-eabi/5.4.1/../../../../arm-none-eabi/lib/armv7-m\libg_nano.a(lib_a-reent.o)

.debug_str      0x00000000     0x1e71
 *(.debug_str)
 .debug_str     0x00000000      0x2aa .\CortexM3\ARM_GCC_541\Debug\main.o
                                0x2f2 (size before relaxing)
 .debug_str     0x000002aa      0x1af .\CortexM3\ARM_GCC_541\Debug\cyfitter_cfg.o
                                0x359 (size before relaxing)
 .debug_str     0x00000459       0x7f .\CortexM3\ARM_GCC_541\Debug\cymetadata.o
                                0x1f9 (size before relaxing)
 .debug_str     0x000004d8      0x144 .\CortexM3\ARM_GCC_541\Debug\Cm3Start.o
                                0x31f (size before relaxing)
 .debug_str     0x0000061c      0x2f4 .\CortexM3\ARM_GCC_541\Debug\TCS3200.a(UART_1.o)
                                0x4c8 (size before relaxing)
 .debug_str     0x00000910      0x19d .\CortexM3\ARM_GCC_541\Debug\TCS3200.a(UART_1_IntClock.o)
                                0x363 (size before relaxing)
 .debug_str     0x00000aad      0x805 .\CortexM3\ARM_GCC_541\Debug\TCS3200.a(CyLib.o)
                                0xa5c (size before relaxing)
 .debug_str     0x000012b2      0x365 .\CortexM3\ARM_GCC_541\Debug\TCS3200.a(cyPm.o)
                                0x748 (size before relaxing)
 .debug_str     0x00001617      0x1b3 .\CortexM3\ARM_GCC_541\Debug\TCS3200.a(PWM_Test_Signal.o)
                                0x379 (size before relaxing)
 .debug_str     0x000017ca      0x199 .\CortexM3\ARM_GCC_541\Debug\TCS3200.a(Pulse_counter.o)
                                0x3b3 (size before relaxing)
 .debug_str     0x00001963       0xe9 .\CortexM3\ARM_GCC_541\Debug\TCS3200.a(freq_isr.o)
                                0x2e5 (size before relaxing)
 .debug_str     0x00001a4c       0xc5 .\CortexM3\ARM_GCC_541\Debug\TCS3200.a(Count7_1ms.o)
                                0x2ba (size before relaxing)
 .debug_str     0x00001b11       0x82 .\CortexM3\ARM_GCC_541\Debug\TCS3200.a(ColourSensor_S2.o)
                                0x229 (size before relaxing)
 .debug_str     0x00001b93       0x77 .\CortexM3\ARM_GCC_541\Debug\TCS3200.a(ColourSensor_S3.o)
                                0x229 (size before relaxing)
 .debug_str     0x00001c0a      0x1bb .\CortexM3\ARM_GCC_541\Debug\TCS3200.a(CyFlash.o)
                                0x3d5 (size before relaxing)
 .debug_str     0x00001dc5       0xac .\CortexM3\ARM_GCC_541\Debug\TCS3200.a(CySpc.o)
                                0x34d (size before relaxing)

.debug_loc      0x00000000     0x1fbb
 *(.debug_loc)
 .debug_loc     0x00000000       0x7c .\CortexM3\ARM_GCC_541\Debug\main.o
 .debug_loc     0x0000007c      0x288 .\CortexM3\ARM_GCC_541\Debug\cyfitter_cfg.o
 .debug_loc     0x00000304      0x144 .\CortexM3\ARM_GCC_541\Debug\Cm3Start.o
 .debug_loc     0x00000448      0x258 .\CortexM3\ARM_GCC_541\Debug\TCS3200.a(UART_1.o)
 .debug_loc     0x000006a0      0x128 .\CortexM3\ARM_GCC_541\Debug\TCS3200.a(UART_1_IntClock.o)
 .debug_loc     0x000007c8      0xa11 .\CortexM3\ARM_GCC_541\Debug\TCS3200.a(CyLib.o)
 .debug_loc     0x000011d9      0x1e4 .\CortexM3\ARM_GCC_541\Debug\TCS3200.a(cyPm.o)
 .debug_loc     0x000013bd       0x13 .\CortexM3\ARM_GCC_541\Debug\TCS3200.a(PWM_Test_Signal.o)
 .debug_loc     0x000013d0       0x13 .\CortexM3\ARM_GCC_541\Debug\TCS3200.a(Pulse_counter.o)
 .debug_loc     0x000013e3       0x56 .\CortexM3\ARM_GCC_541\Debug\TCS3200.a(freq_isr.o)
 .debug_loc     0x00001439       0x47 .\CortexM3\ARM_GCC_541\Debug\TCS3200.a(Count7_1ms.o)
 .debug_loc     0x00001480       0x42 .\CortexM3\ARM_GCC_541\Debug\TCS3200.a(ColourSensor_S2.o)
 .debug_loc     0x000014c2       0x42 .\CortexM3\ARM_GCC_541\Debug\TCS3200.a(ColourSensor_S3.o)
 .debug_loc     0x00001504      0x3b2 .\CortexM3\ARM_GCC_541\Debug\TCS3200.a(CyFlash.o)
 .debug_loc     0x000018b6      0x705 .\CortexM3\ARM_GCC_541\Debug\TCS3200.a(CySpc.o)

.debug_macinfo
 *(.debug_macinfo)

.debug_ranges   0x00000000      0x7d0
 *(.debug_ranges)
 .debug_ranges  0x00000000       0x20 .\CortexM3\ARM_GCC_541\Debug\main.o
 .debug_ranges  0x00000020       0x48 .\CortexM3\ARM_GCC_541\Debug\cyfitter_cfg.o
 .debug_ranges  0x00000068       0x38 .\CortexM3\ARM_GCC_541\Debug\Cm3Start.o
 .debug_ranges  0x000000a0       0xe0 .\CortexM3\ARM_GCC_541\Debug\TCS3200.a(UART_1.o)
 .debug_ranges  0x00000180       0x60 .\CortexM3\ARM_GCC_541\Debug\TCS3200.a(UART_1_IntClock.o)
 .debug_ranges  0x000001e0      0x290 .\CortexM3\ARM_GCC_541\Debug\TCS3200.a(CyLib.o)
 .debug_ranges  0x00000470       0x88 .\CortexM3\ARM_GCC_541\Debug\TCS3200.a(cyPm.o)
 .debug_ranges  0x000004f8       0x70 .\CortexM3\ARM_GCC_541\Debug\TCS3200.a(PWM_Test_Signal.o)
 .debug_ranges  0x00000568       0x78 .\CortexM3\ARM_GCC_541\Debug\TCS3200.a(Pulse_counter.o)
 .debug_ranges  0x000005e0       0x70 .\CortexM3\ARM_GCC_541\Debug\TCS3200.a(freq_isr.o)
 .debug_ranges  0x00000650       0x48 .\CortexM3\ARM_GCC_541\Debug\TCS3200.a(Count7_1ms.o)
 .debug_ranges  0x00000698       0x28 .\CortexM3\ARM_GCC_541\Debug\TCS3200.a(ColourSensor_S2.o)
 .debug_ranges  0x000006c0       0x28 .\CortexM3\ARM_GCC_541\Debug\TCS3200.a(ColourSensor_S3.o)
 .debug_ranges  0x000006e8       0x78 .\CortexM3\ARM_GCC_541\Debug\TCS3200.a(CyFlash.o)
 .debug_ranges  0x00000760       0x70 .\CortexM3\ARM_GCC_541\Debug\TCS3200.a(CySpc.o)

.comment        0x00000000       0x6e
 .comment       0x00000000       0x6e .\CortexM3\ARM_GCC_541\Debug\main.o
                                 0x6f (size before relaxing)
 .comment       0x0000006e       0x6f .\CortexM3\ARM_GCC_541\Debug\cyfitter_cfg.o
 .comment       0x0000006e       0x6f .\CortexM3\ARM_GCC_541\Debug\cymetadata.o
 .comment       0x0000006e       0x6f .\CortexM3\ARM_GCC_541\Debug\Cm3Start.o
 .comment       0x0000006e       0x6f .\CortexM3\ARM_GCC_541\Debug\TCS3200.a(UART_1.o)
 .comment       0x0000006e       0x6f .\CortexM3\ARM_GCC_541\Debug\TCS3200.a(UART_1_IntClock.o)
 .comment       0x0000006e       0x6f .\CortexM3\ARM_GCC_541\Debug\TCS3200.a(CyLib.o)
 .comment       0x0000006e       0x6f .\CortexM3\ARM_GCC_541\Debug\TCS3200.a(cyPm.o)
 .comment       0x0000006e       0x6f .\CortexM3\ARM_GCC_541\Debug\TCS3200.a(PWM_Test_Signal.o)
 .comment       0x0000006e       0x6f .\CortexM3\ARM_GCC_541\Debug\TCS3200.a(Pulse_counter.o)
 .comment       0x0000006e       0x6f .\CortexM3\ARM_GCC_541\Debug\TCS3200.a(freq_isr.o)
 .comment       0x0000006e       0x6f .\CortexM3\ARM_GCC_541\Debug\TCS3200.a(Count7_1ms.o)
 .comment       0x0000006e       0x6f .\CortexM3\ARM_GCC_541\Debug\TCS3200.a(ColourSensor_S2.o)
 .comment       0x0000006e       0x6f .\CortexM3\ARM_GCC_541\Debug\TCS3200.a(ColourSensor_S3.o)
 .comment       0x0000006e       0x6f .\CortexM3\ARM_GCC_541\Debug\TCS3200.a(CyFlash.o)
 .comment       0x0000006e       0x6f .\CortexM3\ARM_GCC_541\Debug\TCS3200.a(CySpc.o)

.debug_weaknames
 *(.debug_weaknames)

.debug_funcnames
 *(.debug_funcnames)

.debug_typenames
 *(.debug_typenames)

.debug_varnames
 *(.debug_varnames)

.note.gnu.arm.ident
 *(.note.gnu.arm.ident)

.ARM.attributes
                0x00000000       0x29
 *(.ARM.attributes)
 .ARM.attributes
                0x00000000       0x1d d:/monash_apps/psoc creator/4.4/psoc creator/import/gnu/arm/5.4.1/bin/../lib/gcc/arm-none-eabi/5.4.1/armv7-m/crti.o
 .ARM.attributes
                0x0000001d       0x2d d:/monash_apps/psoc creator/4.4/psoc creator/import/gnu/arm/5.4.1/bin/../lib/gcc/arm-none-eabi/5.4.1/armv7-m/crtbegin.o
 .ARM.attributes
                0x0000004a       0x1b d:/monash_apps/psoc creator/4.4/psoc creator/import/gnu/arm/5.4.1/bin/../lib/gcc/arm-none-eabi/5.4.1/../../../../arm-none-eabi/lib/armv7-m/crt0.o
 .ARM.attributes
                0x00000065       0x33 .\CortexM3\ARM_GCC_541\Debug\main.o
 .ARM.attributes
                0x00000098       0x33 .\CortexM3\ARM_GCC_541\Debug\cyfitter_cfg.o
 .ARM.attributes
                0x000000cb       0x33 .\CortexM3\ARM_GCC_541\Debug\cymetadata.o
 .ARM.attributes
                0x000000fe       0x33 .\CortexM3\ARM_GCC_541\Debug\Cm3Start.o
 .ARM.attributes
                0x00000131       0x33 .\CortexM3\ARM_GCC_541\Debug\TCS3200.a(UART_1.o)
 .ARM.attributes
                0x00000164       0x33 .\CortexM3\ARM_GCC_541\Debug\TCS3200.a(UART_1_IntClock.o)
 .ARM.attributes
                0x00000197       0x33 .\CortexM3\ARM_GCC_541\Debug\TCS3200.a(CyLib.o)
 .ARM.attributes
                0x000001ca       0x33 .\CortexM3\ARM_GCC_541\Debug\TCS3200.a(cyPm.o)
 .ARM.attributes
                0x000001fd       0x33 .\CortexM3\ARM_GCC_541\Debug\TCS3200.a(PWM_Test_Signal.o)
 .ARM.attributes
                0x00000230       0x33 .\CortexM3\ARM_GCC_541\Debug\TCS3200.a(Pulse_counter.o)
 .ARM.attributes
                0x00000263       0x33 .\CortexM3\ARM_GCC_541\Debug\TCS3200.a(freq_isr.o)
 .ARM.attributes
                0x00000296       0x33 .\CortexM3\ARM_GCC_541\Debug\TCS3200.a(Count7_1ms.o)
 .ARM.attributes
                0x000002c9       0x33 .\CortexM3\ARM_GCC_541\Debug\TCS3200.a(ColourSensor_S2.o)
 .ARM.attributes
                0x000002fc       0x33 .\CortexM3\ARM_GCC_541\Debug\TCS3200.a(ColourSensor_S3.o)
 .ARM.attributes
                0x0000032f       0x21 .\CortexM3\ARM_GCC_541\Debug\TCS3200.a(CyBootAsmGnu.o)
 .ARM.attributes
                0x00000350       0x33 .\CortexM3\ARM_GCC_541\Debug\TCS3200.a(CyFlash.o)
 .ARM.attributes
                0x00000383       0x33 .\CortexM3\ARM_GCC_541\Debug\TCS3200.a(CySpc.o)
 .ARM.attributes
                0x000003b6       0x2d d:/monash_apps/psoc creator/4.4/psoc creator/import/gnu/arm/5.4.1/bin/../lib/gcc/arm-none-eabi/5.4.1/../../../../arm-none-eabi/lib/armv7-m\libg_nano.a(lib_a-errno.o)
 .ARM.attributes
                0x000003e3       0x2d d:/monash_apps/psoc creator/4.4/psoc creator/import/gnu/arm/5.4.1/bin/../lib/gcc/arm-none-eabi/5.4.1/../../../../arm-none-eabi/lib/armv7-m\libg_nano.a(lib_a-exit.o)
 .ARM.attributes
                0x00000410       0x2d d:/monash_apps/psoc creator/4.4/psoc creator/import/gnu/arm/5.4.1/bin/../lib/gcc/arm-none-eabi/5.4.1/../../../../arm-none-eabi/lib/armv7-m\libg_nano.a(lib_a-impure.o)
 .ARM.attributes
                0x0000043d       0x2d d:/monash_apps/psoc creator/4.4/psoc creator/import/gnu/arm/5.4.1/bin/../lib/gcc/arm-none-eabi/5.4.1/../../../../arm-none-eabi/lib/armv7-m\libg_nano.a(lib_a-init.o)
 .ARM.attributes
                0x0000046a       0x2d d:/monash_apps/psoc creator/4.4/psoc creator/import/gnu/arm/5.4.1/bin/../lib/gcc/arm-none-eabi/5.4.1/../../../../arm-none-eabi/lib/armv7-m\libg_nano.a(lib_a-memcpy-stub.o)
 .ARM.attributes
                0x00000497       0x2d d:/monash_apps/psoc creator/4.4/psoc creator/import/gnu/arm/5.4.1/bin/../lib/gcc/arm-none-eabi/5.4.1/../../../../arm-none-eabi/lib/armv7-m\libg_nano.a(lib_a-memset.o)
 .ARM.attributes
                0x000004c4       0x2d d:/monash_apps/psoc creator/4.4/psoc creator/import/gnu/arm/5.4.1/bin/../lib/gcc/arm-none-eabi/5.4.1/../../../../arm-none-eabi/lib/armv7-m\libg_nano.a(lib_a-sprintf.o)
 .ARM.attributes
                0x000004f1       0x2d d:/monash_apps/psoc creator/4.4/psoc creator/import/gnu/arm/5.4.1/bin/../lib/gcc/arm-none-eabi/5.4.1/../../../../arm-none-eabi/lib/armv7-m\libg_nano.a(lib_a-nano-svfprintf.o)
 .ARM.attributes
                0x0000051e       0x2d d:/monash_apps/psoc creator/4.4/psoc creator/import/gnu/arm/5.4.1/bin/../lib/gcc/arm-none-eabi/5.4.1/../../../../arm-none-eabi/lib/armv7-m\libg_nano.a(lib_a-nano-vfprintf_i.o)
 .ARM.attributes
                0x0000054b       0x2d d:/monash_apps/psoc creator/4.4/psoc creator/import/gnu/arm/5.4.1/bin/../lib/gcc/arm-none-eabi/5.4.1/../../../../arm-none-eabi/lib/armv7-m\libg_nano.a(lib_a-memchr-stub.o)
 .ARM.attributes
                0x00000578       0x2d d:/monash_apps/psoc creator/4.4/psoc creator/import/gnu/arm/5.4.1/bin/../lib/gcc/arm-none-eabi/5.4.1/../../../../arm-none-eabi/lib/armv7-m\libg_nano.a(lib_a-memmove.o)
 .ARM.attributes
                0x000005a5       0x2d d:/monash_apps/psoc creator/4.4/psoc creator/import/gnu/arm/5.4.1/bin/../lib/gcc/arm-none-eabi/5.4.1/../../../../arm-none-eabi/lib/armv7-m\libg_nano.a(lib_a-nano-freer.o)
 .ARM.attributes
                0x000005d2       0x2d d:/monash_apps/psoc creator/4.4/psoc creator/import/gnu/arm/5.4.1/bin/../lib/gcc/arm-none-eabi/5.4.1/../../../../arm-none-eabi/lib/armv7-m\libg_nano.a(lib_a-nano-mallocr.o)
 .ARM.attributes
                0x000005ff       0x2d d:/monash_apps/psoc creator/4.4/psoc creator/import/gnu/arm/5.4.1/bin/../lib/gcc/arm-none-eabi/5.4.1/../../../../arm-none-eabi/lib/armv7-m\libg_nano.a(lib_a-nano-reallocr.o)
 .ARM.attributes
                0x0000062c       0x2d d:/monash_apps/psoc creator/4.4/psoc creator/import/gnu/arm/5.4.1/bin/../lib/gcc/arm-none-eabi/5.4.1/../../../../arm-none-eabi/lib/armv7-m\libg_nano.a(lib_a-sbrkr.o)
 .ARM.attributes
                0x00000659       0x2d d:/monash_apps/psoc creator/4.4/psoc creator/import/gnu/arm/5.4.1/bin/../lib/gcc/arm-none-eabi/5.4.1/../../../../arm-none-eabi/lib/armv7-m\libg_nano.a(lib_a-mlock.o)
 .ARM.attributes
                0x00000686       0x2d d:/monash_apps/psoc creator/4.4/psoc creator/import/gnu/arm/5.4.1/bin/../lib/gcc/arm-none-eabi/5.4.1/../../../../arm-none-eabi/lib/armv7-m\libg_nano.a(lib_a-nano-msizer.o)
 .ARM.attributes
                0x000006b3       0x2d d:/monash_apps/psoc creator/4.4/psoc creator/import/gnu/arm/5.4.1/bin/../lib/gcc/arm-none-eabi/5.4.1/../../../../arm-none-eabi/lib/armv7-m\libg_nano.a(lib_a-reent.o)
 .ARM.attributes
                0x000006e0       0x2d d:/monash_apps/psoc creator/4.4/psoc creator/import/gnu/arm/5.4.1/bin/../lib/gcc/arm-none-eabi/5.4.1/armv7-m/crtend.o
 .ARM.attributes
                0x0000070d       0x1d d:/monash_apps/psoc creator/4.4/psoc creator/import/gnu/arm/5.4.1/bin/../lib/gcc/arm-none-eabi/5.4.1/armv7-m/crtn.o

/DISCARD/
 *(.note.GNU-stack)
OUTPUT(D:\Monash - Legion\Y4S1\ECE4191\ECE4191-G3\PSoC components\Colour_Sensor\TCS3200.cydsn\CortexM3\ARM_GCC_541\Debug\TCS3200.elf elf32-littlearm)
